12-09 11:55:13.363  1069  1821 D PerformanceDatabaseControl: querymem pkgName = com.example.stripeterminalreactnative
12-09 11:55:13.364  1069  1821 D PerformanceDatabaseControl: querycount pkgName = com.example.stripeterminalreactnative
12-09 11:55:13.364  1069  1821 D PerformanceDatabaseControl: updateDatabase pkgName = com.example.stripeterminalreactnative
12-09 11:55:13.439  1069  1294 D ActivityManager: freezing 23494 com.boonskioskm2_v78
12-09 11:55:13.441  1069  1294 D ActivityManager: freezing 24068 com.google.android.webview:sandboxed_process0:org.chromium.content.app.SandboxedProcessService0:3
12-09 11:55:13.442  1069  1294 D ActivityManager: freezing 1740 com.google.android.permissioncontroller
12-09 11:55:13.443  1069  1294 D ActivityManager: freezing 18099 com.android.chrome
12-09 11:55:13.444  1069  1294 D ActivityManager: freezing 15906 com.google.android.apps.tachyon
12-09 11:55:13.445  1069  1294 D ActivityManager: freezing 18649 com.android.rkpdapp
12-09 11:55:13.446  1069  1294 D ActivityManager: freezing 18164 com.google.android.adservices.api
12-09 11:55:13.446  1069  1294 D ActivityManager: freezing 17663 com.android.settings.intelligence
12-09 11:55:13.447  1069  1294 D ActivityManager: freezing 18032 com.google.android.marvin.talkback
12-09 11:55:13.862  1069  1209 D CompatibilityChangeReporter: Compat change id reported: 168936375; UID 10276; state: ENABLED
12-09 11:55:13.865  1069  1724 D PowerController.RecogA: packageName:com.example.stripeterminalreactnative mFgEvent:SYSTEM_INTERACTION mLastTimeFgEventChanged:328721428 mLastLaunchTime:328721425 mProcState:PROCESS_STATE_TOP mLastTimeProcStateChanged:328721426 mNotificationState:0 mLastTimeNotificationStateChanged:0 mAudioState:0 mLastTimeAudioStateChanged:0 mRequestGps:true mAvoidConstraintGps:false mBehaviorType:0 mScreenOn:true mLastTimeScreenStateChanged:322059894 mLastBgTime:328648090 mFgDuration:875781 mAudioDuration:0 mBgAudioDuration:0 mHasNoClearNotificationWhenNavi:false
12-09 11:55:13.866  1069  1209 D CompatibilityChangeReporter: Compat change id reported: 73144566; UID 10276; state: ENABLED
12-09 11:55:13.875  1069  3098 D ActivityManager: sync unfroze 18649 com.android.rkpdapp for 6
12-09 11:55:14.305  1069  1228 W ProcessStats: Tracking association SourceState{85a8609 com.google.android.gms.persistent/10142 BFgs #105302} whose proc state 4 is better than process ProcessState{3b4c678 com.google.android.gms/10142 pkg=com.google.android.gms} proc state 8 (466 skipped)
12-09 11:55:15.356  1069  1294 D ActivityManager: freezing 19433 com.google.android.calendar
12-09 11:55:19.497  1069  3098 D CompatibilityChangeReporter: Compat change id reported: 261072174; UID 10143; state: ENABLED
12-09 11:55:22.541  1069  1299 D AlarmManager: waitForAlarm result:4currentTime=1765310122541, elapsedRealtime=328740269
12-09 11:55:22.544  1069  1299 V BroadcastQueue: Enqueuing BroadcastRecord{fca51ae com.google.android.gms.gcm.HEARTBEAT_ALARM/u0} from uid 10142 pid -1 for 1 receivers
12-09 11:55:22.547  1069  1299 D AlarmManager: sending alarm.type = 2, action = com.google.android.gms.gcm.HEARTBEAT_ALARM, alarm = Alarm{89bfb4f type 2 origWhen 328740269 whenElapsed 328740269 com.google.android.gms}, cn = null, operation = PendingIntent{7a86e99: PendingIntentRecord{e845e2c com.google.android.gms/com.google.android.gms.gcm broadcastIntent}}, listener=null, listenerTag=null, workSource=null
12-09 11:55:22.552  1069  3095 D BroadcastQueue: Receiver BroadcastFilter{8cfc10c 10142/u0 ReceiverList{b8385e 26935 com.google.android.gms.persistent/10142/u0 remote:d22d99}} finished with BroadcastRecord{fca51ae com.google.android.gms.gcm.HEARTBEAT_ALARM/u0} took 6ms
12-09 11:55:22.560  1069  1774 V AlarmManager: set(PendingIntent{f1642dc: PendingIntentRecord{e845e2c com.google.android.gms/com.google.android.gms.gcm broadcastIntent}}) : type=2 listener=null listenerTag=null workSource=null callingPackage=com.google.android.gms callingUid=10142 triggerAtTime=328800286 win=0 tElapsed=328800286 maxElapsed=328800286 interval=0 flags=0x21
12-09 11:55:22.617  1069  1774 D ActivityManager: Skip enqueue broadcast because no receiver with Intent { act=com.google.android.gcm.DISCONNECTED flg=0x10 (has extras) }
12-09 11:55:22.791  1069  3095 V AlarmManager: set(PendingIntent{46fd6b: PendingIntentRecord{e845e2c com.google.android.gms/com.google.android.gms.gcm broadcastIntent}}) : type=2 listener=null listenerTag=null workSource=null callingPackage=com.google.android.gms callingUid=10142 triggerAtTime=329100517 win=0 tElapsed=329100517 maxElapsed=329100517 interval=0 flags=0x21
12-09 11:55:22.844  1069  3095 V AlarmManager: set(PendingIntent{b32b0c8: PendingIntentRecord{e845e2c com.google.android.gms/com.google.android.gms.gcm broadcastIntent}}) : type=2 listener=null listenerTag=null workSource=null callingPackage=com.google.android.gms callingUid=10142 triggerAtTime=329100571 win=0 tElapsed=329100571 maxElapsed=329100571 interval=0 flags=0x21
12-09 11:55:22.849  1069  3095 D ActivityManager: Skip enqueue broadcast because no receiver with Intent { act=com.google.android.gcm.CONNECTED flg=0x10 (has extras) }
12-09 11:55:22.854  1069  3095 V AlarmManager: set(PendingIntent{9226561: PendingIntentRecord{e845e2c com.google.android.gms/com.google.android.gms.gcm broadcastIntent}}) : type=2 listener=null listenerTag=null workSource=null callingPackage=com.google.android.gms callingUid=10142 triggerAtTime=329100580 win=0 tElapsed=329100580 maxElapsed=329100580 interval=0 flags=0x21
12-09 11:55:23.943  1069  1294 D ActivityManager: freezing 18649 com.android.rkpdapp
12-09 11:55:25.027   393 19736 I keystore2: system/security/keystore2/src/watchdog.rs:319 - Watchdog thread idle -> terminating. Have a great day.
12-09 11:55:31.704  1069  1294 D ActivityManager: freezing 11793 com.google.android.gms
12-09 11:55:36.301  1069  3098 D ActivityManager: Skip enqueue broadcast because no receiver with Intent { act=com.google.android.systemui.OPA_ENABLED flg=0x10000010 (has extras) }
12-09 11:55:36.304  1069  3098 D ActivityManager: Skip enqueue broadcast because no receiver with Intent { act=com.google.android.systemui.OPA_USER_ENABLED flg=0x10000010 (has extras) }
12-09 11:55:37.388  1069  1309 D hf_sar  : sendBroadcastSar1Up()
12-09 11:55:37.388  1069  1309 W ContextImpl: Calling a method in the system process without a qualified user: android.app.ContextImpl.sendBroadcast:1220 com.android.server.input.InputManagerService.sendBroadcastSar1Up:3510 com.android.server.input.InputManagerService.notifySwitch:2416 <bottom of call stack> <bottom of call stack> 
12-09 11:55:37.389  1069  1309 V BroadcastQueue: Enqueuing BroadcastRecord{b18563f em.intent.action.sar.1.up/u0} from uid 1000 pid 1069 for 1 receivers
12-09 11:55:38.751  1069  1309 D hf_sar  : sendBroadcastSar1Down()
12-09 11:55:38.751  1069  1309 W ContextImpl: Calling a method in the system process without a qualified user: android.app.ContextImpl.sendBroadcast:1220 com.android.server.input.InputManagerService.sendBroadcastSar1Down:3504 com.android.server.input.InputManagerService.notifySwitch:2414 <bottom of call stack> <bottom of call stack> 
12-09 11:55:38.752  1069  1309 V BroadcastQueue: Enqueuing BroadcastRecord{75e1b0c em.intent.action.sar.1.down/u0} from uid 1000 pid 1069 for 1 receivers
12-09 11:56:00.000  1069  1299 D AlarmManager: waitForAlarm result:8currentTime=1765310160000, elapsedRealtime=328777728
12-09 11:56:00.001  1069  1299 V AlarmManager: Received TIME_TICK alarm; rescheduling
12-09 11:56:00.001  1069  1299 V AlarmManager: set(null) : type=3 listener=com.android.server.alarm.AlarmManagerService$3@f66a951 listenerTag=TIME_TICK workSource=null callingPackage=android callingUid=1000 triggerAtTime=328837728 win=0 tElapsed=328837728 maxElapsed=328837728 interval=0 flags=0x9
12-09 11:56:00.002  1069  1069 V BroadcastQueue: Enqueuing BroadcastRecord{d3e68d1 android.intent.action.TIME_TICK/u-1} from uid 1000 pid 1069 for 4 receivers
12-09 11:56:00.004  1069  1299 D AlarmManager: sending alarm.type = 3, action = null, alarm = Alarm{a287f36 type 3 origWhen 328777728 whenElapsed 328777728 android}, cn = null, operation = null, listener=com.android.server.alarm.AlarmManagerService$3@f66a951, listenerTag=TIME_TICK, workSource=null
12-09 11:56:02.004  1069  1069 V BroadcastQueue: Enqueuing BroadcastRecord{97558c2 android.intent.action.BATTERY_CHANGED/u-1} from uid 1000 pid 1069 for 22 receivers
12-09 11:56:02.021  1069  1069 V BroadcastQueue: Enqueuing BroadcastRecord{e16d3 android.intent.action.BATTERY_CHANGED/u-1} from uid 1000 pid 1069 for 22 receivers
12-09 11:56:02.170  1069  3103 V BroadcastQueue: Enqueuing BroadcastRecord{b263210 android.bluetooth.device.action.ACL_CONNECTED/u0} from uid 1002 pid 16383 for 7 receivers
12-09 11:56:02.183  1069  1229 D ActivityManager: sync unfroze 1740 com.google.android.permissioncontroller for 10
12-09 11:56:02.186  1069  1220 V BroadcastQueue: Enqueuing BroadcastRecord{ae46109 android.os.action.POWER_SAVE_TEMP_WHITELIST_CHANGED/u0} from uid 1000 pid 1069 for 1 receivers
12-09 11:56:02.191  1069  1229 D ActivityManager: sync unfroze 11793 com.google.android.gms for 10
12-09 11:56:02.193  1069  1229 D ActivityManager: sync unfroze 17960 com.google.android.gms.ui for 10
12-09 11:56:02.198  1069  1220 V BroadcastQueue: Enqueuing BroadcastRecord{7994d2f android.os.action.POWER_SAVE_TEMP_WHITELIST_CHANGED/u0} from uid 1000 pid 1069 for 1 receivers
12-09 11:56:02.199  1069  1220 V BroadcastQueue: Enqueuing BroadcastRecord{3245f3c android.os.action.POWER_SAVE_TEMP_WHITELIST_CHANGED/u0} from uid 1000 pid 1069 for 1 receivers
12-09 11:56:02.200  1069  1220 V BroadcastQueue: Enqueuing BroadcastRecord{fe904c5 android.os.action.POWER_SAVE_TEMP_WHITELIST_CHANGED/u0} from uid 1000 pid 1069 for 1 receivers
12-09 11:56:02.201  1069  1220 V BroadcastQueue: Enqueuing BroadcastRecord{b093e1a android.os.action.POWER_SAVE_TEMP_WHITELIST_CHANGED/u0} from uid 1000 pid 1069 for 1 receivers
12-09 11:56:02.231  1069  1724 D PowerController.RecogA: packageName:com.google.android.gms mFgEvent:APP_COMPONENT_USED mLastTimeFgEventChanged:328779958 mLastLaunchTime:283441185 mProcState:PROCESS_STATE_CACHED_EMPTY mLastTimeProcStateChanged:0 mNotificationState:0 mLastTimeNotificationStateChanged:0 mAudioState:0 mLastTimeAudioStateChanged:0 mRequestGps:true mAvoidConstraintGps:false mBehaviorType:0 mScreenOn:true mLastTimeScreenStateChanged:322059894 mLastBgTime:283441215 mFgDuration:8512 mAudioDuration:0 mBgAudioDuration:0 mHasNoClearNotificationWhenNavi:false
12-09 11:56:02.231  1069  3095 V AlarmManager: set(PendingIntent{8d97672: PendingIntentRecord{4da5ac3 com.google.android.gms/com.google.android.gms.container startService}}) : type=3 listener=null listenerTag=null workSource=null callingPackage=com.google.android.gms callingUid=10142 triggerAtTime=315688779958 win=3600000 tElapsed=315688779958 maxElapsed=315692379958 interval=0 flags=0x0
12-09 11:56:02.245  1069  1210 V AlarmManager: set(PendingIntent{7eda935: PendingIntentRecord{dbd61ca com.google.android.gms/com.google.android.gms.container startService}}) : type=3 listener=null listenerTag=null workSource=null callingPackage=com.google.android.gms callingUid=10142 triggerAtTime=315688779972 win=3600000 tElapsed=315688779972 maxElapsed=315692379972 interval=0 flags=0x0
12-09 11:56:02.288  1069  1294 D ActivityManager: freezing 19570 com.google.android.googlequicksearchbox:search
12-09 11:56:02.328  1069  1210 V BroadcastQueue: Enqueuing BroadcastRecord{9aa5f3b android.bluetooth.device.action.BATTERY_LEVEL_CHANGED/u0} from uid 1002 pid 16383 for 4 receivers
12-09 11:56:02.333  1069  1229 D ActivityManager: sync unfroze 19570 com.google.android.googlequicksearchbox:search for 3
12-09 11:56:10.158  1069  1299 D AlarmManager: waitForAlarm result:8currentTime=1765310170158, elapsedRealtime=328787886
12-09 11:56:10.161  1069  1299 D AlarmManager: sending alarm.type = 3, action = null, alarm = Alarm{326e004 type 3 origWhen 328787886 whenElapsed 328787886 com.google.android.gms}, cn = null, operation = null, listener=android.app.IAlarmListener$Stub$Proxy@59d8ec8, listenerTag=NLPShim:inferred_location_delivery, workSource=WorkSource{1001 com.unisoc.phone}
12-09 11:56:10.163  1069  3103 V AlarmManager: set(null) : type=3 listener=android.app.IAlarmListener$Stub$Proxy@6e6c9ed listenerTag=NLPShim:inferred_location_delivery workSource=WorkSource{1001 com.unisoc.phone} callingPackage=com.google.android.gms callingUid=10142 triggerAtTime=328967888 win=0 tElapsed=328967888 maxElapsed=328967888 interval=0 flags=0x1
12-09 11:56:12.220  1069  1294 D ActivityManager: freezing 15887 com.google.process.gservices
12-09 11:56:12.221  1069  1294 D ActivityManager: freezing 19461 com.android.providers.calendar
12-09 11:56:12.595  1069  1228 D ActivityManager: sync unfroze 15887 com.google.process.gservices for 8
12-09 11:56:16.768   393 19850 I keystore2: system/security/keystore2/src/watchdog.rs:319 - Watchdog thread idle -> terminating. Have a great day.
12-09 11:56:22.195  1069  1283 V BroadcastQueue: Enqueuing BroadcastRecord{c186022 android.os.action.POWER_SAVE_TEMP_WHITELIST_CHANGED/u0} from uid 1000 pid 1069 for 1 receivers
12-09 11:56:22.202  1069  1283 V BroadcastQueue: Enqueuing BroadcastRecord{ff77ab3 android.os.action.POWER_SAVE_TEMP_WHITELIST_CHANGED/u0} from uid 1000 pid 1069 for 1 receivers
12-09 11:56:22.337  1069  1283 V BroadcastQueue: Enqueuing BroadcastRecord{d33f870 android.os.action.POWER_SAVE_TEMP_WHITELIST_CHANGED/u0} from uid 1000 pid 1069 for 1 receivers
12-09 11:56:22.341  1069  1283 V BroadcastQueue: Enqueuing BroadcastRecord{b7317e9 android.os.action.POWER_SAVE_TEMP_WHITELIST_CHANGED/u0} from uid 1000 pid 1069 for 1 receivers
12-09 11:56:22.344  1069  1283 V BroadcastQueue: Enqueuing BroadcastRecord{8805c6e android.os.action.POWER_SAVE_TEMP_WHITELIST_CHANGED/u0} from uid 1000 pid 1069 for 1 receivers
12-09 11:56:32.219  1069  1294 D ActivityManager: freezing 19570 com.google.android.googlequicksearchbox:search
12-09 11:56:32.335  1069  1294 D ActivityManager: freezing 1740 com.google.android.permissioncontroller
12-09 11:56:32.341  1069  1294 D ActivityManager: freezing 11793 com.google.android.gms
12-09 11:56:32.342  1069  1294 D ActivityManager: freezing 15887 com.google.process.gservices
12-09 11:56:32.343  1069  1294 D ActivityManager: freezing 17960 com.google.android.gms.ui
12-09 11:56:34.654  1069  3095 I AppsFilter: interaction: PackageSetting{ae22d21 com.example.stripeterminalreactnative/10276} -> PackageSetting{323719e com.google.android.inputmethod.latin/10152} BLOCKED
12-09 11:56:34.654  1069  3095 W FillRequestEventLogger: Couldn't find packageName: com.google.android.inputmethod.latin
12-09 11:56:34.692  1069  3095 W ProcessStats: Tracking association SourceState{56f6480 system/1000 BFgs #105395} whose proc state 4 is better than process ProcessState{b18dfc8 com.google.android.inputmethod.latin/10152 pkg=com.google.android.inputmethod.latin} proc state 6 (122 skipped)
12-09 11:56:34.722  1069  3095 D CompatibilityChangeReporter: Compat change id reported: 168419799; UID 10276; state: DISABLED
12-09 11:56:34.722  1069  3095 D CompatibilityChangeReporter: Compat change id reported: 273564678; UID 10276; state: DISABLED
12-09 11:56:34.748  1069  3095 W PackageConfigPersister: App-specific configuration not found for packageName: com.example.stripeterminalreactnative and userId: 0
12-09 11:56:34.768  1069  3095 D AutofillSession: createPendingIntent for request 20
12-09 11:56:34.769  1069  3095 D ContentCapturePerUserService: Notified activity assist data for activity: Token{1187309 ActivityRecord{d26b30d u0 com.example.stripeterminalreactnative/.MainActivity t269 d0}} without a session Id
12-09 11:56:34.778  1069  1210 D CoreBackPreview: Window{a9b085d u0 PopupWindow:814e73c}, [type=1002]*noSurface: Setting back callback OnBackInvokedCallbackInfo{mCallback=android.window.IOnBackInvokedCallback$Stub$Proxy@c898d2a, mPriority=0, mIsAnimationCallback=false}
12-09 11:56:34.815  1069  1210 D ActivityManager: sync unfroze 11793 com.google.android.gms for 6
12-09 11:56:34.822  1069  1724 D PowerController.RecogA: packageName:com.google.android.gms mFgEvent:SYSTEM_INTERACTION mLastTimeFgEventChanged:328812550 mLastLaunchTime:283441185 mProcState:PROCESS_STATE_CACHED_EMPTY mLastTimeProcStateChanged:0 mNotificationState:0 mLastTimeNotificationStateChanged:0 mAudioState:0 mLastTimeAudioStateChanged:0 mRequestGps:true mAvoidConstraintGps:false mBehaviorType:0 mScreenOn:true mLastTimeScreenStateChanged:322059894 mLastBgTime:283441215 mFgDuration:8512 mAudioDuration:0 mBgAudioDuration:0 mHasNoClearNotificationWhenNavi:false
12-09 11:56:34.906  1069  1209 D CoreBackPreview: Window{ee8944a u0 com.example.stripeterminalreactnative/com.example.stripeterminalreactnative.MainActivity}, [type=1]-[Surface(name=*Title#9675)/@0xb23ab16, shown=false, alpha=0.0, windowType=1]: Setting back callback OnBackInvokedCallbackInfo{mCallback=android.window.IOnBackInvokedCallback$Stub$Proxy@b9cfa94, mPriority=0, mIsAnimationCallback=false}
12-09 11:56:35.261  1069  1069 D AutofillSession: Service did not request to wait for delayed fill response.
12-09 11:56:37.053  1069  3095 D CoreBackPreview: Window{a9b085d u0 PopupWindow:814e73c}, [type=1002]-[Surface(name=*Title#9683)/@0x810171b, shown=false, alpha=0.0, windowType=1002]: Setting back callback null
12-09 11:56:38.699  1069  3103 W PackageConfigPersister: App-specific configuration not found for packageName: com.example.stripeterminalreactnative and userId: 0
12-09 11:56:44.451  1069  1251 D AutomaticBrightnessController: mAmbientLux= 32.715717,newScreenAutoBrightness=0.3243369
12-09 11:56:44.454  1069  1251 I DisplayPowerController2[0]: BrightnessEvent: disp=0, physDisp=local:4619827259835644672, brt=0.3243369, initBrt=0.5269549, rcmdBrt=0.3243369, preBrt=0.5269549, lux=32.715717, preLux=103.12501, hbmMax=1.0, hbmMode=off, rbcStrength=50, thrmMax=1.0, powerFactor=0.7, wasShortTermModelActive=false, flags=, reason=automatic, autoBrightness=true, strategy=InvalidBrightnessStrategy
12-09 11:56:44.456  1069  1222 D DisplayManagerService: Ignore redundant display event 0/4 to 10085/15061
12-09 11:56:44.456  1069  1222 D DisplayManagerService: Ignore redundant display event 0/4 to 10140/16561
12-09 11:56:44.456  1069  1222 D DisplayManagerService: Ignore redundant display event 0/4 to 10147/18099
12-09 11:56:44.456  1069  1222 D DisplayManagerService: Ignore redundant display event 0/4 to 10161/19090
12-09 11:56:44.456  1069  1222 D DisplayManagerService: Ignore redundant display event 0/4 to 10275/23494
12-09 11:56:44.460  1069  1069 I BrightnessSynchronizer: [331] New Update 0.3243369(f) set brightness values:  83(i)
12-09 11:56:44.460  1069  1069 I BrightnessSynchronizer: New PendingUpdate: {[332] 0.3243369(f), mUpdatedTypes=0, mConfirmedTypes=0, mTimeUpdated=0}, prev=null
12-09 11:56:44.463  1069  1069 I BrightnessSynchronizer: Swallowing update of 83(i) by update: {[331] 0.3243369(f), mUpdatedTypes=1, mConfirmedTypes=1, mTimeUpdated=87467392}
12-09 11:56:44.463  1069  1069 I BrightnessSynchronizer: Completed Update: {[331] 0.3243369(f), mUpdatedTypes=1, mConfirmedTypes=1, mTimeUpdated=87467392}
12-09 11:56:49.952  1069  1209 W ProcessStats: Tracking association SourceState{260f451 com.google.android.gms.persistent/10142 BFgs #105446} whose proc state 4 is better than process ProcessState{3b4c678 com.google.android.gms/10142 pkg=com.google.android.gms} proc state 14 (180 skipped)
12-09 11:56:52.508  1069  1251 D AutomaticBrightnessController: mAmbientLux= 13.033331,newScreenAutoBrightness=0.16457167
12-09 11:56:52.510  1069  1251 I DisplayPowerController2[0]: BrightnessEvent: disp=0, physDisp=local:4619827259835644672, brt=0.16457167, initBrt=0.3243369, rcmdBrt=0.16457167, preBrt=0.3243369, lux=13.033331, preLux=32.715717, hbmMax=1.0, hbmMode=off, rbcStrength=50, thrmMax=1.0, powerFactor=0.7, wasShortTermModelActive=false, flags=, reason=automatic, autoBrightness=true, strategy=InvalidBrightnessStrategy
12-09 11:56:52.510  1069  1222 D DisplayManagerService: Ignore redundant display event 0/4 to 10085/15061
12-09 11:56:52.511  1069  1222 D DisplayManagerService: Ignore redundant display event 0/4 to 10140/16561
12-09 11:56:52.511  1069  1222 D DisplayManagerService: Ignore redundant display event 0/4 to 10147/18099
12-09 11:56:52.511  1069  1222 D DisplayManagerService: Ignore redundant display event 0/4 to 10161/19090
12-09 11:56:52.511  1069  1222 D DisplayManagerService: Ignore redundant display event 0/4 to 10275/23494
12-09 11:56:52.511  1069  1222 D DisplayManagerService: Ignore redundant display event 0/4 to 10085/15061
12-09 11:56:52.511  1069  1222 D DisplayManagerService: Ignore redundant display event 0/4 to 10140/16561
12-09 11:56:52.511  1069  1069 I BrightnessSynchronizer: [333] New Update 0.16457167(f) set brightness values:  43(i)
12-09 11:56:52.511  1069  1222 D DisplayManagerService: Ignore redundant display event 0/4 to 10147/18099
12-09 11:56:52.511  1069  1222 D DisplayManagerService: Ignore redundant display event 0/4 to 10161/19090
12-09 11:56:52.511  1069  1222 D DisplayManagerService: Ignore redundant display event 0/4 to 10275/23494
12-09 11:56:52.511  1069  1069 I BrightnessSynchronizer: New PendingUpdate: {[334] 0.16457167(f), mUpdatedTypes=0, mConfirmedTypes=0, mTimeUpdated=0}, prev=null
12-09 11:56:52.512  1069  1069 I BrightnessSynchronizer: Swallowing update of 43(i) by update: {[333] 0.16457167(f), mUpdatedTypes=1, mConfirmedTypes=1, mTimeUpdated=87475444}
12-09 11:56:52.512  1069  1069 I BrightnessSynchronizer: Completed Update: {[333] 0.16457167(f), mUpdatedTypes=1, mConfirmedTypes=1, mTimeUpdated=87475444}
12-09 11:56:53.934  1069  3095 D CoreBackPreview: Window{ee8944a u0 com.example.stripeterminalreactnative/com.example.stripeterminalreactnative.MainActivity}, [type=1]-[Surface(name=*Title#9675)/@0xb23ab16, shown=false, alpha=0.0, windowType=1]: Setting back callback OnBackInvokedCallbackInfo{mCallback=android.window.IOnBackInvokedCallback$Stub$Proxy@56c9642, mPriority=0, mIsAnimationCallback=false}
12-09 11:56:54.696  1069  1251 D AutomaticBrightnessController: mAmbientLux= 88.945915,newScreenAutoBrightness=0.5387614
12-09 11:56:54.699  1069  1251 I DisplayPowerController2[0]: BrightnessEvent: disp=0, physDisp=local:4619827259835644672, brt=0.5387614, initBrt=0.16457167, rcmdBrt=0.5387614, preBrt=0.16457167, lux=88.945915, preLux=13.033331, hbmMax=1.0, hbmMode=off, rbcStrength=50, thrmMax=1.0, powerFactor=0.7, wasShortTermModelActive=false, flags=, reason=automatic, autoBrightness=true, strategy=InvalidBrightnessStrategy
12-09 11:56:54.700  1069  1222 D DisplayManagerService: Ignore redundant display event 0/4 to 10085/15061
12-09 11:56:54.700  1069  1222 D DisplayManagerService: Ignore redundant display event 0/4 to 10140/16561
12-09 11:56:54.700  1069  1222 D DisplayManagerService: Ignore redundant display event 0/4 to 10147/18099
12-09 11:56:54.700  1069  1222 D DisplayManagerService: Ignore redundant display event 0/4 to 10161/19090
12-09 11:56:54.700  1069  1222 D DisplayManagerService: Ignore redundant display event 0/4 to 10275/23494
12-09 11:56:54.701  1069  1222 D DisplayManagerService: Ignore redundant display event 0/4 to 10085/15061
12-09 11:56:54.701  1069  1222 D DisplayManagerService: Ignore redundant display event 0/4 to 10140/16561
12-09 11:56:54.701  1069  1222 D DisplayManagerService: Ignore redundant display event 0/4 to 10147/18099
12-09 11:56:54.701  1069  1222 D DisplayManagerService: Ignore redundant display event 0/4 to 10161/19090
12-09 11:56:54.701  1069  1222 D DisplayManagerService: Ignore redundant display event 0/4 to 10275/23494
12-09 11:56:54.703  1069  1069 I BrightnessSynchronizer: [335] New Update 0.5387614(f) set brightness values:  138(i)
12-09 11:56:54.704  1069  1069 I BrightnessSynchronizer: New PendingUpdate: {[336] 0.5387614(f), mUpdatedTypes=0, mConfirmedTypes=0, mTimeUpdated=0}, prev=null
12-09 11:56:54.706  1069  1069 I BrightnessSynchronizer: Swallowing update of 138(i) by update: {[335] 0.5387614(f), mUpdatedTypes=1, mConfirmedTypes=1, mTimeUpdated=87477635}
12-09 11:56:54.706  1069  1069 I BrightnessSynchronizer: Completed Update: {[335] 0.5387614(f), mUpdatedTypes=1, mConfirmedTypes=1, mTimeUpdated=87477635}
12-09 11:57:00.000  1069  1299 D AlarmManager: waitForAlarm result:8currentTime=1765310220000, elapsedRealtime=328837728
12-09 11:57:00.001  1069  1299 V AlarmManager: Received TIME_TICK alarm; rescheduling
12-09 11:57:00.002  1069  1299 V AlarmManager: set(null) : type=3 listener=com.android.server.alarm.AlarmManagerService$3@f66a951 listenerTag=TIME_TICK workSource=null callingPackage=android callingUid=1000 triggerAtTime=328897728 win=0 tElapsed=328897728 maxElapsed=328897728 interval=0 flags=0x9
12-09 11:57:00.002  1069  1069 V BroadcastQueue: Enqueuing BroadcastRecord{2b1d48e android.intent.action.TIME_TICK/u-1} from uid 1000 pid 1069 for 4 receivers
12-09 11:57:00.005  1069  1299 D AlarmManager: sending alarm.type = 3, action = null, alarm = Alarm{84ef4af type 3 origWhen 328837728 whenElapsed 328837728 android}, cn = null, operation = null, listener=com.android.server.alarm.AlarmManagerService$3@f66a951, listenerTag=TIME_TICK, workSource=null
12-09 11:57:02.010  1069  1069 V BroadcastQueue: Enqueuing BroadcastRecord{685b0bc android.intent.action.BATTERY_CHANGED/u-1} from uid 1000 pid 1069 for 22 receivers
12-09 11:57:03.866  1069  1294 D ActivityManager: freezing 11793 com.google.android.gms
12-09 11:57:05.170  1069  1251 D AutomaticBrightnessController: mAmbientLux= 99.694954,newScreenAutoBrightness=0.5519035
12-09 11:58:00.001  1069  1299 D AlarmManager: waitForAlarm result:8currentTime=1765310280000, elapsedRealtime=328897728
12-09 11:58:00.001  1069  1299 V AlarmManager: Received TIME_TICK alarm; rescheduling
12-09 11:58:00.001  1069  1299 V AlarmManager: set(null) : type=3 listener=com.android.server.alarm.AlarmManagerService$3@f66a951 listenerTag=TIME_TICK workSource=null callingPackage=android callingUid=1000 triggerAtTime=328957728 win=0 tElapsed=328957728 maxElapsed=328957728 interval=0 flags=0x9
12-09 11:58:00.002  1069  1069 V BroadcastQueue: Enqueuing BroadcastRecord{282caa7 android.intent.action.TIME_TICK/u-1} from uid 1000 pid 1069 for 4 receivers
12-09 11:58:00.004  1069  1299 D AlarmManager: sending alarm.type = 3, action = null, alarm = Alarm{f995b54 type 3 origWhen 328897728 whenElapsed 328897728 android}, cn = null, operation = null, listener=com.android.server.alarm.AlarmManagerService$3@f66a951, listenerTag=TIME_TICK, workSource=null
12-09 11:58:00.336  1069  1299 D AlarmManager: waitForAlarm result:8currentTime=1765310280336, elapsedRealtime=328898064
12-09 11:58:00.338  1069  1299 D AlarmManager: sending alarm.type = 3, action = null, alarm = Alarm{517aafd type 3 origWhen 328814504 whenElapsed 328814504 android}, cn = null, operation = null, listener=android.app.AlarmManager$ListenerWrapper@441629a, listenerTag=*job.delay*, workSource=WorkSource{10137 com.google.android.as.oss}
12-09 11:58:00.339  1069  1299 V BroadcastQueue: Enqueuing BroadcastRecord{ddb13f2 com.android.server.powercontroller.CHECK_APPSTATE/u0} from uid 1000 pid -1 for 1 receivers
12-09 11:58:00.340  1069  1299 D AlarmManager: sending alarm.type = 3, action = com.android.server.powercontroller.CHECK_APPSTATE, alarm = Alarm{5876a43 type 3 origWhen 328882066 whenElapsed 328882066 android}, cn = null, operation = PendingIntent{8cde16b: PendingIntentRecord{e19c4c8 android broadcastIntent}}, listener=null, listenerTag=null, workSource=null
12-09 11:58:00.342  1069  1069 V AlarmManager: set(null) : type=3 listener=android.app.AlarmManager$ListenerWrapper@441629a listenerTag=*job.delay* workSource=WorkSource{1000 android} callingPackage=android callingUid=1000 triggerAtTime=329259675 win=271203 tElapsed=329259675 maxElapsed=329530878 interval=0 flags=0x0
12-09 11:58:00.344  1069  1069 D BroadcastQueue: Receiver BroadcastFilter{6114db6 1000/u0 ReceiverList{276151 1069 system/1000/u0 local:3df6678}} finished with BroadcastRecord{ddb13f2 com.android.server.powercontroller.CHECK_APPSTATE/u0} took 4ms
12-09 11:58:00.345  1069  1720 V AlarmManager: set(PendingIntent{8cde16b: PendingIntentRecord{e19c4c8 android broadcastIntent}}) : type=3 listener=null listenerTag=null workSource=null callingPackage=android callingUid=1000 triggerAtTime=329198072 win=225000 tElapsed=329198072 maxElapsed=329423072 interval=0 flags=0x8
12-09 11:58:00.363  1069  1283 D ActivityManager: PROFILE_FROM_SHELL is disabled for ProcessRecord{2863cb5 0:com.google.android.as.oss/u0a137}
12-09 11:58:00.364  1069  1283 D CompatibilityChangeReporter: Compat change id reported: 135634846; UID 10137; state: DISABLED
12-09 11:58:00.365  1069  1283 D CompatibilityChangeReporter: Compat change id reported: 177438394; UID 10137; state: DISABLED
12-09 11:58:00.365  1069  1283 D CompatibilityChangeReporter: Compat change id reported: 135772972; UID 10137; state: DISABLED
12-09 11:58:00.366  1069  1283 D CompatibilityChangeReporter: Compat change id reported: 135754954; UID 10137; state: ENABLED
12-09 11:58:00.368  1069  1230 D CompatibilityChangeReporter: Compat change id reported: 143937733; UID 10137; state: ENABLED
12-09 11:58:00.383  1069  1230 I ActivityManager: Start proc 19931:com.google.android.as.oss/u0a137 for service {com.google.android.as.oss/com.google.android.gms.learning.internal.training.InAppJobService}
12-09 11:58:00.438  1069  1209 D CompatibilityChangeReporter: Compat change id reported: 168419799; UID 10137; state: DISABLED
12-09 11:58:00.439  1069  1209 D CompatibilityChangeReporter: Compat change id reported: 273564678; UID 10137; state: DISABLED
12-09 11:58:00.444  1069  1283 D CompatibilityChangeReporter: Compat change id reported: 265195908; UID 10137; state: ENABLED
12-09 11:58:00.452  1069  1209 D CompatibilityChangeReporter: Compat change id reported: 170503758; UID 10137; state: ENABLED
12-09 11:58:00.582  1069  1209 I ActivityManager: Flag disabled. Ignoring finishAttachApplication from uid: 10137. pid: 19931
12-09 11:58:00.595  1069  1209 D CompatibilityChangeReporter: Compat change id reported: 253665015; UID 10137; state: ENABLED
12-09 11:58:00.596  1069  1209 D CompatibilityChangeReporter: Compat change id reported: 194532703; UID 10137; state: ENABLED
12-09 11:58:00.601  1069  1209 W JobScheduler: Job didn't exist in JobStore: 678a124 #u0a137/-1459396391 com.google.android.as.oss/com.google.android.gms.learning.internal.training.InAppJobService
12-09 11:58:02.001  1069  1069 V BroadcastQueue: Enqueuing BroadcastRecord{cf5369 android.intent.action.BATTERY_CHANGED/u-1} from uid 1000 pid 1069 for 22 receivers
12-09 11:58:02.017  1069  1069 V BroadcastQueue: Enqueuing BroadcastRecord{fe6b1ee android.intent.action.BATTERY_CHANGED/u-1} from uid 1000 pid 1069 for 22 receivers
12-09 11:58:10.615  1069  1294 D ActivityManager: freezing 19931 com.google.android.as.oss
12-09 11:58:12.594  1464  1519 D ShellBackPreview: initAnimation mMotionStarted=false
12-09 11:58:12.596  1069  3092 D CoreBackPreview: Focused window found using getFocusedWindowToken
12-09 11:58:12.596  1069  3092 D CoreBackPreview: startBackNavigation currentTask=Task{c374c10 #269 type=standard A=10276:com.example.stripeterminalreactnative}, topRunningActivity=ActivityRecord{d26b30d u0 com.example.stripeterminalreactnative/.MainActivity t269 d0}, callbackInfo=OnBackInvokedCallbackInfo{mCallback=android.window.IOnBackInvokedCallback$Stub$Proxy@56c9642, mPriority=0, mIsAnimationCallback=false}, currentFocus=Window{ee8944a u0 com.example.stripeterminalreactnative/com.example.stripeterminalreactnative.MainActivity}, [type=1]-[Surface(name=*Title#9675)/@0xb23ab16, shown=false, alpha=0.0, windowType=1]
12-09 11:58:12.598  1464  1519 D ShellBackPreview: Received backNavigationInfo:BackNavigationInfo{mType=TYPE_CALLBACK (4), mOnBackNavigationDone=android.os.RemoteCallback@f13056a, mOnBackInvokedCallback=android.window.IOnBackInvokedCallback$Stub$Proxy@bbca5b, mPrepareRemoteAnimation=false, mAnimationCallback=false, mCustomizeAnimationInfo=null}
12-09 11:58:12.614  1464  1519 D ShellBackPreview: Finishing gesture with event action: 3
12-09 11:58:12.614  1464  1519 D ShellBackPreview: onGestureFinished() mTriggerBack == false
12-09 11:58:12.614  1464  1519 D ShellBackPreview: BackAnimationController: finishBackNavigation()
12-09 11:58:12.615  1069  3092 D CoreBackPreview: onBackNavigationDone backType=4, triggerBack=false
12-09 11:58:25.771  1069  1210 W PresentationStatsEventLogger: Shouldn't be logging AutofillPresentationEventReported again for same event
12-09 11:58:25.772  1069  1210 I AppsFilter: interaction: PackageSetting{ae22d21 com.example.stripeterminalreactnative/10276} -> PackageSetting{323719e com.google.android.inputmethod.latin/10152} BLOCKED
12-09 11:58:25.773  1069  1210 W FillRequestEventLogger: Couldn't find packageName: com.google.android.inputmethod.latin
12-09 11:58:25.793  1069  3092 I ActivityManager: Killing 18032:com.google.android.marvin.talkback/u0a168 (adj 985): empty #17
12-09 11:58:25.795  1069  1232 D ActivityManager: quick sync unfreeze 18032 for 12
12-09 11:58:25.796  1069  3092 W ProcessStats: Tracking association SourceState{56f6480 system/1000 BFgs #105477} whose proc state 4 is better than process ProcessState{b18dfc8 com.google.android.inputmethod.latin/10152 pkg=com.google.android.inputmethod.latin} proc state 6 (51 skipped)
12-09 11:58:25.802  1069  1209 W PackageConfigPersister: App-specific configuration not found for packageName: com.example.stripeterminalreactnative and userId: 0
12-09 11:58:25.828  1069  1220 D DisplayManagerService: Drop pending events for gone uid 10168
12-09 11:58:25.842  1069  3098 D ActivityManager: sync unfroze 11793 com.google.android.gms for 6
12-09 11:58:25.856  1069  3095 D AutofillSession: createPendingIntent for request 21
12-09 11:58:25.857  1069  3095 D ContentCapturePerUserService: Notified activity assist data for activity: Token{1187309 ActivityRecord{d26b30d u0 com.example.stripeterminalreactnative/.MainActivity t269 d0}} without a session Id
12-09 11:58:25.874  1069  1774 D CoreBackPreview: Window{6ea6bdd u0 PopupWindow:c8ef99c}, [type=1002]*noSurface: Setting back callback OnBackInvokedCallbackInfo{mCallback=android.window.IOnBackInvokedCallback$Stub$Proxy@715569b, mPriority=0, mIsAnimationCallback=false}
12-09 11:58:25.881  1069  1724 D PowerController.RecogA: packageName:com.google.android.gms mFgEvent:APP_COMPONENT_USED mLastTimeFgEventChanged:328923609 mLastLaunchTime:283441185 mProcState:PROCESS_STATE_CACHED_EMPTY mLastTimeProcStateChanged:0 mNotificationState:0 mLastTimeNotificationStateChanged:0 mAudioState:0 mLastTimeAudioStateChanged:0 mRequestGps:true mAvoidConstraintGps:false mBehaviorType:0 mScreenOn:true mLastTimeScreenStateChanged:322059894 mLastBgTime:283441215 mFgDuration:8512 mAudioDuration:0 mBgAudioDuration:0 mHasNoClearNotificationWhenNavi:false
12-09 11:58:25.882  1069  1724 D PowerController.RecogA: packageName:com.google.android.gms mFgEvent:SYSTEM_INTERACTION mLastTimeFgEventChanged:328923609 mLastLaunchTime:283441185 mProcState:PROCESS_STATE_CACHED_EMPTY mLastTimeProcStateChanged:0 mNotificationState:0 mLastTimeNotificationStateChanged:0 mAudioState:0 mLastTimeAudioStateChanged:0 mRequestGps:true mAvoidConstraintGps:false mBehaviorType:0 mScreenOn:true mLastTimeScreenStateChanged:322059894 mLastBgTime:283441215 mFgDuration:8512 mAudioDuration:0 mBgAudioDuration:0 mHasNoClearNotificationWhenNavi:false
12-09 11:58:25.882  1069  1724 D PowerController.RecogA: packageName:com.google.android.gms mFgEvent:APP_COMPONENT_USED mLastTimeFgEventChanged:328923609 mLastLaunchTime:283441185 mProcState:PROCESS_STATE_CACHED_EMPTY mLastTimeProcStateChanged:0 mNotificationState:0 mLastTimeNotificationStateChanged:0 mAudioState:0 mLastTimeAudioStateChanged:0 mRequestGps:true mAvoidConstraintGps:false mBehaviorType:0 mScreenOn:true mLastTimeScreenStateChanged:322059894 mLastBgTime:283441215 mFgDuration:8512 mAudioDuration:0 mBgAudioDuration:0 mHasNoClearNotificationWhenNavi:false
12-09 11:58:25.886  1069  1406 D SSense.TimeUtil: getMillis() Current hour:11, minute:47, seconds:9
12-09 11:58:25.886  1069  1406 D SSense.TimeUtil: getMillis() Current hour:11, minute:58, seconds:25
12-09 11:58:25.917  1069  1522 D CoreBackPreview: Window{ee8944a u0 com.example.stripeterminalreactnative/com.example.stripeterminalreactnative.MainActivity}, [type=1]-[Surface(name=*Title#9675)/@0xb23ab16, shown=false, alpha=0.0, windowType=1]: Setting back callback OnBackInvokedCallbackInfo{mCallback=android.window.IOnBackInvokedCallback$Stub$Proxy@de0686f, mPriority=0, mIsAnimationCallback=false}
12-09 11:58:26.059  1069  1069 W FillResponseEventLogger: FillResponseEventLogger is not empty before starting for a new request
12-09 11:58:26.060  1069  1069 D AutofillSession: Service did not request to wait for delayed fill response.
12-09 11:58:29.808  1069  3095 D CoreBackPreview: Window{6ea6bdd u0 PopupWindow:c8ef99c}, [type=1002]-[Surface(name=*Title#9690)/@0xb5b4a38, shown=false, alpha=0.0, windowType=1002]: Setting back callback null
12-09 11:58:36.659  1069  1522 W PackageConfigPersister: App-specific configuration not found for packageName: com.example.stripeterminalreactnative and userId: 0
12-09 11:58:36.709  1069  3095 W ProcessStats: Tracking association SourceState{56f6480 system/1000 BFgs #105523} whose proc state 4 is better than process ProcessState{b18dfc8 com.google.android.inputmethod.latin/10152 pkg=com.google.android.inputmethod.latin} proc state 6 (41 skipped)
12-09 11:58:46.125  1069  3092 D CoreBackPreview: Window{ee8944a u0 com.example.stripeterminalreactnative/com.example.stripeterminalreactnative.MainActivity}, [type=1]-[Surface(name=*Title#9675)/@0xb23ab16, shown=false, alpha=0.0, windowType=1]: Setting back callback OnBackInvokedCallbackInfo{mCallback=android.window.IOnBackInvokedCallback$Stub$Proxy@93b1129, mPriority=0, mIsAnimationCallback=false}
12-09 11:58:55.636  1069  1347 D ActivityManager: Skip enqueue broadcast because no receiver with Intent { act=com.android.server.action.NETWORK_STATS_UPDATED flg=0x40000010 }
12-09 11:59:00.000  1069  1299 D AlarmManager: waitForAlarm result:8currentTime=1765310340000, elapsedRealtime=328957728
12-09 11:59:00.001  1069  1299 V AlarmManager: Received TIME_TICK alarm; rescheduling
12-09 11:59:00.001  1069  1299 V AlarmManager: set(null) : type=3 listener=com.android.server.alarm.AlarmManagerService$3@f66a951 listenerTag=TIME_TICK workSource=null callingPackage=android callingUid=1000 triggerAtTime=329017727 win=0 tElapsed=329017727 maxElapsed=329017727 interval=0 flags=0x9
12-09 11:59:00.001  1069  1069 V BroadcastQueue: Enqueuing BroadcastRecord{f6665dc android.intent.action.TIME_TICK/u-1} from uid 1000 pid 1069 for 4 receivers
12-09 11:59:00.002  1069  1299 D AlarmManager: sending alarm.type = 3, action = null, alarm = Alarm{5ca96e5 type 3 origWhen 328957728 whenElapsed 328957728 android}, cn = null, operation = null, listener=com.android.server.alarm.AlarmManagerService$3@f66a951, listenerTag=TIME_TICK, workSource=null
12-09 11:59:01.795  1069  1294 D ActivityManager: freezing 11793 com.google.android.gms
12-09 11:59:01.998  1069  1069 V BroadcastQueue: Enqueuing BroadcastRecord{b5a35ba android.intent.action.BATTERY_CHANGED/u-1} from uid 1000 pid 1069 for 22 receivers
12-09 11:59:10.160  1069  1299 D AlarmManager: waitForAlarm result:8currentTime=1765310350160, elapsedRealtime=328967888
12-09 11:59:10.163  1069  1299 D AlarmManager: sending alarm.type = 3, action = null, alarm = Alarm{9a3bc6b type 3 origWhen 328967888 whenElapsed 328967888 com.google.android.gms}, cn = null, operation = null, listener=android.app.IAlarmListener$Stub$Proxy@6e6c9ed, listenerTag=NLPShim:inferred_location_delivery, workSource=WorkSource{1001 com.unisoc.phone}
12-09 11:59:10.171  1069  3095 V AlarmManager: set(null) : type=3 listener=android.app.IAlarmListener$Stub$Proxy@3e203c8 listenerTag=NLPShim:inferred_location_delivery workSource=WorkSource{1001 com.unisoc.phone} callingPackage=com.google.android.gms callingUid=10142 triggerAtTime=329147889 win=0 tElapsed=329147889 maxElapsed=329147889 interval=0 flags=0x1
12-09 11:59:18.787  1069  1228 I UsageStatsService: User[0] Flushing usage stats to disk
12-09 12:00:00.000  1069  1299 D AlarmManager: waitForAlarm result:8currentTime=1765310400000, elapsedRealtime=329017727
12-09 12:00:00.000  1069  1299 V AlarmManager: Received TIME_TICK alarm; rescheduling
12-09 12:00:00.000  1069  1299 V AlarmManager: set(null) : type=3 listener=com.android.server.alarm.AlarmManagerService$3@f66a951 listenerTag=TIME_TICK workSource=null callingPackage=android callingUid=1000 triggerAtTime=329077728 win=0 tElapsed=329077728 maxElapsed=329077728 interval=0 flags=0x9
12-09 12:00:00.001  1069  1069 V BroadcastQueue: Enqueuing BroadcastRecord{46b79c3 android.intent.action.TIME_TICK/u-1} from uid 1000 pid 1069 for 4 receivers
12-09 12:00:00.003  1069  1299 D AlarmManager: sending alarm.type = 3, action = null, alarm = Alarm{ae7240 type 3 origWhen 329017727 whenElapsed 329017727 android}, cn = null, operation = null, listener=com.android.server.alarm.AlarmManagerService$3@f66a951, listenerTag=TIME_TICK, workSource=null
12-09 12:00:00.537  1069  1299 D AlarmManager: waitForAlarm result:4currentTime=1765310400537, elapsedRealtime=329018265
12-09 12:00:00.539  1069  1299 D AlarmManager: sending alarm.type = 0, action = null, alarm = Alarm{e965579 type 0 origWhen 1765310400538 whenElapsed 329018265 android}, cn = null, operation = null, listener=android.app.AlarmManager$ListenerWrapper@227e8f2, listenerTag=HMDDataCollectService, workSource=null
12-09 12:00:00.546  1069  1210 W BatteryExternalStatsWorker: error reading modem stats:ERROR_INVALID_INFO_RECEIVED
12-09 12:00:00.792  1069  1414 V AlarmManager: set(null) : type=0 listener=android.app.AlarmManager$ListenerWrapper@227e8f2 listenerTag=HMDDataCollectService workSource=null callingPackage=android callingUid=1000 triggerAtTime=1765314000791 win=0 tElapsed=332618518 maxElapsed=332618518 interval=0 flags=0x9
12-09 12:00:02.005  1069  1069 V BroadcastQueue: Enqueuing BroadcastRecord{98a2d48 android.intent.action.BATTERY_CHANGED/u-1} from uid 1000 pid 1069 for 22 receivers
12-09 12:00:13.293  1069  3095 V AlarmManager: set(PendingIntent{455f906: PendingIntentRecord{e845e2c com.google.android.gms/com.google.android.gms.gcm broadcastIntent}}) : type=2 listener=null listenerTag=null workSource=null callingPackage=com.google.android.gms callingUid=10142 triggerAtTime=329391020 win=0 tElapsed=329391020 maxElapsed=329391020 interval=0 flags=0x21
12-09 12:00:13.297  1069  3095 V AlarmManager: set(PendingIntent{b1f0bc7: PendingIntentRecord{e845e2c com.google.android.gms/com.google.android.gms.gcm broadcastIntent}}) : type=2 listener=null listenerTag=null workSource=null callingPackage=com.google.android.gms callingUid=10142 triggerAtTime=329391024 win=0 tElapsed=329391024 maxElapsed=329391024 interval=0 flags=0x21
12-09 12:00:48.517  1464  1519 D ShellBackPreview: initAnimation mMotionStarted=false
12-09 12:00:48.518  1069  3092 D CoreBackPreview: Focused window found using getFocusedWindowToken
12-09 12:00:48.518  1069  3092 D CoreBackPreview: startBackNavigation currentTask=Task{c374c10 #269 type=standard A=10276:com.example.stripeterminalreactnative}, topRunningActivity=ActivityRecord{d26b30d u0 com.example.stripeterminalreactnative/.MainActivity t269 d0}, callbackInfo=OnBackInvokedCallbackInfo{mCallback=android.window.IOnBackInvokedCallback$Stub$Proxy@93b1129, mPriority=0, mIsAnimationCallback=false}, currentFocus=Window{ee8944a u0 com.example.stripeterminalreactnative/com.example.stripeterminalreactnative.MainActivity}, [type=1]-[Surface(name=*Title#9675)/@0xb23ab16, shown=false, alpha=0.0, windowType=1]
12-09 12:00:48.519  1464  1519 D ShellBackPreview: Received backNavigationInfo:BackNavigationInfo{mType=TYPE_CALLBACK (4), mOnBackNavigationDone=android.os.RemoteCallback@de1054e, mOnBackInvokedCallback=android.window.IOnBackInvokedCallback$Stub$Proxy@c1366f, mPrepareRemoteAnimation=false, mAnimationCallback=false, mCustomizeAnimationInfo=null}
12-09 12:00:48.566  1464  1519 D ShellBackPreview: Finishing gesture with event action: 1
12-09 12:00:48.566  1464  1519 D ShellBackPreview: onGestureFinished() mTriggerBack == false
12-09 12:00:48.566  1464  1519 D ShellBackPreview: BackAnimationController: finishBackNavigation()
12-09 12:00:48.567  1069  3092 D CoreBackPreview: onBackNavigationDone backType=4, triggerBack=false
12-09 12:00:54.217  1069  1210 D WindowManager: isSupportDynamicNavbar user0, navBarMode = 2, is3buttonModeNavbar = false
12-09 12:00:54.229  1464  1519 V ShellRecents: RecentsTransitionHandler.startRecentsTransition
12-09 12:00:54.230  1464  1519 V WindowManagerShell: Directly starting a new transition type=3 wct=WindowContainerTransaction { changes = {} hops = [{PendingIntent: options=Bundle[mParcelledData.dataSize=332]}] errorCallbackToken=null taskFragmentOrganizer=null } handler=com.android.wm.shell.recents.RecentsTransitionHandler@8157eb5
12-09 12:00:54.241  1464  1519 V ShellRecents: [132582004] RecentsController.setTransition: id=android.os.BinderProxy@c46fb9d
12-09 12:00:54.241  1464  1519 D WindowManagerShell: onFixedRotationStarted: null, state=PipTransitionState(mState=undefined, mInSwipePipToHomeTransition=false)
12-09 12:00:54.246  1069  2646 D ActivityManager: sync unfroze 17960 com.google.android.gms.ui for 0
12-09 12:00:54.247  1069  2646 D ActivityManager: sync unfroze 17663 com.android.settings.intelligence for 0
12-09 12:00:54.248  1069  2646 D ActivityManager: sync unfroze 18164 com.google.android.adservices.api for 0
12-09 12:00:54.249  1069  2646 D ActivityManager: sync unfroze 18342 com.google.android.apps.healthdata for 0
12-09 12:00:54.250  1069  2646 D ActivityManager: sync unfroze 19090 com.google.android.videos for 0
12-09 12:00:54.257  1069  2646 D ActivityManager: sync unfroze 19279 com.google.android.gm for 0
12-09 12:00:54.259  1069  2646 D ActivityManager: sync unfroze 15906 com.google.android.apps.tachyon for 0
12-09 12:00:54.260  1069  2646 D ActivityManager: sync unfroze 18099 com.android.chrome for 0
12-09 12:00:54.261  1069  2646 D ActivityManager: sync unfroze 19433 com.google.android.calendar for 0
12-09 12:00:54.262  1069  2646 D ActivityManager: sync unfroze 19461 com.android.providers.calendar for 0
12-09 12:00:54.262  1069  2646 D ActivityManager: sync unfroze 15887 com.google.process.gservices for 0
12-09 12:00:54.283  1069  2646 D ActivityManager: sync unfroze 18649 com.android.rkpdapp for 0
12-09 12:00:54.284  1069  2646 D ActivityManager: sync unfroze 19570 com.google.android.googlequicksearchbox:search for 0
12-09 12:00:54.285  1069  2646 D ActivityManager: sync unfroze 19931 com.google.android.as.oss for 0
12-09 12:00:54.295  1069  2646 D ActivityManager: sync unfroze 11793 com.google.android.gms for 0
12-09 12:00:54.296  1069  2646 D ActivityManager: sync unfroze 1740 com.google.android.permissioncontroller for 0
12-09 12:00:54.317  1069  2646 D ActivityManager: sync unfroze 24068 com.google.android.webview:sandboxed_process0:org.chromium.content.app.SandboxedProcessService0:3 for 0
12-09 12:00:54.320  1069  3098 D WindowManager: finishDrawingLocked: merge with mWin.mSyncTransaction!!! ,mWin = Window{acb98f2 u0 com.android.launcher3/com.android.searchlauncher.SearchLauncher}, [type=1]-[Surface(name=*Title#9694)/@0x2f69d63, shown=false, alpha=0.0, windowType=1] ,inputHandle = acb98f2 com.android.launcher3/com.android.searchlauncher.SearchLauncher, frame=[0,0,0,0], touchableRegion=SkRegion((0,0,1200,2000)), scaleFactor=1.0, transform=null, windowToken=android.os.BinderProxy@71323fd, displayId=0, isClone=false, packageName=com.android.launcher3, ownerPid=1902, touchableRegionSurfaceControl=java.lang.ref.WeakReference@cbb1904, replaceTouchableRegionWithCrop=false, changed=false
12-09 12:00:54.326  1069  2646 D ActivityManager: sync unfroze 23494 com.boonskioskm2_v78 for 0
12-09 12:00:54.335  1464  1519 V WindowManagerShell: onTransitionReady android.os.BinderProxy@c46fb9d: {id=679 t=TO_FRONT f=0x80 trk=0 r=[0@Point(0, 0)] c=[{WCT{android.window.IWindowContainerToken$Stub$Proxy@e15b35e} m=TO_FRONT f=SHOW_WALLPAPER|MOVE_TO_TOP leash=Surface(name=Task=1#46)/@0x3512812 sb=Rect(0, 0 - 1200, 2000) eb=Rect(0, 0 - 1200, 2000) d=0 endFixedRotation=2},{WCT{android.window.IWindowContainerToken$Stub$Proxy@498333f} m=TO_BACK f=NONE leash=Surface(name=Task=269#9656)/@0x3afbbe3 sb=Rect(0, 0 - 1200, 2000) eb=Rect(0, 0 - 1200, 2000) d=0},{null m=TO_FRONT f=IS_WALLPAPER leash=Surface(name=Surface(name=WallpaperWindowToken{7aeb8a2 token=android.os.Binder@f5346d}#65)/@0xafa31d4 - rotation-leash#9697)/@0x1a459e0 sb=Rect(0, 0 - 1200, 2000) eb=Rect(0, 0 - 1200, 2000) d=0 r=0->2:-1}]}
12-09 12:00:54.335  1464  1519 V WindowManagerShell: Playing animation for (#679)android.os.BinderProxy@c46fb9d@0
12-09 12:00:54.335  1464  1519 V WindowManagerShell:  try firstHandler com.android.wm.shell.recents.RecentsTransitionHandler@8157eb5
12-09 12:00:54.336  1464  1519 V ShellRecents: [132582004] RecentsController.start
12-09 12:00:54.336  1069  1209 V BroadcastQueue: Enqueuing BroadcastRecord{44d22de android.intent.action.CLOSE_SYSTEM_DIALOGS/u-1} from uid 1000 pid -1 for 7 receivers
12-09 12:00:54.339  1464  1519 V ShellRecents:   adding pausing leaf taskId=269 at layer=8
12-09 12:00:54.344  1464  1519 V ShellRecents: [132582004] RecentsController.start: calling onAnimationStart
12-09 12:00:54.344  1464  1519 V WindowManagerShell:  animated by firstHandler
12-09 12:00:54.353  1069  1219 V WindowManager: Sent Transition #679 createdAt=12-09 12:00:54.231
