--------- beginning of system
12-09 11:53:54.165  1069  3096 D UnisocDisplayJamMonitorImpl: Switch focus to Window{9306f5 u0 com.android.settings/com.android.settings.SubSettings}, [type=1]-[Surface(name=*Title#9547)/@0xdb4ff18, shown=false, alpha=0.0, windowType=1] on APP(ActivityRecord{72ada15 u0 com.android.settings/.SubSettings t265 d0}) from null, newWindowHandle = 9306f5 com.android.settings/com.android.settings.SubSettings, frame=[0,0,0,0], touchableRegion=SkRegion(), scaleFactor=0.0, transform=null, windowToken=null, displayId=0, isClone=false, packageName=com.android.settings, ownerPid=1840, touchableRegionSurfaceControl=java.lang.ref.WeakReference@fa21fad, replaceTouchableRegionWithCrop=false, changed=true mGlobalScale=1.0 mCompatScale=1.0 mInvGlobalScale=1.0
12-09 11:53:54.193  1069  3098 D WindowManager: finishDrawingLocked: merge with mWin.mSyncTransaction!!! ,mWin = Window{9306f5 u0 com.android.settings/com.android.settings.SubSettings}, [type=1]-[Surface(name=*Title#9547)/@0xdb4ff18, shown=false, alpha=0.0, windowType=1] ,inputHandle = 9306f5 com.android.settings/com.android.settings.SubSettings, frame=[0,0,0,0], touchableRegion=SkRegion((0,0,1200,2000)), scaleFactor=1.0, transform=null, windowToken=android.os.BinderProxy@ae94c2c, displayId=0, isClone=false, packageName=com.android.settings, ownerPid=1840, touchableRegionSurfaceControl=java.lang.ref.WeakReference@a7c62e2, replaceTouchableRegionWithCrop=false, changed=false
12-09 11:53:54.199  1069  1219 V WindowManager: Sent Transition #670 createdAt=12-09 11:53:53.869 via request=TransitionRequestInfo { type = OPEN, triggerTask = null, remoteTransition = null, displayChange = null }
12-09 11:53:54.199  1069  1219 V WindowManager:     startWCT=WindowContainerTransaction { changes = {} hops = [] errorCallbackToken=null taskFragmentOrganizer=null }
12-09 11:53:54.199  1069  1219 V WindowManager:     info={id=670 t=OPEN f=0x0 trk=0 r=[0@Point(0, 0)] c=[{WCT{RemoteToken{b01cb2e TaskFragment{582611e mode=fullscreen}}} m=OPEN f=IN_TASK_WITH_EMBEDDED_ACTIVITY|FILLS_TASK leash=Surface(name=TaskFragment{582611e mode=fullscreen}#9544)/@0xb609930 sb=Rect(0, 0 - 1200, 2000) eb=Rect(0, 0 - 1200, 2000) d=0},{WCT{RemoteToken{9e39ced TaskFragment{b7d6858 mode=fullscreen}}} m=TO_BACK f=IN_TASK_WITH_EMBEDDED_ACTIVITY|FILLS_TASK leash=Surface(name=TaskFragment{b7d6858 mode=fullscreen}#9212)/@0x8738f17 sb=Rect(0, 0 - 1200, 2000) eb=Rect(0, 0 - 1200, 2000) d=0}]}
12-09 11:53:54.200  1464  1519 V WindowManagerShell: onTransitionReady android.os.BinderProxy@34b2d5: {id=670 t=OPEN f=0x0 trk=0 r=[0@Point(0, 0)] c=[{WCT{android.window.IWindowContainerToken$Stub$Proxy@59aa751} m=OPEN f=IN_TASK_WITH_EMBEDDED_ACTIVITY|FILLS_TASK leash=Surface(name=TaskFragment{582611e mode=fullscreen}#9544)/@0xaab3aea sb=Rect(0, 0 - 1200, 2000) eb=Rect(0, 0 - 1200, 2000) d=0},{WCT{android.window.IWindowContainerToken$Stub$Proxy@b7a1bb6} m=TO_BACK f=IN_TASK_WITH_EMBEDDED_ACTIVITY|FILLS_TASK leash=Surface(name=TaskFragment{b7d6858 mode=fullscreen}#9212)/@0x1d791db sb=Rect(0, 0 - 1200, 2000) eb=Rect(0, 0 - 1200, 2000) d=0}]}
12-09 11:53:54.200  1464  1519 V WindowManagerShell: Playing animation for (#670)android.os.BinderProxy@34b2d5@0
12-09 11:53:54.200  1464  1519 V WindowManagerShell:  try handler com.android.wm.shell.transition.DefaultMixedHandler@940f8e8
12-09 11:53:54.200  1464  1519 V WindowManagerShell:  try handler com.android.wm.shell.keyguard.KeyguardTransitionHandler@985599f
12-09 11:53:54.200  1464  1519 V WindowManagerShell:  try handler com.android.wm.shell.activityembedding.ActivityEmbeddingController@f0fcaec
12-09 11:53:54.200  1464  1519 V WindowManagerShell:  try handler com.android.wm.shell.recents.RecentsTransitionHandler@8157eb5
12-09 11:53:54.200  1464  1519 V ShellRecents: RecentsTransitionHandler.startAnimation: no controller found
12-09 11:53:54.200  1464  1519 V WindowManagerShell:  try handler com.android.wm.shell.pip.PipTransition@2c0494a
12-09 11:53:54.200  1464  1519 V WindowManagerShell:  try handler com.android.wm.shell.splitscreen.StageCoordinator@b6ff0bb
12-09 11:53:54.200  1464  1519 V WindowManagerShell:  try handler com.android.wm.shell.transition.RemoteTransitionHandler@5a4a9d8
12-09 11:53:54.201  1464  1519 V WindowManagerShell: Transition doesn't have explicit remote, search filters for match for {id=670 t=OPEN f=0x0 trk=0 r=[0@Point(0, 0)] c=[{WCT{android.window.IWindowContainerToken$Stub$Proxy@59aa751} m=OPEN f=IN_TASK_WITH_EMBEDDED_ACTIVITY|FILLS_TASK leash=Surface(name=TaskFragment{582611e mode=fullscreen}#9544)/@0xaab3aea sb=Rect(0, 0 - 1200, 2000) eb=Rect(0, 0 - 1200, 2000) d=0},{WCT{android.window.IWindowContainerToken$Stub$Proxy@b7a1bb6} m=TO_BACK f=IN_TASK_WITH_EMBEDDED_ACTIVITY|FILLS_TASK leash=Surface(name=TaskFragment{b7d6858 mode=fullscreen}#9212)/@0x1d791db sb=Rect(0, 0 - 1200, 2000) eb=Rect(0, 0 - 1200, 2000) d=0}]}
12-09 11:53:54.201  1464  1519 V WindowManagerShell:  Checking filter Pair{{types=[] flags=0x0] notFlags=0x100 checks=[{atype=home independent=true modes=[OPEN,TO_FRONT] flags=NONE mustBeTask=false order=TOP topActivity=ComponentInfo{com.android.launcher3/com.android.searchlauncher.SearchLauncher}},{atype=standard independent=true modes=[CLOSE,TO_BACK] flags=NONE mustBeTask=false order=ANY topActivity=null}]} RemoteTransition { remoteTransition = android.window.IRemoteTransition$Stub$Proxy@7ac1801, appThread = android.app.IApplicationThread$Stub$Proxy@55cb6a6, debugName = QuickstepLaunchHome }}
12-09 11:53:54.201  1464  1519 V WindowManagerShell:  Delegate animation for #670 to null
12-09 11:53:54.201  1464  1519 V WindowManagerShell:  try handler com.android.wm.shell.transition.DefaultTransitionHandler@7ec5131
12-09 11:53:54.201  1464  1519 V WindowManagerShell: start default transition animation, info = {id=670 t=OPEN f=0x0 trk=0 r=[0@Point(0, 0)] c=[{WCT{android.window.IWindowContainerToken$Stub$Proxy@59aa751} m=OPEN f=IN_TASK_WITH_EMBEDDED_ACTIVITY|FILLS_TASK leash=Surface(name=TaskFragment{582611e mode=fullscreen}#9544)/@0xaab3aea sb=Rect(0, 0 - 1200, 2000) eb=Rect(0, 0 - 1200, 2000) d=0},{WCT{android.window.IWindowContainerToken$Stub$Proxy@b7a1bb6} m=TO_BACK f=IN_TASK_WITH_EMBEDDED_ACTIVITY|FILLS_TASK leash=Surface(name=TaskFragment{b7d6858 mode=fullscreen}#9212)/@0x1d791db sb=Rect(0, 0 - 1200, 2000) eb=Rect(0, 0 - 1200, 2000) d=0}]}
12-09 11:53:54.202  1464  1519 V WindowManagerShell: loadAnimation: anim=android.view.animation.AnimationSet@7843d42 animAttr=0x5 type=OPEN isEntrance=false
12-09 11:53:54.218  1464  1519 V WindowManagerShell: loadAnimation: anim=android.view.animation.AnimationSet@c1ceb8e animAttr=0x4 type=OPEN isEntrance=true
12-09 11:53:54.245  1464  1519 V WindowManagerShell:  animated by com.android.wm.shell.transition.DefaultTransitionHandler@7ec5131
12-09 11:53:54.312  1069  2622 W PackageConfigPersister: App-specific configuration not found for packageName: com.android.settings and userId: 0
12-09 11:53:54.482  1464  1519 V WindowManagerShell: Transition animation finished (aborted=false), notifying core (#670)android.os.BinderProxy@34b2d5@0
12-09 11:53:54.486  1069  1219 V WindowManager: Finish Transition #670: created at 12-09 11:53:53.869 collect-started=0.127ms request-sent=9.692ms started=12.489ms ready=324.836ms sent=329.055ms finished=616.442ms
12-09 11:53:54.488  1464  1519 V WindowManagerShell: Track 0 became idle
12-09 11:53:54.488  1464  1519 V WindowManagerShell: All active transition animations finished
12-09 11:53:54.523  1069  3067 I ActivityTaskManager: checkReadyForSleepLocked int true
12-09 11:53:55.369  1069  1239 D AppOps  : evalModeInternal-uid:10276 ,code: 1 ,uidState: 700 ,uidCapability: 0 ,opCapability: 1
12-09 11:53:55.374  1069  3067 W BatteryExternalStatsWorker: error reading modem stats:ERROR_INVALID_INFO_RECEIVED
12-09 11:53:56.222  1069  3098 E Transition: Trying to add a ready-group twice: Display{#0 state=ON size=1200x2000 ROTATION_180}
12-09 11:53:56.223  1069  3098 I ActivityTaskManager: START u0 {cmp=com.android.settings/.spa.SpaActivity (has extras)} with LAUNCH_MULTIPLE from uid 1000 pid 1840 (BAL_ALLOW_ALLOWLISTED_UID) result code=START_SUCCESS
12-09 11:53:56.224  1464  1519 V WindowManagerShell: Transition requested: android.os.BinderProxy@11ca7cb TransitionRequestInfo { type = OPEN, triggerTask = TaskInfo{userId=0 taskId=265 displayId=0 isRunning=true baseIntent=Intent { act=android.intent.action.MAIN cat=[android.intent.category.LAUNCHER] flg=0x10200000 cmp=com.android.settings/.Settings } baseActivity=ComponentInfo{com.android.settings/com.android.settings.homepage.SettingsHomepageActivity} topActivity=ComponentInfo{com.android.settings/com.android.settings.spa.SpaActivity} origActivity=ComponentInfo{com.android.settings/com.android.settings.Settings} realActivity=ComponentInfo{com.android.settings/com.android.settings.homepage.SettingsHomepageActivity} numActivities=3 lastActiveTime=328653947 supportsMultiWindow=true resizeMode=1 isResizeable=true minWidth=-1 minHeight=-1 defaultMinSize=220 token=WCT{android.window.IWindowContainerToken$Stub$Proxy@6557ba8} topActivityType=1 pictureInPictureParams=null shouldDockBigOverlays=false launchIntoPipHostTaskId=-1 lastParentTaskIdBeforePip=-1 displayCutoutSafeInsets=null topActivityInfo=ActivityInfo{a0306c1 com.android.settings.spa.SpaActivity} launchCookies=[] positionInParent=Point(0, 0) parentTaskId=-1 isFocused=true isVisible=true isVisibleRequested=true isSleeping=false topActivityInSizeCompat=false topActivityEligibleForLetterboxEducation= false topActivityLetterboxed= false isFromDoubleTap= false topActivityLetterboxVerticalPosition= -1 topActivityLetterboxHorizontalPosition= -1 topActivityLetterboxWidth=-1 topActivityLetterboxHeight=-1 locusId=null displayAreaFeatureId=1 cameraCompatControlState=hidden}, remoteTransition = null, displayChange = null }
12-09 11:53:56.232  1069  1374 I ActivityTaskManager: delivered LaunchActivityItem: ActivityRecord{99080bf u0 com.android.settings/.spa.SpaActivity t265 d0}
12-09 11:53:56.232  1069  1374 D WindowManager: setFocusedApp mFocusedApp = ActivityRecord{99080bf u0 com.android.settings/.spa.SpaActivity t265 d0}displayId = 0Callers = com.android.server.wm.ActivityTaskManagerService.setLastResumedActivityUncheckLocked:4928 com.android.server.wm.ActivityTaskSupervisor.updateTopResumedActivityIfNeeded:2416 com.android.server.wm.TaskFragment.setResumedActivity:604 com.android.server.wm.TaskFragment.onActivityStateChanged:900 
12-09 11:53:56.233  1069  1374 I WindowManager: Input focus has changed to null from 9306f5 com.android.settings/com.android.settings.SubSettings mDisplayId 0 updateInputWindows true
12-09 11:53:56.233  1069  1374 D UnisocDisplayJamMonitorImpl: Switch focus to null.
12-09 11:53:56.277  1069  3098 D CoreBackPreview: Window{f5669db u0 com.android.settings/com.android.settings.spa.SpaActivity}, [type=1]*noSurface: Setting back callback OnBackInvokedCallbackInfo{mCallback=android.window.IOnBackInvokedCallback$Stub$Proxy@c913f51, mPriority=0, mIsAnimationCallback=false}
12-09 11:53:56.282  1069  1374 I WindowManager: Input focus has changed to Window{f5669db u0 com.android.settings/com.android.settings.spa.SpaActivity}, [type=1]-[Surface(name=*Title#9561)/@0x4c8d3b6, shown=false, alpha=0.0, windowType=1] from 9306f5 com.android.settings/com.android.settings.SubSettings mDisplayId 0 updateInputWindows true
12-09 11:53:56.283  1069  1374 D UnisocDisplayJamMonitorImpl: Switch focus to Window{f5669db u0 com.android.settings/com.android.settings.spa.SpaActivity}, [type=1]-[Surface(name=*Title#9561)/@0x4c8d3b6, shown=false, alpha=0.0, windowType=1] on APP(ActivityRecord{99080bf u0 com.android.settings/.spa.SpaActivity t265 d0}) from null, newWindowHandle = f5669db com.android.settings/com.android.settings.spa.SpaActivity, frame=[0,0,0,0], touchableRegion=SkRegion(), scaleFactor=0.0, transform=null, windowToken=null, displayId=0, isClone=false, packageName=com.android.settings, ownerPid=1840, touchableRegionSurfaceControl=java.lang.ref.WeakReference@4863953, replaceTouchableRegionWithCrop=false, changed=true mGlobalScale=1.0 mCompatScale=1.0 mInvGlobalScale=1.0
12-09 11:53:56.290  1069  1374 D WindowManager: finishDrawingLocked: merge with mWin.mSyncTransaction!!! ,mWin = Window{f5669db u0 com.android.settings/com.android.settings.spa.SpaActivity}, [type=1]-[Surface(name=*Title#9561)/@0x4c8d3b6, shown=false, alpha=0.0, windowType=1] ,inputHandle = f5669db com.android.settings/com.android.settings.spa.SpaActivity, frame=[0,0,0,0], touchableRegion=SkRegion((0,0,1200,2000)), scaleFactor=1.0, transform=null, windowToken=android.os.BinderProxy@5fe72ea, displayId=0, isClone=false, packageName=com.android.settings, ownerPid=1840, touchableRegionSurfaceControl=java.lang.ref.WeakReference@bcfe290, replaceTouchableRegionWithCrop=false, changed=false
12-09 11:53:56.296  1069  1219 V WindowManager: Sent Transition #671 createdAt=12-09 11:53:56.212 via request=TransitionRequestInfo { type = OPEN, triggerTask = TaskInfo{userId=0 taskId=265 displayId=0 isRunning=true baseIntent=Intent { act=android.intent.action.MAIN cat=[android.intent.category.LAUNCHER] flg=0x10200000 cmp=com.android.settings/.Settings } baseActivity=ComponentInfo{com.android.settings/com.android.settings.homepage.SettingsHomepageActivity} topActivity=ComponentInfo{com.android.settings/com.android.settings.spa.SpaActivity} origActivity=ComponentInfo{com.android.settings/com.android.settings.Settings} realActivity=ComponentInfo{com.android.settings/com.android.settings.homepage.SettingsHomepageActivity} numActivities=3 lastActiveTime=328653947 supportsMultiWindow=true resizeMode=1 isResizeable=true minWidth=-1 minHeight=-1 defaultMinSize=220 token=WCT{RemoteToken{ae55c8b Task{f249502 #265 type=standard A=1000:com.android.settings.root}}} topActivityType=1 pictureInPictureParams=null shouldDockBigOverlays=false launchIntoPipHostTaskId=-1 lastParentTaskIdBeforePip=-1 displayCutoutSafeInsets=null topActivityInfo=ActivityInfo{ff897bc com.android.settings.spa.SpaActivity} launchCookies=[] positionInParent=Point(0, 0) parentTaskId=-1 isFocused=true isVisible=true isVisibleRequested=true isSleeping=false topActivityInSizeCompat=false topActivityEligibleForLetterboxEducation= false topActivityLetterboxed= false isFromDoubleTap= false topActivityLetterboxVerticalPosition= -1 topActivityLetterboxHorizontalPosition= -1 topActivityLetterboxWidth=-1 topActivityLetterboxHeight=-1 locusId=null displayAreaFeatureId=1 cameraCompatControlState=hidden}, remoteTransition = null, displayChange = null }
12-09 11:53:56.296  1069  1219 V WindowManager:     startWCT=WindowContainerTransaction { changes = {} hops = [] errorCallbackToken=null taskFragmentOrganizer=null }
12-09 11:53:56.296  1464  1519 V WindowManagerShell: onTransitionReady android.os.BinderProxy@11ca7cb: {id=671 t=OPEN f=0x0 trk=0 r=[0@Point(0, 0)] c=[{null m=OPEN f=IN_TASK_WITH_EMBEDDED_ACTIVITY|FILLS_TASK leash=Surface(name=ActivityRecord{99080bf u0 com.android.settings/.spa.SpaActivity#9559)/@0x99ede66 sb=Rect(0, 0 - 0, 0) eb=Rect(0, 0 - 1200, 2000) d=-1->0 r=-1->2:-1},{null m=TO_BACK f=IN_TASK_WITH_EMBEDDED_ACTIVITY|FILLS_TASK leash=Surface(name=ActivityRecord{72ada15 u0 com.android.settings/.SubSettings#9545)/@0x94bf5a7 sb=Rect(0, 0 - 1200, 2000) eb=Rect(0, 0 - 1200, 2000) d=0}]}
12-09 11:53:56.296  1069  1219 V WindowManager:     info={id=671 t=OPEN f=0x0 trk=0 r=[0@Point(0, 0)] c=[{null m=OPEN f=IN_TASK_WITH_EMBEDDED_ACTIVITY|FILLS_TASK leash=Surface(name=ActivityRecord{99080bf u0 com.android.settings/.spa.SpaActivity#9559)/@0x98aa38e sb=Rect(0, 0 - 0, 0) eb=Rect(0, 0 - 1200, 2000) d=-1->0 r=-1->2:-1},{null m=TO_BACK f=IN_TASK_WITH_EMBEDDED_ACTIVITY|FILLS_TASK leash=Surface(name=ActivityRecord{72ada15 u0 com.android.settings/.SubSettings#9545)/@0x9eb8789 sb=Rect(0, 0 - 1200, 2000) eb=Rect(0, 0 - 1200, 2000) d=0}]}
12-09 11:53:56.296  1464  1519 V WindowManagerShell: Playing animation for (#671)android.os.BinderProxy@11ca7cb@0
12-09 11:53:56.297  1464  1519 V WindowManagerShell:  try handler com.android.wm.shell.transition.DefaultMixedHandler@940f8e8
12-09 11:53:56.297  1464  1519 V WindowManagerShell:  try handler com.android.wm.shell.keyguard.KeyguardTransitionHandler@985599f
12-09 11:53:56.297  1464  1519 V WindowManagerShell:  try handler com.android.wm.shell.activityembedding.ActivityEmbeddingController@f0fcaec
12-09 11:53:56.297  1464  1519 V WindowManagerShell:  try handler com.android.wm.shell.recents.RecentsTransitionHandler@8157eb5
12-09 11:53:56.297  1464  1519 V ShellRecents: RecentsTransitionHandler.startAnimation: no controller found
12-09 11:53:56.297  1464  1519 V WindowManagerShell:  try handler com.android.wm.shell.pip.PipTransition@2c0494a
12-09 11:53:56.297  1464  1519 V WindowManagerShell:  try handler com.android.wm.shell.splitscreen.StageCoordinator@b6ff0bb
12-09 11:53:56.297  1464  1519 V WindowManagerShell:  try handler com.android.wm.shell.transition.RemoteTransitionHandler@5a4a9d8
12-09 11:53:56.297  1464  1519 V WindowManagerShell: Transition doesn't have explicit remote, search filters for match for {id=671 t=OPEN f=0x0 trk=0 r=[0@Point(0, 0)] c=[{null m=OPEN f=IN_TASK_WITH_EMBEDDED_ACTIVITY|FILLS_TASK leash=Surface(name=ActivityRecord{99080bf u0 com.android.settings/.spa.SpaActivity#9559)/@0x99ede66 sb=Rect(0, 0 - 0, 0) eb=Rect(0, 0 - 1200, 2000) d=-1->0 r=-1->2:-1},{null m=TO_BACK f=IN_TASK_WITH_EMBEDDED_ACTIVITY|FILLS_TASK leash=Surface(name=ActivityRecord{72ada15 u0 com.android.settings/.SubSettings#9545)/@0x94bf5a7 sb=Rect(0, 0 - 1200, 2000) eb=Rect(0, 0 - 1200, 2000) d=0}]}
12-09 11:53:56.297  1464  1519 V WindowManagerShell:  Checking filter Pair{{types=[] flags=0x0] notFlags=0x100 checks=[{atype=home independent=true modes=[OPEN,TO_FRONT] flags=NONE mustBeTask=false order=TOP topActivity=ComponentInfo{com.android.launcher3/com.android.searchlauncher.SearchLauncher}},{atype=standard independent=true modes=[CLOSE,TO_BACK] flags=NONE mustBeTask=false order=ANY topActivity=null}]} RemoteTransition { remoteTransition = android.window.IRemoteTransition$Stub$Proxy@7ac1801, appThread = android.app.IApplicationThread$Stub$Proxy@55cb6a6, debugName = QuickstepLaunchHome }}
12-09 11:53:56.297  1464  1519 V WindowManagerShell:  Delegate animation for #671 to null
12-09 11:53:56.297  1464  1519 V WindowManagerShell:  try handler com.android.wm.shell.transition.DefaultTransitionHandler@7ec5131
12-09 11:53:56.297  1464  1519 V WindowManagerShell: start default transition animation, info = {id=671 t=OPEN f=0x0 trk=0 r=[0@Point(0, 0)] c=[{null m=OPEN f=IN_TASK_WITH_EMBEDDED_ACTIVITY|FILLS_TASK leash=Surface(name=ActivityRecord{99080bf u0 com.android.settings/.spa.SpaActivity#9559)/@0x99ede66 sb=Rect(0, 0 - 0, 0) eb=Rect(0, 0 - 1200, 2000) d=-1->0 r=-1->2:-1},{null m=TO_BACK f=IN_TASK_WITH_EMBEDDED_ACTIVITY|FILLS_TASK leash=Surface(name=ActivityRecord{72ada15 u0 com.android.settings/.SubSettings#9545)/@0x94bf5a7 sb=Rect(0, 0 - 1200, 2000) eb=Rect(0, 0 - 1200, 2000) d=0}]}
12-09 11:53:56.298  1464  1519 V WindowManagerShell: loadAnimation: anim=android.view.animation.AnimationSet@ce217c0 animAttr=0x5 type=OPEN isEntrance=false
12-09 11:53:56.313  1464  1519 V WindowManagerShell: loadAnimation: anim=android.view.animation.AnimationSet@9b0efec animAttr=0x4 type=OPEN isEntrance=true
12-09 11:53:56.343  1464  1519 V WindowManagerShell:  animated by com.android.wm.shell.transition.DefaultTransitionHandler@7ec5131
12-09 11:53:56.410  1840 18272 W ContextImpl: Calling a method in the system process without a qualified user: android.app.ContextImpl.sendBroadcast:1220 android.content.ContextWrapper.sendBroadcast:504 com.android.settings.fuelgauge.batteryusage.BootBroadcastReceiver.invokeJobRecheck:58 com.android.settings.fuelgauge.batteryusage.BatteryUsageContentProvider.lambda$getBatteryStates$0:192 com.android.settings.fuelgauge.batteryusage.BatteryUsageContentProvider.$r8$lambda$GIZ8kfDQ4FGsQc1MEnYvlHwj8ts:0 
12-09 11:53:56.411  1069  3067 V BroadcastQueue: Enqueuing BroadcastRecord{ae01d43 com.android.settings.battery.action.PERIODIC_JOB_RECHECK/u0} from uid 1000 pid 1840 for 1 receivers
12-09 11:53:56.421  1840 18825 W LocaleConfig: The resource file pointed to by the given resource ID isn't found.
12-09 11:53:56.506  1069  2627 W PackageConfigPersister: App-specific configuration not found for packageName: com.android.settings and userId: 0
12-09 11:53:56.509  1069  1374 V AlarmManager: set(PendingIntent{e69ae4a: PendingIntentRecord{d55f1bb com.android.settings broadcastIntent}}) : type=0 listener=null listenerTag=null workSource=null callingPackage=com.android.settings callingUid=1000 triggerAtTime=1765314000000 win=0 tElapsed=332617728 maxElapsed=332617728 interval=0 flags=0x9
12-09 11:53:56.513  1069  1347 D ActivityManager: Skip enqueue broadcast because no receiver with Intent { act=com.android.server.action.NETWORK_STATS_UPDATED flg=0x40000010 }
12-09 11:53:56.527  1069  1347 D ActivityManager: Skip enqueue broadcast because no receiver with Intent { act=com.android.server.action.NETWORK_STATS_UPDATED flg=0x40000010 }
12-09 11:53:56.546  1069  1347 D ActivityManager: Skip enqueue broadcast because no receiver with Intent { act=com.android.server.action.NETWORK_STATS_UPDATED flg=0x40000010 }
12-09 11:53:56.557  1069  1347 D ActivityManager: Skip enqueue broadcast because no receiver with Intent { act=com.android.server.action.NETWORK_STATS_UPDATED flg=0x40000010 }
12-09 11:53:56.568  1069  1347 D ActivityManager: Skip enqueue broadcast because no receiver with Intent { act=com.android.server.action.NETWORK_STATS_UPDATED flg=0x40000010 }
12-09 11:53:56.579  1069  1347 D ActivityManager: Skip enqueue broadcast because no receiver with Intent { act=com.android.server.action.NETWORK_STATS_UPDATED flg=0x40000010 }
12-09 11:53:56.582  1464  1519 V WindowManagerShell: Transition animation finished (aborted=false), notifying core (#671)android.os.BinderProxy@11ca7cb@0
12-09 11:53:56.585  1069  1219 V WindowManager: Finish Transition #671: created at 12-09 11:53:56.212 collect-started=0.09ms request-sent=10.234ms started=12.43ms ready=29.19ms sent=82.547ms finished=372.867ms
12-09 11:53:56.587  1464  1519 V WindowManagerShell: Track 0 became idle
12-09 11:53:56.587  1464  1519 V WindowManagerShell: All active transition animations finished
12-09 11:53:56.591  1069  1347 D ActivityManager: Skip enqueue broadcast because no receiver with Intent { act=com.android.server.action.NETWORK_STATS_UPDATED flg=0x40000010 }
12-09 11:53:56.604  1069  1347 D ActivityManager: Skip enqueue broadcast because no receiver with Intent { act=com.android.server.action.NETWORK_STATS_UPDATED flg=0x40000010 }
12-09 11:53:56.616  1069  1347 D ActivityManager: Skip enqueue broadcast because no receiver with Intent { act=com.android.server.action.NETWORK_STATS_UPDATED flg=0x40000010 }
12-09 11:53:56.620  1069  1374 I ActivityTaskManager: checkReadyForSleepLocked int true
12-09 11:53:56.629  1069  1347 D ActivityManager: Skip enqueue broadcast because no receiver with Intent { act=com.android.server.action.NETWORK_STATS_UPDATED flg=0x40000010 }
12-09 11:53:56.642  1069  1347 D ActivityManager: Skip enqueue broadcast because no receiver with Intent { act=com.android.server.action.NETWORK_STATS_UPDATED flg=0x40000010 }
12-09 11:53:56.655  1069  1347 D ActivityManager: Skip enqueue broadcast because no receiver with Intent { act=com.android.server.action.NETWORK_STATS_UPDATED flg=0x40000010 }
12-09 11:53:56.669  1069  1347 D ActivityManager: Skip enqueue broadcast because no receiver with Intent { act=com.android.server.action.NETWORK_STATS_UPDATED flg=0x40000010 }
12-09 11:53:57.881  1069  3098 W PackageConfigPersister: App-specific configuration not found for packageName: com.android.settings and userId: 0
12-09 11:53:57.887  1069  3098 E Transition: Trying to add a ready-group twice: Display{#0 state=ON size=1200x2000 ROTATION_180}
12-09 11:53:57.888  1069  3098 I ActivityTaskManager: START u0 {act=android.intent.action.MANAGE_APP_PERMISSIONS cmp=com.google.android.permissioncontroller/com.android.permissioncontroller.permission.ui.ManagePermissionsActivity (has extras)} with LAUNCH_MULTIPLE from uid 1000 pid 1840 (BAL_ALLOW_ALLOWLISTED_UID) result code=START_SUCCESS
12-09 11:53:57.889  1464  1519 V WindowManagerShell: Transition requested: android.os.BinderProxy@7ba2231 TransitionRequestInfo { type = OPEN, triggerTask = TaskInfo{userId=0 taskId=265 displayId=0 isRunning=true baseIntent=Intent { act=android.intent.action.MAIN cat=[android.intent.category.LAUNCHER] flg=0x10200000 cmp=com.android.settings/.Settings } baseActivity=ComponentInfo{com.android.settings/com.android.settings.homepage.SettingsHomepageActivity} topActivity=ComponentInfo{com.google.android.permissioncontroller/com.android.permissioncontroller.permission.ui.ManagePermissionsActivity} origActivity=ComponentInfo{com.android.settings/com.android.settings.Settings} realActivity=ComponentInfo{com.android.settings/com.android.settings.homepage.SettingsHomepageActivity} numActivities=4 lastActiveTime=328655613 supportsMultiWindow=true resizeMode=1 isResizeable=true minWidth=-1 minHeight=-1 defaultMinSize=220 token=WCT{android.window.IWindowContainerToken$Stub$Proxy@391ad16} topActivityType=1 pictureInPictureParams=null shouldDockBigOverlays=false launchIntoPipHostTaskId=-1 lastParentTaskIdBeforePip=-1 displayCutoutSafeInsets=null topActivityInfo=ActivityInfo{cc79697 com.android.permissioncontroller.permission.ui.ManagePermissionsActivity} launchCookies=[] positionInParent=Point(0, 0) parentTaskId=-1 isFocused=true isVisible=true isVisibleRequested=true isSleeping=false topActivityInSizeCompat=false topActivityEligibleForLetterboxEducation= false topActivityLetterboxed= false isFromDoubleTap= false topActivityLetterboxVerticalPosition= -1 topActivityLetterboxHorizontalPosition= -1 topActivityLetterboxWidth=-1 topActivityLetterboxHeight=-1 locusId=null displayAreaFeatureId=1 cameraCompatControlState=hidden}, remoteTransition = null, displayChange = null }
12-09 11:53:57.899  1069  1210 I ActivityTaskManager: delivered LaunchActivityItem: ActivityRecord{2cefb16 u0 com.google.android.permissioncontroller/com.android.permissioncontroller.permission.ui.ManagePermissionsActivity t265 d0}
12-09 11:53:57.899  1069  1210 D WindowManager: setFocusedApp mFocusedApp = ActivityRecord{2cefb16 u0 com.google.android.permissioncontroller/com.android.permissioncontroller.permission.ui.ManagePermissionsActivity t265 d0}displayId = 0Callers = com.android.server.wm.ActivityTaskManagerService.setLastResumedActivityUncheckLocked:4928 com.android.server.wm.ActivityTaskSupervisor.updateTopResumedActivityIfNeeded:2416 com.android.server.wm.TaskFragment.setResumedActivity:604 com.android.server.wm.TaskFragment.onActivityStateChanged:900 
12-09 11:53:57.900  1069  1210 I WindowManager: Input focus has changed to null from f5669db com.android.settings/com.android.settings.spa.SpaActivity mDisplayId 0 updateInputWindows true
12-09 11:53:57.901  1069  1210 D UnisocDisplayJamMonitorImpl: Switch focus to null.
12-09 11:53:57.911  1069  1251 D AutomaticBrightnessController: mAmbientLux= 103.12501,newScreenAutoBrightness=0.55530024
12-09 11:53:58.170  1069  1210 D CoreBackPreview: Window{89a4efa u0 com.google.android.permissioncontroller/com.android.permissioncontroller.permission.ui.ManagePermissionsActivity}, [type=1]*noSurface: Setting back callback OnBackInvokedCallbackInfo{mCallback=android.window.IOnBackInvokedCallback$Stub$Proxy@cdcdf08, mPriority=0, mIsAnimationCallback=false}
12-09 11:53:58.208  1069  2465 I WindowManager: Input focus has changed to Window{89a4efa u0 com.google.android.permissioncontroller/com.android.permissioncontroller.permission.ui.ManagePermissionsActivity}, [type=1]-[Surface(name=*Title#9575)/@0xe2f96a1, shown=false, alpha=0.0, windowType=1] from f5669db com.android.settings/com.android.settings.spa.SpaActivity mDisplayId 0 updateInputWindows true
12-09 11:53:58.208  1069  2465 D UnisocDisplayJamMonitorImpl: Switch focus to Window{89a4efa u0 com.google.android.permissioncontroller/com.android.permissioncontroller.permission.ui.ManagePermissionsActivity}, [type=1]-[Surface(name=*Title#9575)/@0xe2f96a1, shown=false, alpha=0.0, windowType=1] on APP(ActivityRecord{2cefb16 u0 com.google.android.permissioncontroller/com.android.permissioncontroller.permission.ui.ManagePermissionsActivity t265 d0}) from null, newWindowHandle = 89a4efa com.google.android.permissioncontroller/com.android.permissioncontroller.permission.ui.ManagePermissionsActivity, frame=[0,0,0,0], touchableRegion=SkRegion(), scaleFactor=0.0, transform=null, windowToken=null, displayId=0, isClone=false, packageName=com.google.android.permissioncontroller, ownerPid=1740, touchableRegionSurfaceControl=java.lang.ref.WeakReference@79fc352, replaceTouchableRegionWithCrop=false, changed=true mGlobalScale=1.0 mCompatScale=1.0 mInvGlobalScale=1.0
12-09 11:53:58.250  1069  1210 D WindowManager: finishDrawingLocked: merge with mWin.mSyncTransaction!!! ,mWin = Window{89a4efa u0 com.google.android.permissioncontroller/com.android.permissioncontroller.permission.ui.ManagePermissionsActivity}, [type=1]-[Surface(name=*Title#9575)/@0xe2f96a1, shown=false, alpha=0.0, windowType=1] ,inputHandle = 89a4efa com.google.android.permissioncontroller/com.android.permissioncontroller.permission.ui.ManagePermissionsActivity, frame=[0,0,0,0], touchableRegion=SkRegion((0,0,1200,2000)), scaleFactor=1.0, transform=null, windowToken=android.os.BinderProxy@6824d25, displayId=0, isClone=false, packageName=com.google.android.permissioncontroller, ownerPid=1740, touchableRegionSurfaceControl=java.lang.ref.WeakReference@ff55623, replaceTouchableRegionWithCrop=false, changed=false
12-09 11:53:58.255  1464  1519 V WindowManagerShell: onTransitionReady android.os.BinderProxy@7ba2231: {id=672 t=OPEN f=0x0 trk=0 r=[0@Point(0, 0)] c=[{null m=OPEN f=IN_TASK_WITH_EMBEDDED_ACTIVITY|FILLS_TASK leash=Surface(name=ActivityRecord{2cefb16 u0 com.google.android.permissioncontroller/com.android.permissioncontroller.permission.ui.ManagePermissionsActivity#9573)/@0xa75084 sb=Rect(0, 0 - 0, 0) eb=Rect(0, 0 - 1200, 2000) d=-1->0 r=-1->2:-1},{null m=TO_BACK f=IN_TASK_WITH_EMBEDDED_ACTIVITY|FILLS_TASK leash=Surface(name=ActivityRecord{99080bf u0 com.android.settings/.spa.SpaActivity#9559)/@0xbddb06d sb=Rect(0, 0 - 1200, 2000) eb=Rect(0, 0 - 1200, 2000) d=0}]}
12-09 11:53:58.256  1464  1519 V WindowManagerShell: Playing animation for (#672)android.os.BinderProxy@7ba2231@0
12-09 11:53:58.256  1464  1519 V WindowManagerShell:  try handler com.android.wm.shell.transition.DefaultMixedHandler@940f8e8
12-09 11:53:58.256  1464  1519 V WindowManagerShell:  try handler com.android.wm.shell.keyguard.KeyguardTransitionHandler@985599f
12-09 11:53:58.256  1464  1519 V WindowManagerShell:  try handler com.android.wm.shell.activityembedding.ActivityEmbeddingController@f0fcaec
12-09 11:53:58.256  1464  1519 V WindowManagerShell:  try handler com.android.wm.shell.recents.RecentsTransitionHandler@8157eb5
12-09 11:53:58.256  1464  1519 V ShellRecents: RecentsTransitionHandler.startAnimation: no controller found
12-09 11:53:58.256  1464  1519 V WindowManagerShell:  try handler com.android.wm.shell.pip.PipTransition@2c0494a
12-09 11:53:58.256  1464  1519 V WindowManagerShell:  try handler com.android.wm.shell.splitscreen.StageCoordinator@b6ff0bb
12-09 11:53:58.256  1464  1519 V WindowManagerShell:  try handler com.android.wm.shell.transition.RemoteTransitionHandler@5a4a9d8
12-09 11:53:58.256  1464  1519 V WindowManagerShell: Transition doesn't have explicit remote, search filters for match for {id=672 t=OPEN f=0x0 trk=0 r=[0@Point(0, 0)] c=[{null m=OPEN f=IN_TASK_WITH_EMBEDDED_ACTIVITY|FILLS_TASK leash=Surface(name=ActivityRecord{2cefb16 u0 com.google.android.permissioncontroller/com.android.permissioncontroller.permission.ui.ManagePermissionsActivity#9573)/@0xa75084 sb=Rect(0, 0 - 0, 0) eb=Rect(0, 0 - 1200, 2000) d=-1->0 r=-1->2:-1},{null m=TO_BACK f=IN_TASK_WITH_EMBEDDED_ACTIVITY|FILLS_TASK leash=Surface(name=ActivityRecord{99080bf u0 com.android.settings/.spa.SpaActivity#9559)/@0xbddb06d sb=Rect(0, 0 - 1200, 2000) eb=Rect(0, 0 - 1200, 2000) d=0}]}
12-09 11:53:58.256  1464  1519 V WindowManagerShell:  Checking filter Pair{{types=[] flags=0x0] notFlags=0x100 checks=[{atype=home independent=true modes=[OPEN,TO_FRONT] flags=NONE mustBeTask=false order=TOP topActivity=ComponentInfo{com.android.launcher3/com.android.searchlauncher.SearchLauncher}},{atype=standard independent=true modes=[CLOSE,TO_BACK] flags=NONE mustBeTask=false order=ANY topActivity=null}]} RemoteTransition { remoteTransition = android.window.IRemoteTransition$Stub$Proxy@7ac1801, appThread = android.app.IApplicationThread$Stub$Proxy@55cb6a6, debugName = QuickstepLaunchHome }}
12-09 11:53:58.256  1464  1519 V WindowManagerShell:  Delegate animation for #672 to null
12-09 11:53:58.256  1464  1519 V WindowManagerShell:  try handler com.android.wm.shell.transition.DefaultTransitionHandler@7ec5131
12-09 11:53:58.256  1464  1519 V WindowManagerShell: start default transition animation, info = {id=672 t=OPEN f=0x0 trk=0 r=[0@Point(0, 0)] c=[{null m=OPEN f=IN_TASK_WITH_EMBEDDED_ACTIVITY|FILLS_TASK leash=Surface(name=ActivityRecord{2cefb16 u0 com.google.android.permissioncontroller/com.android.permissioncontroller.permission.ui.ManagePermissionsActivity#9573)/@0xa75084 sb=Rect(0, 0 - 0, 0) eb=Rect(0, 0 - 1200, 2000) d=-1->0 r=-1->2:-1},{null m=TO_BACK f=IN_TASK_WITH_EMBEDDED_ACTIVITY|FILLS_TASK leash=Surface(name=ActivityRecord{99080bf u0 com.android.settings/.spa.SpaActivity#9559)/@0xbddb06d sb=Rect(0, 0 - 1200, 2000) eb=Rect(0, 0 - 1200, 2000) d=0}]}
12-09 11:53:58.258  1464  1519 V WindowManagerShell: loadAnimation: anim=android.view.animation.AnimationSet@ea948ee animAttr=0x5 type=OPEN isEntrance=false
12-09 11:53:58.260  1069  1219 V WindowManager: Sent Transition #672 createdAt=12-09 11:53:57.879 via request=TransitionRequestInfo { type = OPEN, triggerTask = TaskInfo{userId=0 taskId=265 displayId=0 isRunning=true baseIntent=Intent { act=android.intent.action.MAIN cat=[android.intent.category.LAUNCHER] flg=0x10200000 cmp=com.android.settings/.Settings } baseActivity=ComponentInfo{com.android.settings/com.android.settings.homepage.SettingsHomepageActivity} topActivity=ComponentInfo{com.google.android.permissioncontroller/com.android.permissioncontroller.permission.ui.ManagePermissionsActivity} origActivity=ComponentInfo{com.android.settings/com.android.settings.Settings} realActivity=ComponentInfo{com.android.settings/com.android.settings.homepage.SettingsHomepageActivity} numActivities=4 lastActiveTime=328655613 supportsMultiWindow=true resizeMode=1 isResizeable=true minWidth=-1 minHeight=-1 defaultMinSize=220 token=WCT{RemoteToken{ae55c8b Task{f249502 #265 type=standard A=1000:com.android.settings.root}}} topActivityType=1 pictureInPictureParams=null shouldDockBigOverlays=false launchIntoPipHostTaskId=-1 lastParentTaskIdBeforePip=-1 displayCutoutSafeInsets=null topActivityInfo=ActivityInfo{a3d317f com.android.permissioncontroller.permission.ui.ManagePermissionsActivity} launchCookies=[] positionInParent=Point(0, 0) parentTaskId=-1 isFocused=true isVisible=true isVisibleRequested=true isSleeping=false topActivityInSizeCompat=false topActivityEligibleForLetterboxEducation= false topActivityLetterboxed= false isFromDoubleTap= false topActivityLetterboxVerticalPosition= -1 topActivityLetterboxHorizontalPosition= -1 topActivityLetterboxWidth=-1 topActivityLetterboxHeight=-1 locusId=null displayAreaFeatureId=1 cameraCompatControlState=hidden}, remoteTransition = null, displayChange = null }
12-09 11:53:58.260  1069  1219 V WindowManager:     startWCT=WindowContainerTransaction { changes = {} hops = [] errorCallbackToken=null taskFragmentOrganizer=null }
12-09 11:53:58.260  1069  1219 V WindowManager:     info={id=672 t=OPEN f=0x0 trk=0 r=[0@Point(0, 0)] c=[{null m=OPEN f=IN_TASK_WITH_EMBEDDED_ACTIVITY|FILLS_TASK leash=Surface(name=ActivityRecord{2cefb16 u0 com.google.android.permissioncontroller/com.android.permissioncontroller.permission.ui.ManagePermissionsActivity#9573)/@0xdc68720 sb=Rect(0, 0 - 0, 0) eb=Rect(0, 0 - 1200, 2000) d=-1->0 r=-1->2:-1},{null m=TO_BACK f=IN_TASK_WITH_EMBEDDED_ACTIVITY|FILLS_TASK leash=Surface(name=ActivityRecord{99080bf u0 com.android.settings/.spa.SpaActivity#9559)/@0x98aa38e sb=Rect(0, 0 - 1200, 2000) eb=Rect(0, 0 - 1200, 2000) d=0}]}
12-09 11:53:58.275  1464  1519 V WindowManagerShell: loadAnimation: anim=android.view.animation.AnimationSet@46505fa animAttr=0x4 type=OPEN isEntrance=true
12-09 11:53:58.302  1464  1519 V WindowManagerShell:  animated by com.android.wm.shell.transition.DefaultTransitionHandler@7ec5131
12-09 11:53:58.378  1069  3096 W PackageConfigPersister: App-specific configuration not found for packageName: com.google.android.permissioncontroller and userId: 0
12-09 11:53:58.549  1464  1519 V WindowManagerShell: Transition animation finished (aborted=false), notifying core (#672)android.os.BinderProxy@7ba2231@0
12-09 11:53:58.553  1069  1219 V WindowManager: Finish Transition #672: created at 12-09 11:53:57.879 collect-started=0.164ms request-sent=9.045ms started=11.391ms ready=30.865ms sent=375.08ms finished=673.294ms
12-09 11:53:58.555  1464  1519 V WindowManagerShell: Track 0 became idle
12-09 11:53:58.555  1464  1519 V WindowManagerShell: All active transition animations finished
12-09 11:53:58.595  1069  1210 I ActivityTaskManager: checkReadyForSleepLocked int true
12-09 11:53:59.828  1069  1294 D ActivityManager: freezing 18342 com.google.android.apps.healthdata
12-09 11:53:59.830  1069  1294 D ActivityManager: freezing 17783 com.google.android.apps.messaging
12-09 11:53:59.832  1069  1294 D ActivityManager: freezing 17799 com.google.android.apps.messaging:rcs
12-09 11:53:59.834  1069  1294 D ActivityManager: freezing 15906 com.google.android.apps.tachyon
12-09 11:53:59.837  1069  1294 D ActivityManager: freezing 18649 com.android.rkpdapp
12-09 11:53:59.838  1069  1294 D ActivityManager: freezing 18164 com.google.android.adservices.api
12-09 11:53:59.840  1069  1294 D ActivityManager: freezing 17663 com.android.settings.intelligence
12-09 11:53:59.841  1069  1294 D ActivityManager: freezing 18032 com.google.android.marvin.talkback
12-09 11:53:59.842  1069  1294 D ActivityManager: freezing 18014 com.google.android.healthconnect.controller
12-09 11:53:59.843  1069  1294 D ActivityManager: freezing 17941 com.google.android.cellbroadcastreceiver
12-09 11:54:00.000  1069  1299 D AlarmManager: waitForAlarm result:8currentTime=1765310040000, elapsedRealtime=328657727
12-09 11:54:00.000  1069  1299 V AlarmManager: Received TIME_TICK alarm; rescheduling
12-09 11:54:00.001  1069  1299 V AlarmManager: set(null) : type=3 listener=com.android.server.alarm.AlarmManagerService$3@f66a951 listenerTag=TIME_TICK workSource=null callingPackage=android callingUid=1000 triggerAtTime=328717727 win=0 tElapsed=328717727 maxElapsed=328717727 interval=0 flags=0x9
12-09 11:54:00.001  1069  1069 V BroadcastQueue: Enqueuing BroadcastRecord{9762002 android.intent.action.TIME_TICK/u-1} from uid 1000 pid 1069 for 4 receivers
12-09 11:54:00.005  1069  1299 D AlarmManager: sending alarm.type = 3, action = null, alarm = Alarm{8986d13 type 3 origWhen 328657727 whenElapsed 328657727 android}, cn = null, operation = null, listener=com.android.server.alarm.AlarmManagerService$3@f66a951, listenerTag=TIME_TICK, workSource=null
12-09 11:54:00.058  1069  3096 W ProcessStats: Tracking association SourceState{7fcd124 com.google.android.apps.wellbeing/10141 BTop #104940} whose proc state 2 is better than process ProcessState{d2d7cb com.google.android.gms.persistent/10142 pkg=com.google.android.gms} proc state 4 (171 skipped)
12-09 11:54:04.738  1069  1283 V BroadcastQueue: Enqueuing BroadcastRecord{d2a3a4e android.os.action.POWER_SAVE_TEMP_WHITELIST_CHANGED/u0} from uid 1000 pid 1069 for 1 receivers
12-09 11:54:04.742  1069  1283 V BroadcastQueue: Enqueuing BroadcastRecord{f12c76f android.os.action.POWER_SAVE_TEMP_WHITELIST_CHANGED/u0} from uid 1000 pid 1069 for 1 receivers
12-09 11:54:04.746  1069  1283 V BroadcastQueue: Enqueuing BroadcastRecord{29cec7c android.os.action.POWER_SAVE_TEMP_WHITELIST_CHANGED/u0} from uid 1000 pid 1069 for 1 receivers
12-09 11:54:04.749  1069  1283 V BroadcastQueue: Enqueuing BroadcastRecord{c6a905 android.os.action.POWER_SAVE_TEMP_WHITELIST_CHANGED/u0} from uid 1000 pid 1069 for 1 receivers
12-09 11:54:04.754  1069  1283 V BroadcastQueue: Enqueuing BroadcastRecord{af3ad5a android.os.action.POWER_SAVE_TEMP_WHITELIST_CHANGED/u0} from uid 1000 pid 1069 for 1 receivers
12-09 11:54:05.070  1069  1239 D AppOps  : evalModeInternal-uid:10147 ,code: 1 ,uidState: 700 ,uidCapability: 0 ,opCapability: 1
12-09 11:54:06.164  1069  1294 D ActivityManager: freezing 19090 com.google.android.videos
12-09 11:54:08.603  1069  1294 D ActivityManager: freezing 18842 com.example.stripeterminalreactnative
12-09 11:54:09.804  1069  1283 V BroadcastQueue: Enqueuing BroadcastRecord{faf4526 android.os.action.POWER_SAVE_TEMP_WHITELIST_CHANGED/u0} from uid 1000 pid 1069 for 1 receivers
12-09 11:54:12.758  1464  1519 V WindowManagerShell: Transition requested: android.os.BinderProxy@7c0cfa0 TransitionRequestInfo { type = CLOSE, triggerTask = null, remoteTransition = null, displayChange = null }
12-09 11:54:12.775  1069  2465 D WindowManager: setFocusedApp mFocusedApp = ActivityRecord{99080bf u0 com.android.settings/.spa.SpaActivity t265 d0}displayId = 0Callers = com.android.server.wm.ActivityTaskManagerService.setLastResumedActivityUncheckLocked:4928 com.android.server.wm.ActivityTaskSupervisor.updateTopResumedActivityIfNeeded:2416 com.android.server.wm.TaskFragment.setResumedActivity:604 com.android.server.wm.TaskFragment.onActivityStateChanged:900 
12-09 11:54:12.777  1069  2465 I WindowManager: Input focus has changed to null from 89a4efa com.google.android.permissioncontroller/com.android.permissioncontroller.permission.ui.ManagePermissionsActivity mDisplayId 0 updateInputWindows true
12-09 11:54:12.777  1069  2465 D UnisocDisplayJamMonitorImpl: Switch focus to null.
12-09 11:54:12.781  1069  1222 W ProcessStats: Tracking association SourceState{7fcd124 com.google.android.apps.wellbeing/10141 BTop #104963} whose proc state 2 is better than process ProcessState{d2d7cb com.google.android.gms.persistent/10142 pkg=com.google.android.gms} proc state 4 (21 skipped)
12-09 11:54:12.782  1069  1234 I UnisocAntiAging: adjust sched group of app:ProcessRecord{992934 1840:com.android.settings/1000} UI & RT Thread from 5 to 8, renderThreadTid:1983
12-09 11:54:12.786  1069  1251 D AutomaticBrightnessController: mAmbientLux= 103.12501,newScreenAutoBrightness=0.55530024
12-09 11:54:12.799  1840 18272 W ContextImpl: Calling a method in the system process without a qualified user: android.app.ContextImpl.sendBroadcast:1220 android.content.ContextWrapper.sendBroadcast:504 com.android.settings.fuelgauge.batteryusage.BootBroadcastReceiver.invokeJobRecheck:58 com.android.settings.fuelgauge.batteryusage.BatteryUsageContentProvider.lambda$getBatteryStates$0:192 com.android.settings.fuelgauge.batteryusage.BatteryUsageContentProvider.$r8$lambda$GIZ8kfDQ4FGsQc1MEnYvlHwj8ts:0 
12-09 11:54:12.801  1069  2465 V BroadcastQueue: Enqueuing BroadcastRecord{7332649 com.android.settings.battery.action.PERIODIC_JOB_RECHECK/u0} from uid 1000 pid 1840 for 1 receivers
12-09 11:54:12.807  1069  3098 I WindowManager: Input focus has changed to Window{f5669db u0 com.android.settings/com.android.settings.spa.SpaActivity}, [type=1]-[Surface(name=*Title#9587)/@0xbe7bb4e, shown=false, alpha=0.0, windowType=1] from 89a4efa com.google.android.permissioncontroller/com.android.permissioncontroller.permission.ui.ManagePermissionsActivity mDisplayId 0 updateInputWindows true
12-09 11:54:12.807  1069  3098 D UnisocDisplayJamMonitorImpl: Switch focus to Window{f5669db u0 com.android.settings/com.android.settings.spa.SpaActivity}, [type=1]-[Surface(name=*Title#9587)/@0xbe7bb4e, shown=false, alpha=0.0, windowType=1] on APP(ActivityRecord{99080bf u0 com.android.settings/.spa.SpaActivity t265 d0}) from null, newWindowHandle = f5669db com.android.settings/com.android.settings.spa.SpaActivity, frame=[0,0,0,0], touchableRegion=SkRegion(), scaleFactor=1.0, transform=null, windowToken=android.os.BinderProxy@5fe72ea, displayId=0, isClone=false, packageName=com.android.settings, ownerPid=1840, touchableRegionSurfaceControl=java.lang.ref.WeakReference@69e288b, replaceTouchableRegionWithCrop=false, changed=true mGlobalScale=1.0 mCompatScale=1.0 mInvGlobalScale=1.0
12-09 11:54:12.808  1069  1347 D ActivityManager: Skip enqueue broadcast because no receiver with Intent { act=com.android.server.action.NETWORK_STATS_UPDATED flg=0x40000010 }
12-09 11:54:12.814  1840 18825 W LocaleConfig: The resource file pointed to by the given resource ID isn't found.
12-09 11:54:12.822  1069  3098 D WindowManager: finishDrawingLocked: merge with mWin.mSyncTransaction!!! ,mWin = Window{f5669db u0 com.android.settings/com.android.settings.spa.SpaActivity}, [type=1]-[Surface(name=*Title#9587)/@0xbe7bb4e, shown=false, alpha=0.0, windowType=1] ,inputHandle = f5669db com.android.settings/com.android.settings.spa.SpaActivity, frame=[0,0,0,0], touchableRegion=SkRegion((0,0,1200,2000)), scaleFactor=1.0, transform=null, windowToken=android.os.BinderProxy@5fe72ea, displayId=0, isClone=false, packageName=com.android.settings, ownerPid=1840, touchableRegionSurfaceControl=java.lang.ref.WeakReference@833cd68, replaceTouchableRegionWithCrop=false, changed=false
12-09 11:54:12.827  1069  1219 V WindowManager: Sent Transition #673 createdAt=12-09 11:54:12.757 via request=TransitionRequestInfo { type = CLOSE, triggerTask = null, remoteTransition = null, displayChange = null }
12-09 11:54:12.828  1069  1219 V WindowManager:     startWCT=WindowContainerTransaction { changes = {} hops = [] errorCallbackToken=null taskFragmentOrganizer=null }
12-09 11:54:12.828  1069  1219 V WindowManager:     info={id=673 t=CLOSE f=0x0 trk=0 r=[0@Point(0, 0)] c=[{null m=CLOSE f=IN_TASK_WITH_EMBEDDED_ACTIVITY|FILLS_TASK leash=Surface(name=ActivityRecord{2cefb16 u0 com.google.android.permissioncontroller/com.android.permissioncontroller.permission.ui.ManagePermissionsActivity#9573)/@0xdc68720 sb=Rect(0, 0 - 1200, 2000) eb=Rect(0, 0 - 1200, 2000) d=0},{null m=TO_FRONT f=IN_TASK_WITH_EMBEDDED_ACTIVITY|FILLS_TASK leash=Surface(name=ActivityRecord{99080bf u0 com.android.settings/.spa.SpaActivity#9559)/@0x98aa38e sb=Rect(0, 0 - 1200, 2000) eb=Rect(0, 0 - 1200, 2000) d=0}]}
12-09 11:54:12.828  1464  1519 V WindowManagerShell: onTransitionReady android.os.BinderProxy@7c0cfa0: {id=673 t=CLOSE f=0x0 trk=0 r=[0@Point(0, 0)] c=[{null m=CLOSE f=IN_TASK_WITH_EMBEDDED_ACTIVITY|FILLS_TASK leash=Surface(name=ActivityRecord{2cefb16 u0 com.google.android.permissioncontroller/com.android.permissioncontroller.permission.ui.ManagePermissionsActivity#9573)/@0x21b5759 sb=Rect(0, 0 - 1200, 2000) eb=Rect(0, 0 - 1200, 2000) d=0},{null m=TO_FRONT f=IN_TASK_WITH_EMBEDDED_ACTIVITY|FILLS_TASK leash=Surface(name=ActivityRecord{99080bf u0 com.android.settings/.spa.SpaActivity#9559)/@0x2177f1e sb=Rect(0, 0 - 1200, 2000) eb=Rect(0, 0 - 1200, 2000) d=0}]}
12-09 11:54:12.828  1464  1519 V WindowManagerShell: Playing animation for (#673)android.os.BinderProxy@7c0cfa0@0
12-09 11:54:12.829  1464  1519 V WindowManagerShell:  try handler com.android.wm.shell.transition.DefaultMixedHandler@940f8e8
12-09 11:54:12.829  1069  2465 V AlarmManager: set(PendingIntent{a2fc8bd: PendingIntentRecord{4b03eb2 com.android.settings broadcastIntent}}) : type=0 listener=null listenerTag=null workSource=null callingPackage=com.android.settings callingUid=1000 triggerAtTime=1765314000000 win=0 tElapsed=332617727 maxElapsed=332617727 interval=0 flags=0x9
12-09 11:54:12.829  1464  1519 V WindowManagerShell:  try handler com.android.wm.shell.keyguard.KeyguardTransitionHandler@985599f
12-09 11:54:12.830  1464  1519 V WindowManagerShell:  try handler com.android.wm.shell.activityembedding.ActivityEmbeddingController@f0fcaec
12-09 11:54:12.830  1464  1519 V WindowManagerShell:  try handler com.android.wm.shell.recents.RecentsTransitionHandler@8157eb5
12-09 11:54:12.830  1464  1519 V ShellRecents: RecentsTransitionHandler.startAnimation: no controller found
12-09 11:54:12.830  1464  1519 V WindowManagerShell:  try handler com.android.wm.shell.pip.PipTransition@2c0494a
12-09 11:54:12.830  1464  1519 V WindowManagerShell:  try handler com.android.wm.shell.splitscreen.StageCoordinator@b6ff0bb
12-09 11:54:12.830  1464  1519 V WindowManagerShell:  try handler com.android.wm.shell.transition.RemoteTransitionHandler@5a4a9d8
12-09 11:54:12.831  1464  1519 V WindowManagerShell: Transition doesn't have explicit remote, search filters for match for {id=673 t=CLOSE f=0x0 trk=0 r=[0@Point(0, 0)] c=[{null m=CLOSE f=IN_TASK_WITH_EMBEDDED_ACTIVITY|FILLS_TASK leash=Surface(name=ActivityRecord{2cefb16 u0 com.google.android.permissioncontroller/com.android.permissioncontroller.permission.ui.ManagePermissionsActivity#9573)/@0x21b5759 sb=Rect(0, 0 - 1200, 2000) eb=Rect(0, 0 - 1200, 2000) d=0},{null m=TO_FRONT f=IN_TASK_WITH_EMBEDDED_ACTIVITY|FILLS_TASK leash=Surface(name=ActivityRecord{99080bf u0 com.android.settings/.spa.SpaActivity#9559)/@0x2177f1e sb=Rect(0, 0 - 1200, 2000) eb=Rect(0, 0 - 1200, 2000) d=0}]}
12-09 11:54:12.831  1069  1347 D ActivityManager: Skip enqueue broadcast because no receiver with Intent { act=com.android.server.action.NETWORK_STATS_UPDATED flg=0x40000010 }
