12-09 11:55:03.694  1069  3095 I ActivityTaskManager: delivered LaunchActivityItem: ActivityRecord{d26b30d u0 com.example.stripeterminalreactnative/.MainActivity t269 d0}
12-09 11:55:03.695  1069  3095 D WindowManager: setFocusedApp mFocusedApp = ActivityRecord{d26b30d u0 com.example.stripeterminalreactnative/.MainActivity t269 d0}displayId = 0Callers = com.android.server.wm.ActivityTaskManagerService.setLastResumedActivityUncheckLocked:4928 com.android.server.wm.ActivityTaskSupervisor.updateTopResumedActivityIfNeeded:2416 com.android.server.wm.TaskFragment.setResumedActivity:604 com.android.server.wm.TaskFragment.onActivityStateChanged:900 
12-09 11:55:03.709  1069  3095 D CompatibilityChangeReporter: Compat change id reported: 170503758; UID 10276; state: ENABLED
12-09 11:55:03.717  1069  1434 D ActivityManager: PROFILE_FROM_SHELL is disabled for ProcessRecord{e125f59 0:com.google.android.calendar/u0a146}
12-09 11:55:03.717  1069  1434 D CompatibilityChangeReporter: Compat change id reported: 177438394; UID 10146; state: DISABLED
12-09 11:55:03.717  1069  1434 D CompatibilityChangeReporter: Compat change id reported: 135772972; UID 10146; state: DISABLED
12-09 11:55:03.717  1069  1434 D CompatibilityChangeReporter: Compat change id reported: 135754954; UID 10146; state: ENABLED
12-09 11:55:03.718  1069  1230 D CompatibilityChangeReporter: Compat change id reported: 143937733; UID 10146; state: ENABLED
12-09 11:55:03.727  1069  1230 I ActivityManager: Start proc 19433:com.google.android.calendar/u0a146 for service {com.google.android.calendar/com.google.calendar.v2a.shared.sync.impl.android.PlatformSyncShell$SyncAdapterService}
12-09 11:55:03.751  1069  3095 D CompatibilityChangeReporter: Compat change id reported: 168419799; UID 10146; state: DISABLED
12-09 11:55:03.751  1069  3095 D CompatibilityChangeReporter: Compat change id reported: 273564678; UID 10146; state: DISABLED
12-09 11:55:03.754  1069  1283 D CompatibilityChangeReporter: Compat change id reported: 265195908; UID 10146; state: ENABLED
12-09 11:55:03.760  1069  3095 D CompatibilityChangeReporter: Compat change id reported: 170503758; UID 10146; state: ENABLED
12-09 11:55:04.033  1069  1210 D CompatibilityChangeReporter: Compat change id reported: 161145287; UID 10146; state: ENABLED
12-09 11:55:04.047  1069  1210 D CompatibilityChangeReporter: Compat change id reported: 261072174; UID 10146; state: ENABLED
12-09 11:55:04.075  1069  2611 D ActivityManager: PROFILE_FROM_SHELL is disabled for ProcessRecord{1e25df 0:com.android.providers.calendar/u0a78}
12-09 11:55:04.075  1069  2611 D CompatibilityChangeReporter: Compat change id reported: 135634846; UID 10078; state: DISABLED
12-09 11:55:04.075  1069  2611 D CompatibilityChangeReporter: Compat change id reported: 177438394; UID 10078; state: DISABLED
12-09 11:55:04.075  1069  2611 D CompatibilityChangeReporter: Compat change id reported: 135772972; UID 10078; state: DISABLED
12-09 11:55:04.076  1069  2611 D CompatibilityChangeReporter: Compat change id reported: 135754954; UID 10078; state: ENABLED
12-09 11:55:04.077  1069  1230 D CompatibilityChangeReporter: Compat change id reported: 143937733; UID 10078; state: ENABLED
12-09 11:55:04.086  1069  1230 I ActivityManager: Start proc 19461:com.android.providers.calendar/u0a78 for content provider {com.android.providers.calendar/com.android.providers.calendar.CalendarProvider2}
12-09 11:55:04.094  1069  3095 D CompatibilityChangeReporter: Compat change id reported: 201794303; UID 10146; state: ENABLED
12-09 11:55:04.095  1069  3095 D CompatibilityChangeReporter: Compat change id reported: 207133734; UID 10146; state: ENABLED
12-09 11:55:04.102  1069  3095 W PackageManager: setComponentEnabledSetting componentName = ComponentInfo{com.google.android.calendar/com.google.android.apps.calendar.appsearch.impl.metrics.RemoteMetricsBroadcastReceiver} ,newState = 1 ,callingPackage = com.google.android.calendar
12-09 11:55:04.102  1069  3095 D PackageManager: Considering set com.google.android.calendar/com.google.android.apps.calendar.appsearch.impl.metrics.RemoteMetricsBroadcastReceiver's state as 1 with userId = 0, callingPackage = com.google.android.calendar:10146
12-09 11:55:04.119  1069  2611 D CompatibilityChangeReporter: Compat change id reported: 168419799; UID 10078; state: DISABLED
12-09 11:55:04.120  1069  2611 D CompatibilityChangeReporter: Compat change id reported: 273564678; UID 10078; state: DISABLED
12-09 11:55:04.123  1069  1283 D CompatibilityChangeReporter: Compat change id reported: 265195908; UID 10078; state: ENABLED
12-09 11:55:04.134  1069  3079 D CompatibilityChangeReporter: Compat change id reported: 170503758; UID 10078; state: ENABLED
12-09 11:55:04.142  1069  3079 W PackageManager: setComponentEnabledSetting componentName = ComponentInfo{com.google.android.calendar/com.google.calendar.v2a.shared.sync.impl.android.PlatformSyncShell$SyncAdapterService} ,newState = 1 ,callingPackage = com.google.android.calendar
12-09 11:55:04.143  1069  3079 D PackageManager: Considering set com.google.android.calendar/com.google.calendar.v2a.shared.sync.impl.android.PlatformSyncShell$SyncAdapterService's state as 1 with userId = 0, callingPackage = com.google.android.calendar:10146
12-09 11:55:04.143  1069  3079 W PackageManager: setComponentEnabledSetting componentName = ComponentInfo{com.google.android.calendar/com.google.calendar.v2a.shared.sync.impl.android.accounts.AccountsBroadcastReceiver} ,newState = 1 ,callingPackage = com.google.android.calendar
12-09 11:55:04.143  1069  3079 D PackageManager: Considering set com.google.android.calendar/com.google.calendar.v2a.shared.sync.impl.android.accounts.AccountsBroadcastReceiver's state as 1 with userId = 0, callingPackage = com.google.android.calendar:10146
12-09 11:55:04.153  1069  3079 D CompatibilityChangeReporter: Compat change id reported: 253665015; UID 10146; state: ENABLED
12-09 11:55:04.153  1069  3079 D CompatibilityChangeReporter: Compat change id reported: 194532703; UID 10146; state: ENABLED
12-09 11:55:04.161  1069  3079 W ProcessStats: Tracking association SourceState{c5b7fd2 com.google.android.apps.mediahome.launcher/10085 BTop #105174} whose proc state 2 is better than process ProcessState{d2d7cb com.google.android.gms.persistent/10142 pkg=com.google.android.gms} proc state 4 (59 skipped)
12-09 11:55:04.178  1069  3079 V AlarmManager: set(PendingIntent{a62d8db: PendingIntentRecord{445a04c com.google.android.calendar broadcastIntent}}) : type=1 listener=null listenerTag=null workSource=null callingPackage=com.google.android.calendar callingUid=10146 triggerAtTime=1765353721684 win=3600000 tElapsed=372339411 maxElapsed=375939411 interval=0 flags=0x0
12-09 11:55:04.182  1069  3095 I ActivityManager: Flag disabled. Ignoring finishAttachApplication from uid: 10146. pid: 19433
12-09 11:55:04.183  1069  3079 D CompatibilityChangeReporter: Compat change id reported: 161145287; UID 10078; state: ENABLED
12-09 11:55:04.190  1069  1210 I ActivityManager: Flag disabled. Ignoring finishAttachApplication from uid: 10078. pid: 19461
12-09 11:55:04.194  1069  1210 D CompatibilityChangeReporter: Compat change id reported: 143231523; UID 10146; state: DISABLED
12-09 11:55:04.202  1069  3095 D CompatibilityChangeReporter: Compat change id reported: 143231523; UID 10078; state: DISABLED
12-09 11:55:04.233  1069  3095 V AlarmManager: set(PendingIntent{70bc131: PendingIntentRecord{1c46016 com.google.android.gms/com.google.android.gms.container startService}}) : type=3 listener=null listenerTag=null workSource=null callingPackage=com.google.android.gms callingUid=10142 triggerAtTime=315688721960 win=3600000 tElapsed=315688721960 maxElapsed=315692321960 interval=0 flags=0x0
12-09 11:55:05.218  1069  3079 V BroadcastQueue: Enqueuing BroadcastRecord{c6ceb95 com.google.android.calendar.ACTION_CALENDAR_PROVIDER_CHANGED/u0} from uid 10146 pid 19433 for 2 receivers
12-09 11:55:05.229  1069  3079 V BroadcastQueue: Enqueuing BroadcastRecord{4c92438 com.google.android.calendar.ACTION_CALENDAR_PROVIDER_CHANGED/u0} from uid 10146 pid 19433 for 2 receivers
12-09 11:55:05.232  1069  3079 V BroadcastQueue: Enqueuing BroadcastRecord{f2be377 com.google.android.calendar.ACTION_CALENDAR_PROVIDER_CHANGED/u0} from uid 10146 pid 19433 for 2 receivers
12-09 11:55:05.249  1069  2611 D CompatibilityChangeReporter: Compat change id reported: 171306433; UID 10146; state: ENABLED
12-09 11:55:05.249  1069  2611 D CompatibilityChangeReporter: Compat change id reported: 218533173; UID 10146; state: ENABLED
12-09 11:55:05.250  1069  2611 V AlarmManager: set(PendingIntent{df04250: PendingIntentRecord{3446b86 com.google.android.calendar broadcastIntent}}) : type=0 listener=null listenerTag=null workSource=null callingPackage=com.google.android.calendar callingUid=10146 triggerAtTime=1765396505219 win=0 tElapsed=415122946 maxElapsed=415122946 interval=0 flags=0x5
12-09 11:55:05.257  1069  2611 V AlarmManager: set(PendingIntent{9eb694e: PendingIntentRecord{3446b86 com.google.android.calendar broadcastIntent}}) : type=0 listener=null listenerTag=null workSource=null callingPackage=com.google.android.calendar callingUid=10146 triggerAtTime=1765396505230 win=0 tElapsed=415122958 maxElapsed=415122958 interval=0 flags=0x5
12-09 11:55:05.261  1069  3079 I ActivityManager: Killing 14600:com.google.android.googlequicksearchbox:search/u0a143 (adj 945): empty #17
12-09 11:55:05.262  1069  3079 I ActivityManager: Killing 17941:com.google.android.cellbroadcastreceiver/u0a196 (adj 985): empty #18
12-09 11:55:05.270  1069  3079 D CompatibilityChangeReporter: Compat change id reported: 271850009; UID 10146; state: ENABLED
12-09 11:55:05.292  1069  1220 D DisplayManagerService: Drop pending events for gone uid 10196
12-09 11:55:05.348  1069  1774 D CompatibilityChangeReporter: Compat change id reported: 161252188; UID 10143; state: DISABLED
12-09 11:55:05.348  1069  1774 V BroadcastQueue: Enqueuing BroadcastRecord{d00df80 com.google.android.libraries.calendar.appsearch.clients.broadcast.CALENDAR_UPDATED_APPSEARCH/u0} from uid 10146 pid 19433 for 1 receivers
12-09 11:55:05.350  1069  1229 D ActivityManager: PROFILE_FROM_SHELL is disabled for ProcessRecord{eaac1fe 0:com.google.android.googlequicksearchbox:search/u0a143}
12-09 11:55:05.350  1069  1229 D CompatibilityChangeReporter: Compat change id reported: 135634846; UID 10143; state: DISABLED
12-09 11:55:05.350  1069  1229 D CompatibilityChangeReporter: Compat change id reported: 177438394; UID 10143; state: DISABLED
12-09 11:55:05.350  1069  1229 D CompatibilityChangeReporter: Compat change id reported: 135772972; UID 10143; state: DISABLED
12-09 11:55:05.350  1069  1229 D CompatibilityChangeReporter: Compat change id reported: 135754954; UID 10143; state: ENABLED
12-09 11:55:05.351  1069  1230 D CompatibilityChangeReporter: Compat change id reported: 143937733; UID 10143; state: ENABLED
12-09 11:55:05.361  1069  1230 I ActivityManager: Start proc 19570:com.google.android.googlequicksearchbox:search/u0a143 for broadcast {com.google.android.googlequicksearchbox/com.google.android.libraries.calendar.appsearch.clients.broadcast.CalendarUpdatedAppSearchBroadcastReceiver}
12-09 11:55:05.385  1069  3095 D CompatibilityChangeReporter: Compat change id reported: 168419799; UID 10143; state: DISABLED
12-09 11:55:05.385  1069  3095 D CompatibilityChangeReporter: Compat change id reported: 273564678; UID 10143; state: DISABLED
12-09 11:55:06.174  1069  3095 D CompatibilityChangeReporter: Compat change id reported: 161145287; UID 10143; state: ENABLED
12-09 11:55:06.250  1069  1774 I ActivityManager: Flag disabled. Ignoring finishAttachApplication from uid: 10143. pid: 19570
12-09 11:55:06.274  1069  1774 I ActivityManager: Killing 18014:com.google.android.healthconnect.controller/u0a194 (adj 965): empty #17
12-09 11:55:06.299  1069  1220 D DisplayManagerService: Drop pending events for gone uid 10194
12-09 11:55:06.400  1069  3095 D CompatibilityChangeReporter: Compat change id reported: 253665015; UID 10143; state: ENABLED
12-09 11:55:06.400  1069  3095 D CompatibilityChangeReporter: Compat change id reported: 194532703; UID 10143; state: ENABLED
12-09 11:55:06.405  1069  3095 D CompatibilityChangeReporter: Compat change id reported: 271850009; UID 10143; state: ENABLED
12-09 11:55:06.544  1069  3103 D CompatibilityChangeReporter: Compat change id reported: 171306433; UID 10143; state: ENABLED
12-09 11:55:06.544  1069  3103 D CompatibilityChangeReporter: Compat change id reported: 226439802; UID 10143; state: ENABLED
12-09 11:55:06.545  1069  3103 D CompatibilityChangeReporter: Compat change id reported: 218533173; UID 10143; state: ENABLED
12-09 11:55:06.546  1069  3103 V AlarmManager: set(PendingIntent{cfdbe0b: PendingIntentRecord{f285b4a com.google.android.googlequicksearchbox broadcastIntent}}) : type=1 listener=null listenerTag=null workSource=null callingPackage=com.google.android.googlequicksearchbox callingUid=10143 triggerAtTime=1765311115524 win=0 tElapsed=329733251 maxElapsed=329733251 interval=0 flags=0x5
12-09 11:55:06.596  1069  1774 D CompatibilityChangeReporter: Compat change id reported: 143231523; UID 10143; state: DISABLED
12-09 11:55:06.625  1069  1724 D PowerController.RecogA: packageName:com.google.android.gms mFgEvent:SYSTEM_INTERACTION mLastTimeFgEventChanged:328724352 mLastLaunchTime:283441185 mProcState:PROCESS_STATE_CACHED_EMPTY mLastTimeProcStateChanged:0 mNotificationState:0 mLastTimeNotificationStateChanged:0 mAudioState:0 mLastTimeAudioStateChanged:0 mRequestGps:true mAvoidConstraintGps:false mBehaviorType:0 mScreenOn:true mLastTimeScreenStateChanged:322059894 mLastBgTime:283441215 mFgDuration:8512 mAudioDuration:0 mBgAudioDuration:0 mHasNoClearNotificationWhenNavi:false
12-09 11:55:06.640  1069  1774 V AlarmManager: set(PendingIntent{1db1deb: PendingIntentRecord{f285b4a com.google.android.googlequicksearchbox broadcastIntent}}) : type=1 listener=null listenerTag=null workSource=null callingPackage=com.google.android.googlequicksearchbox callingUid=10143 triggerAtTime=1765311075629 win=0 tElapsed=329693357 maxElapsed=329693357 interval=0 flags=0x5
12-09 11:55:06.644  1069  1774 D CompatibilityChangeReporter: Compat change id reported: 161252188; UID 10276; state: DISABLED
12-09 11:55:06.670  1069  3103 V AlarmManager: set(PendingIntent{24b5f63: PendingIntentRecord{f285b4a com.google.android.googlequicksearchbox broadcastIntent}}) : type=1 listener=null listenerTag=null workSource=null callingPackage=com.google.android.googlequicksearchbox callingUid=10143 triggerAtTime=1765311060648 win=0 tElapsed=329678376 maxElapsed=329678376 interval=0 flags=0x5
12-09 11:55:06.707  1069  3103 V BroadcastQueue: Enqueuing BroadcastRecord{66357db com.google.android.apps.nexuslauncher.UPDATE_SMARTSPACE/u0} from uid 10143 pid 19570 for 1 receivers
12-09 11:55:06.712  1069  3103 V AlarmManager: set(null) : type=0 listener=android.app.IAlarmListener$Stub$Proxy@b735278 listenerTag=SmartSpace workSource=null callingPackage=com.android.systemui callingUid=10178 triggerAtTime=1765306800000 win=0 tElapsed=328729439 maxElapsed=328729439 interval=0 flags=0x8
12-09 11:55:07.360  1069  1774 I ActivityManager: Flag disabled. Ignoring finishAttachApplication from uid: 10276. pid: 19413
12-09 11:55:07.722  1069  1209 D CompatibilityChangeReporter: Compat change id reported: 161145287; UID 10276; state: ENABLED
12-09 11:55:07.797  1069  3095 D CoreBackPreview: Window{ee8944a u0 com.example.stripeterminalreactnative/com.example.stripeterminalreactnative.MainActivity}, [type=1]*noSurface: Setting back callback OnBackInvokedCallbackInfo{mCallback=android.window.IOnBackInvokedCallback$Stub$Proxy@67d5831, mPriority=0, mIsAnimationCallback=false}
12-09 11:55:07.805  1069  3095 I WindowManager: Input focus has changed to Window{ee8944a u0 com.example.stripeterminalreactnative/com.example.stripeterminalreactnative.MainActivity}, [type=1]-[Surface(name=*Title#9675)/@0xb23ab16, shown=false, alpha=0.0, windowType=1] from acb98f2 com.android.launcher3/com.android.searchlauncher.SearchLauncher mDisplayId 0 updateInputWindows true
12-09 11:55:07.806  1069  3095 D UnisocDisplayJamMonitorImpl: Switch focus to Window{ee8944a u0 com.example.stripeterminalreactnative/com.example.stripeterminalreactnative.MainActivity}, [type=1]-[Surface(name=*Title#9675)/@0xb23ab16, shown=false, alpha=0.0, windowType=1] on APP(ActivityRecord{d26b30d u0 com.example.stripeterminalreactnative/.MainActivity t269 d0}) from null, newWindowHandle = ee8944a com.example.stripeterminalreactnative/com.example.stripeterminalreactnative.MainActivity, frame=[0,0,0,0], touchableRegion=SkRegion(), scaleFactor=0.0, transform=null, windowToken=null, displayId=0, isClone=false, packageName=com.example.stripeterminalreactnative, ownerPid=19413, touchableRegionSurfaceControl=java.lang.ref.WeakReference@81e8b33, replaceTouchableRegionWithCrop=false, changed=true mGlobalScale=1.0 mCompatScale=1.0 mInvGlobalScale=1.0
12-09 11:55:07.871  1069  3095 D CoreBackPreview: Window{4aca78f u0 PopupWindow:fcd4c66}, [type=1000]*noSurface: Setting back callback OnBackInvokedCallbackInfo{mCallback=android.window.IOnBackInvokedCallback$Stub$Proxy@1f6d625, mPriority=0, mIsAnimationCallback=false}
12-09 11:55:08.227  1069  3098 D CoreBackPreview: Window{4aca78f u0 PopupWindow:fcd4c66}, [type=1000]-[Surface(name=*Title#9679)/@0xf6a3fa, shown=false, alpha=0.0, windowType=1000]: Setting back callback null
12-09 11:55:08.913  1069  1347 D ActivityManager: Skip enqueue broadcast because no receiver with Intent { act=com.android.server.action.NETWORK_STATS_UPDATED flg=0x40000010 }
12-09 11:55:09.873  1069  1774 I AppsFilter: interaction: PackageSetting{ae22d21 com.example.stripeterminalreactnative/10276} -> PackageSetting{46dd707 com.hmdglobal.app.fmradio.auto_generated_rro_product__/10026} BLOCKED
12-09 11:55:09.873  1069  1774 I AppsFilter: interaction: PackageSetting{ae22d21 com.example.stripeterminalreactnative/10276} -> PackageSetting{c74b73a com.google.android.apps.subscriptions.red/10205} BLOCKED
12-09 11:55:09.873  1069  1774 I AppsFilter: interaction: PackageSetting{ae22d21 com.example.stripeterminalreactnative/10276} -> PackageSetting{e61dfeb com.android.cts.priv.ctsshim/10197} BLOCKED
12-09 11:55:09.873  1069  1774 I AppsFilter: interaction: PackageSetting{ae22d21 com.example.stripeterminalreactnative/10276} -> PackageSetting{ca82148 com.google.android.youtube/10167} BLOCKED
12-09 11:55:09.873  1069  1774 I AppsFilter: interaction: PackageSetting{ae22d21 com.example.stripeterminalreactnative/10276} -> PackageSetting{b86dca3 android.unisoc.core.overlay/10062} BLOCKED
12-09 11:55:09.873  1069  1774 I AppsFilter: interaction: PackageSetting{ae22d21 com.example.stripeterminalreactnative/10276} -> PackageSetting{8b7cba0 com.android.internal.display.cutout.emulation.corner/10005} BLOCKED
12-09 11:55:09.873  1069  1774 I AppsFilter: interaction: PackageSetting{ae22d21 com.example.stripeterminalreactnative/10276} -> PackageSetting{40ca359 com.android.internal.display.cutout.emulation.double/10009} BLOCKED
12-09 11:55:09.873  1069  1774 I AppsFilter: interaction: PackageSetting{ae22d21 com.example.stripeterminalreactnative/10276} -> PackageSetting{36a4be1 com.google.android.apps.googleassistant/10124} BLOCKED
12-09 11:55:09.873  1069  1774 I AppsFilter: interaction: PackageSetting{ae22d21 com.example.stripeterminalreactnative/10276} -> PackageSetting{e5e01cc com.android.unisoc.phone.overlay/10065} BLOCKED
12-09 11:55:09.873  1069  1774 I AppsFilter: interaction: PackageSetting{ae22d21 com.example.stripeterminalreactnative/10276} -> PackageSetting{25b1c15 com.android.networkstack.tethering.overlay/10059} BLOCKED
12-09 11:55:09.873  1069  1774 I AppsFilter: interaction: PackageSetting{ae22d21 com.example.stripeterminalreactnative/10276} -> PackageSetting{8670d06 com.google.android.onetimeinitializer/10130} BLOCKED
12-09 11:55:09.874  1069  1774 I AppsFilter: interaction: PackageSetting{ae22d21 com.example.stripeterminalreactnative/10276} -> PackageSetting{27c8fc7 com.google.android.ext.shared/10108} BLOCKED
12-09 11:55:09.874  1069  1774 I AppsFilter: interaction: PackageSetting{ae22d21 com.example.stripeterminalreactnative/10276} -> PackageSetting{4f6eb8 com.android.internal.systemui.navbar.gestural_wide_back/10032} BLOCKED
12-09 11:55:09.874  1069  1774 I AppsFilter: interaction: PackageSetting{ae22d21 com.example.stripeterminalreactnative/10276} -> PackageSetting{dc209f4 com.android.virtualmachine.res/10187} BLOCKED
12-09 11:55:09.874  1069  1774 I AppsFilter: interaction: PackageSetting{ae22d21 com.example.stripeterminalreactnative/10276} -> PackageSetting{d7b2ff6 com.google.android.googlequicksearchbox.overlay/10021} BLOCKED
12-09 11:55:09.874  1069  1774 I AppsFilter: interaction: PackageSetting{ae22d21 com.example.stripeterminalreactnative/10276} -> PackageSetting{4548ff7 com.android.wifi.uniresources.marlin3/10058} BLOCKED
12-09 11:55:09.874  1069  1774 I AppsFilter: interaction: PackageSetting{ae22d21 com.example.stripeterminalreactnative/10276} -> PackageSetting{15ec51d com.android.htmlviewer/10114} BLOCKED
12-09 11:55:09.874  1069  1774 I AppsFilter: interaction: PackageSetting{ae22d21 com.example.stripeterminalreactnative/10276} -> PackageSetting{173b8cd com.unisoc.phone.auto_generated_rro_product__/10047} BLOCKED
12-09 11:55:09.874  1069  1774 I AppsFilter: interaction: PackageSetting{ae22d21 com.example.stripeterminalreactnative/10276} -> PackageSetting{c225582 android.unisoc.phone_core.overlay/10064} BLOCKED
12-09 11:55:09.874  1069  1774 I AppsFilter: interaction: PackageSetting{ae22d21 com.example.stripeterminalreactnative/10276} -> PackageSetting{6d6f392 com.google.android.health.connect.backuprestore/10195} BLOCKED
12-09 11:55:09.874  1069  1774 I AppsFilter: interaction: PackageSetting{ae22d21 com.example.stripeterminalreactnative/10276} -> PackageSetting{5a55cd0 com.android.systemui.auto_generated_rro_product__/10041} BLOCKED
12-09 11:55:09.874  1069  1774 I AppsFilter: interaction: PackageSetting{ae22d21 com.example.stripeterminalreactnative/10276} -> PackageSetting{ca86163 com.google.android.apps.messaging/10139} BLOCKED
12-09 11:55:09.874  1069  1774 I AppsFilter: interaction: PackageSetting{ae22d21 com.example.stripeterminalreactnative/10276} -> PackageSetting{a2447ce com.google.android.networkstack.tethering.overlay/10057} BLOCKED
12-09 11:55:09.874  1069  1774 I AppsFilter: interaction: PackageSetting{ae22d21 com.example.stripeterminalreactnative/10276} -> PackageSetting{6efd160 com.kindredsoul.kindredapp/10156} BLOCKED
12-09 11:55:09.874  1069  1774 I AppsFilter: interaction: PackageSetting{ae22d21 com.example.stripeterminalreactnative/10276} -> PackageSetting{c4b75fc com.android.unisoc.phone_hac.overlay/10068} BLOCKED
12-09 11:55:09.874  1069  1774 I AppsFilter: interaction: PackageSetting{ae22d21 com.example.stripeterminalreactnative/10276} -> PackageSetting{6279619 com.google.android.configupdater/10125} BLOCKED
12-09 11:55:09.874  1069  1774 I AppsFilter: interaction: PackageSetting{ae22d21 com.example.stripeterminalreactnative/10276} -> PackageSetting{54112da com.google.android.overlay.modules.permissioncontroller/10025} BLOCKED
12-09 11:55:09.874  1069  1774 I AppsFilter: interaction: PackageSetting{ae22d21 com.example.stripeterminalreactnative/10276} -> PackageSetting{eecb6de android.autoinstalls.config.hmdglobal.agent/10117} BLOCKED
12-09 11:55:09.874  1069  1774 I AppsFilter: interaction: PackageSetting{ae22d21 com.example.stripeterminalreactnative/10276} -> PackageSetting{835b0bf com.google.android.apps.safetyhub/10136} BLOCKED
12-09 11:55:09.874  1069  1774 I AppsFilter: interaction: PackageSetting{ae22d21 com.example.stripeterminalreactnative/10276} -> PackageSetting{d70a38c com.google.android.hotspot2.osulogin/10202} BLOCKED
12-09 11:55:09.874  1069  1774 I AppsFilter: interaction: PackageSetting{ae22d21 com.example.stripeterminalreactnative/10276} -> PackageSetting{5127ad5 com.android.simappdialog/10120} BLOCKED
12-09 11:55:09.874  1069  1774 I AppsFilter: interaction: PackageSetting{ae22d21 com.example.stripeterminalreactnative/10276} -> PackageSetting{962ea com.stripe.android.dashboard/10229} BLOCKED
12-09 11:55:09.874  1069  1774 I AppsFilter: interaction: PackageSetting{ae22d21 com.example.stripeterminalreactnative/10276} -> PackageSetting{d2a8894 com.android.internal.display.cutout.emulation.hole/10006} BLOCKED
12-09 11:55:09.874  1069  1774 I AppsFilter: interaction: PackageSetting{ae22d21 com.example.stripeterminalreactnative/10276} -> PackageSetting{7316f3d com.android.internal.display.cutout.emulation.tall/10008} BLOCKED
12-09 11:55:09.874  1069  1774 I AppsFilter: interaction: PackageSetting{ae22d21 com.example.stripeterminalreactnative/10276} -> PackageSetting{61f2332 com.android.internal.systemui.navbar.threebutton/10029} BLOCKED
12-09 11:55:09.874  1069  1774 I AppsFilter: interaction: PackageSetting{ae22d21 com.example.stripeterminalreactnative/10276} -> PackageSetting{2a76883 com.google.android.overlay.gmsconfig.Velvet/10020} BLOCKED
12-09 11:55:09.874  1069  1774 I AppsFilter: interaction: PackageSetting{ae22d21 com.example.stripeterminalreactnative/10276} -> PackageSetting{b1e99db com.spreadtrum.proxy.nfwlocation/10123} BLOCKED
12-09 11:55:09.874  1069  1774 I AppsFilter: interaction: PackageSetting{ae22d21 com.example.stripeterminalreactnative/10276} -> PackageSetting{94a6c78 com.android.launcher3/10173} BLOCKED
12-09 11:55:09.874  1069  1774 I AppsFilter: interaction: PackageSetting{ae22d21 com.example.stripeterminalreactnative/10276} -> PackageSetting{18407e com.android.phone.injection/10042} BLOCKED
12-09 11:55:09.874  1069  1774 I AppsFilter: interaction: PackageSetting{ae22d21 com.example.stripeterminalreactnative/10276} -> PackageSetting{e8cef51 com.google.android.deskclock/10145} BLOCKED
12-09 11:55:09.875  1069  1774 I AppsFilter: interaction: PackageSetting{ae22d21 com.example.stripeterminalreactnative/10276} -> PackageSetting{c92c3b6 com.google.android.as/10128} BLOCKED
12-09 11:55:09.875  1069  1774 I AppsFilter: interaction: PackageSetting{ae22d21 com.example.stripeterminalreactnative/10276} -> PackageSetting{6e2f8b7 com.google.android.gm/10153} BLOCKED
12-09 11:55:09.875  1069  1774 I AppsFilter: interaction: PackageSetting{ae22d21 com.example.stripeterminalreactnative/10276} -> PackageSetting{af5d824 com.google.android.apps.tachyon/10155} BLOCKED
12-09 11:55:09.875  1069  1774 I AppsFilter: interaction: PackageSetting{ae22d21 com.example.stripeterminalreactnative/10276} -> PackageSetting{ed364fb com.google.android.overlay.gmsconfig.common/10014} BLOCKED
12-09 11:55:09.875  1069  1774 I AppsFilter: interaction: PackageSetting{ae22d21 com.example.stripeterminalreactnative/10276} -> PackageSetting{de8a918 android.overlay.multiuser/10052} BLOCKED
12-09 11:55:09.875  1069  1774 I AppsFilter: interaction: PackageSetting{ae22d21 com.example.stripeterminalreactnative/10276} -> PackageSetting{257f71 com.unisoc.power_qogirl6.overlay/10070} BLOCKED
12-09 11:55:09.875  1069  1774 I AppsFilter: interaction: PackageSetting{ae22d21 com.example.stripeterminalreactnative/10276} -> PackageSetting{f31e156 com.android.internal.systemui.navbar.gestural_extra_wide_back/10033} BLOCKED
12-09 11:55:09.875  1069  1774 I AppsFilter: interaction: PackageSetting{ae22d21 com.example.stripeterminalreactnative/10276} -> PackageSetting{54b3ec4 android.unisoc.power_qogirl6.overlay/10072} BLOCKED
12-09 11:55:09.875  1069  1774 I AppsFilter: interaction: PackageSetting{ae22d21 com.example.stripeterminalreactnative/10276} -> PackageSetting{2602f8d com.android.printspooler/10119} BLOCKED
12-09 11:55:09.875  1069  1774 I AppsFilter: interaction: PackageSetting{ae22d21 com.example.stripeterminalreactnative/10276} -> PackageSetting{382bce2 com.android.emergency.auto_generated_rro_product__/10010} BLOCKED
12-09 11:55:09.875  1069  1774 I AppsFilter: interaction: PackageSetting{ae22d21 com.example.stripeterminalreactnative/10276} -> PackageSetting{57f6542 com.android.dreams.basic/10102} BLOCKED
12-09 11:55:09.875  1069  1774 I AppsFilter: interaction: PackageSetting{ae22d21 com.example.stripeterminalreactnative/10276} -> PackageSetting{51f8330 com.android.providers.settings.auto_generated_rro_product__/10038} BLOCKED
12-09 11:55:09.875  1069  1774 I AppsFilter: interaction: PackageSetting{ae22d21 com.example.stripeterminalreactnative/10276} -> PackageSetting{b246953 com.google.android.as.oss/10137} BLOCKED
12-09 11:55:09.875  1069  1774 I AppsFilter: interaction: PackageSetting{ae22d21 com.example.stripeterminalreactnative/10276} -> PackageSetting{713c52e com.android.traceur.auto_generated_rro_product__/10045} BLOCKED
12-09 11:55:09.875  1069  1774 I AppsFilter: interaction: PackageSetting{ae22d21 com.example.stripeterminalreactnative/10276} -> PackageSetting{fca5290 com.android.rkpdapp/10185} BLOCKED
12-09 11:55:09.875  1069  1774 I AppsFilter: interaction: PackageSetting{ae22d21 com.example.stripeterminalreactnative/10276} -> PackageSetting{2b1a25c com.google.android.overlay.gmsconfig.photos/10019} BLOCKED
12-09 11:55:09.875  1069  1774 I AppsFilter: interaction: PackageSetting{ae22d21 com.example.stripeterminalreactnative/10276} -> PackageSetting{4425965 com.unisoc.auto_generated_rro_product__/10049} BLOCKED
12-09 11:55:09.875  1069  1774 I AppsFilter: interaction: PackageSetting{ae22d21 com.example.stripeterminalreactnative/10276} -> PackageSetting{9ad3789 com.google.android.apps.nbu.files/10207} BLOCKED
12-09 11:55:09.875  1069  1774 I AppsFilter: interaction: PackageSetting{ae22d21 com.example.stripeterminalreactnative/10276} -> PackageSetting{8c382eb com.google.android.wifi.resources.overlay/10034} BLOCKED
12-09 11:55:09.875  1069  1774 I AppsFilter: interaction: PackageSetting{ae22d21 com.example.stripeterminalreactnative/10276} -> PackageSetting{2a2938e com.google.android.captiveportallogin/10109} BLOCKED
12-09 11:55:09.875  1069  1774 I AppsFilter: interaction: PackageSetting{ae22d21 com.example.stripeterminalreactnative/10276} -> PackageSetting{78426e1 com.google.android.overlay.gmsconfig.comms/10016} BLOCKED
12-09 11:55:09.875  1069  1774 I AppsFilter: interaction: PackageSetting{ae22d21 com.example.stripeterminalreactnative/10276} -> PackageSetting{a234c06 com.google.android.overlay.gmsconfig.geotz/10018} BLOCKED
12-09 11:55:09.875  1069  1774 I AppsFilter: interaction: PackageSetting{ae22d21 com.example.stripeterminalreactnative/10276} -> PackageSetting{60247af com.google.ambient.streaming/10126} BLOCKED
12-09 11:55:09.875  1069  1774 I AppsFilter: interaction: PackageSetting{ae22d21 com.example.stripeterminalreactnative/10276} -> PackageSetting{12a07bc com.android.musicfx/10094} BLOCKED
12-09 11:55:09.875  1069  1774 I AppsFilter: interaction: PackageSetting{ae22d21 com.example.stripeterminalreactnative/10276} -> PackageSetting{4a8c345 com.google.android.apps.maps/10157} BLOCKED
12-09 11:55:09.875  1069  1774 I AppsFilter: interaction: PackageSetting{ae22d21 com.example.stripeterminalreactnative/10276} -> PackageSetting{3b85a9a com.google.android.apps.kids.home/10133} BLOCKED
12-09 11:55:09.875  1069  1774 I AppsFilter: interaction: PackageSetting{ae22d21 com.example.stripeterminalreactnative/10276} -> PackageSetting{4721860 com.google.android.overlay.gmsconfig.searchlauncherqs/10000} BLOCKED
12-09 11:55:09.875  1069  1774 I AppsFilter: interaction: PackageSetting{ae22d21 com.example.stripeterminalreactnative/10276} -> PackageSetting{241d119 com.google.android.cellbroadcast.overlay/10004} BLOCKED
12-09 11:55:09.875  1069  1774 I AppsFilter: interaction: PackageSetting{ae22d21 com.example.stripeterminalreactnative/10276} -> PackageSetting{611d5de com.google.android.overlay.modules.documentsui/10022} BLOCKED
12-09 11:55:09.875  1069  1774 I AppsFilter: interaction: PackageSetting{ae22d21 com.example.stripeterminalreactnative/10276} -> PackageSetting{c75e3bf com.android.wifi.resources.uni_marlin3.mainline/10051} BLOCKED
12-09 11:55:09.876  1069  1774 I AppsFilter: interaction: PackageSetting{ae22d21 com.example.stripeterminalreactnative/10276} -> PackageSetting{e35afcb com.google.android.contactkeys/10228} BLOCKED
12-09 11:55:09.876  1069  1774 I AppsFilter: interaction: PackageSetting{ae22d21 com.example.stripeterminalreactnative/10276} -> PackageSetting{a6de3a8 com.google.android.contacts/10149} BLOCKED
12-09 11:55:09.876  1069  1774 I AppsFilter: interaction: PackageSetting{ae22d21 com.example.stripeterminalreactnative/10276} -> PackageSetting{de171ea com.android.server.telecom.auto_generated_rro_product__/10043} BLOCKED
12-09 11:55:09.876  1069  1774 I AppsFilter: interaction: PackageSetting{ae22d21 com.example.stripeterminalreactnative/10276} -> PackageSetting{8174ec1 com.google.android.calculator/10144} BLOCKED
12-09 11:55:09.876  1069  1774 I AppsFilter: interaction: PackageSetting{ae22d21 com.example.stripeterminalreactnative/10276} -> PackageSetting{6318666 com.google.android.tag/10098} BLOCKED
12-09 11:55:09.876  1069  1774 I AppsFilter: interaction: PackageSetting{ae22d21 com.example.stripeterminalreactnative/10276} -> PackageSetting{6538a51 android.unisoc.cpu_T612.overlay/10069} BLOCKED
12-09 11:55:09.876  1069  1774 I AppsFilter: interaction: PackageSetting{ae22d21 com.example.stripeterminalreactnative/10276} -> PackageSetting{2ed7da7 com.google.android.apps.walletnfcrel/10206} BLOCKED
12-09 11:55:09.876  1069  1774 I AppsFilter: interaction: PackageSetting{ae22d21 com.example.stripeterminalreactnative/10276} -> PackageSetting{1919254 com.google.android.partnersetup/10132} BLOCKED
12-09 11:55:09.876  1069  1774 I AppsFilter: interaction: PackageSetting{ae22d21 com.example.stripeterminalreactnative/10276} -> PackageSetting{3356f24 android.unisoc.core.pinner_service.overlay/10060} BLOCKED
12-09 11:55:09.876  1069  1774 I AppsFilter: interaction: PackageSetting{ae22d21 com.example.stripeterminalreactnative/10276} -> PackageSetting{68915fd com.google.android.videos/10161} BLOCKED
12-09 11:55:09.876  1069  1774 I AppsFilter: interaction: PackageSetting{ae22d21 com.example.stripeterminalreactnative/10276} -> PackageSetting{66a5442 com.google.android.overlay.gmsconfig.asi/10013} BLOCKED
12-09 11:55:09.876  1069  1774 I AppsFilter: interaction: PackageSetting{ae22d21 com.example.stripeterminalreactnative/10276} -> PackageSetting{dfe2c53 com.google.android.overlay.gmsconfig.gsa/10015} BLOCKED
12-09 11:55:09.876  1069  1774 I AppsFilter: interaction: PackageSetting{ae22d21 com.example.stripeterminalreactnative/10276} -> PackageSetting{1ec5990 com.android.theme.font.notoserifsource/10011} BLOCKED
12-09 11:55:09.876  1069  1774 I AppsFilter: interaction: PackageSetting{ae22d21 com.example.stripeterminalreactnative/10276} -> PackageSetting{bbfa2f2 com.google.android.safetycenter.resources/10190} BLOCKED
12-09 11:55:09.876  1069  1774 I AppsFilter: interaction: PackageSetting{ae22d21 com.example.stripeterminalreactnative/10276} -> PackageSetting{8cd728e com.android.launcher3.auto_generated_rro_product__/10036} BLOCKED
12-09 11:55:09.876  1069  1774 I AppsFilter: interaction: PackageSetting{ae22d21 com.example.stripeterminalreactnative/10276} -> PackageSetting{353aaf com.android.internal.display.cutout.emulation.waterfall/10007} BLOCKED
12-09 11:55:09.876  1069  1774 I AppsFilter: interaction: PackageSetting{ae22d21 com.example.stripeterminalreactnative/10276} -> PackageSetting{e57ebc com.android.settings.intelligence.auto_generated_rro_product__/10037} BLOCKED
12-09 11:55:09.876  1069  1774 I AppsFilter: interaction: PackageSetting{ae22d21 com.example.stripeterminalreactnative/10276} -> PackageSetting{fbc6e45 com.android.internal.systemui.navbar.transparent/10046} BLOCKED
12-09 11:55:09.876  1069  1774 I AppsFilter: interaction: PackageSetting{ae22d21 com.example.stripeterminalreactnative/10276} -> PackageSetting{d6a4d43 com.google.android.connectivity.resources/10188} BLOCKED
12-09 11:55:09.876  1069  1774 I AppsFilter: interaction: PackageSetting{ae22d21 com.example.stripeterminalreactnative/10276} -> PackageSetting{e9f7fc0 com.google.android.feedback/10172} BLOCKED
12-09 11:55:09.876  1069  1774 I AppsFilter: interaction: PackageSetting{ae22d21 com.example.stripeterminalreactnative/10276} -> PackageSetting{15614f9 com.google.android.printservice.recommendation/10112} BLOCKED
12-09 11:55:09.876  1069  1774 I AppsFilter: interaction: PackageSetting{ae22d21 com.example.stripeterminalreactnative/10276} -> PackageSetting{da0fc3e com.google.android.apps.photos/10160} BLOCKED
12-09 11:55:09.876  1069  1774 I AppsFilter: interaction: PackageSetting{ae22d21 com.example.stripeterminalreactnative/10276} -> PackageSetting{4e2b1d5 com.google.android.calendar/10146} BLOCKED
12-09 11:55:09.876  1069  1774 I AppsFilter: interaction: PackageSetting{ae22d21 com.example.stripeterminalreactnative/10276} -> PackageSetting{5a7a9f com.google.android.accessibility.switchaccess/10159} BLOCKED
12-09 11:55:09.876  1069  1774 I AppsFilter: interaction: PackageSetting{ae22d21 com.example.stripeterminalreactnative/10276} -> PackageSetting{64e954 android.overlay.bluetoothres/10053} BLOCKED
12-09 11:55:09.876  1069  1774 I AppsFilter: interaction: PackageSetting{ae22d21 com.example.stripeterminalreactnative/10276} -> PackageSetting{ddcd7ec com.android.providers.partnerbookmarks/10118} BLOCKED
12-09 11:55:09.876  1069  1774 I AppsFilter: interaction: PackageSetting{ae22d21 com.example.stripeterminalreactnative/10276} -> PackageSetting{d5a07b5 com.android.smspush/10182} BLOCKED
12-09 11:55:09.876  1069  1774 I AppsFilter: interaction: PackageSetting{ae22d21 com.example.stripeterminalreactnative/10276} -> PackageSetting{8ac9e4a com.android.wallpaper.livepicker/10091} BLOCKED
12-09 11:55:09.876  1069  1774 I AppsFilter: interaction: PackageSetting{ae22d21 com.example.stripeterminalreactnative/10276} -> PackageSetting{f621bb com.google.android.apps.youtube.kids/10166} BLOCKED
12-09 11:55:09.876  1069  1774 I AppsFilter: interaction: PackageSetting{ae22d21 com.example.stripeterminalreactnative/10276} -> PackageSetting{129cff9 com.unisoc.android.overlay.wifionly/10050} BLOCKED
12-09 11:55:09.876  1069  1774 I AppsFilter: interaction: PackageSetting{ae22d21 com.example.stripeterminalreactnative/10276} -> PackageSetting{8b586d8 com.android.imsserviceentitlement/10134} BLOCKED
12-09 11:55:09.877  1069  1774 I AppsFilter: interaction: PackageSetting{ae22d21 com.example.stripeterminalreactnative/10276} -> PackageSetting{2b02d9f android.unisoc.core.wifi_display.overlay/10063} BLOCKED
12-09 11:55:09.877  1069  1774 I AppsFilter: interaction: PackageSetting{ae22d21 com.example.stripeterminalreactnative/10276} -> PackageSetting{7706a31 com.google.android.healthconnect.controller/10194} BLOCKED
12-09 11:55:09.877  1069  1774 I AppsFilter: interaction: PackageSetting{ae22d21 com.example.stripeterminalreactnative/10276} -> PackageSetting{e1e5516 com.android.bookmarkprovider/10100} BLOCKED
12-09 11:55:09.877  1069  1774 I AppsFilter: interaction: PackageSetting{ae22d21 com.example.stripeterminalreactnative/10276} -> PackageSetting{5db1e97 com.nudge.payment/10274} BLOCKED
12-09 11:55:09.877  1069  1774 I AppsFilter: interaction: PackageSetting{ae22d21 com.example.stripeterminalreactnative/10276} -> PackageSetting{1683884 com.fitbit.FitbitMobile/10210} BLOCKED
12-09 11:55:09.877  1069  1774 I AppsFilter: interaction: PackageSetting{ae22d21 com.example.stripeterminalreactnative/10276} -> PackageSetting{4b0786d com.google.android.apps.healthdata/10089} BLOCKED
12-09 11:55:09.877  1069  1774 I AppsFilter: interaction: PackageSetting{ae22d21 com.example.stripeterminalreactnative/10276} -> PackageSetting{522aca2 com.hmdglobal.support/10092} BLOCKED
12-09 11:55:09.877  1069  1774 I AppsFilter: interaction: PackageSetting{ae22d21 com.example.stripeterminalreactnative/10276} -> PackageSetting{7a90d33 com.google.android.apps.books/10131} BLOCKED
12-09 11:55:09.877  1069  1774 I AppsFilter: interaction: PackageSetting{ae22d21 com.example.stripeterminalreactnative/10276} -> PackageSetting{d7258f0 com.google.android.apps.turbo/10138} BLOCKED
12-09 11:55:09.877  1069  1774 I AppsFilter: interaction: PackageSetting{ae22d21 com.example.stripeterminalreactnative/10276} -> PackageSetting{a692e69 com.google.android.uwb.resources/10192} BLOCKED
12-09 11:55:09.877  1069  1774 I AppsFilter: interaction: PackageSetting{ae22d21 com.example.stripeterminalreactnative/10276} -> PackageSetting{922f0ee com.google.android.apps.chromecast.app/10208} BLOCKED
12-09 11:55:09.877  1069  1774 I AppsFilter: interaction: PackageSetting{ae22d21 com.example.stripeterminalreactnative/10276} -> PackageSetting{a633569 com.android.cts.ctsshim/10198} BLOCKED
12-09 11:55:09.877  1069  1774 I AppsFilter: interaction: PackageSetting{ae22d21 com.example.stripeterminalreactnative/10276} -> PackageSetting{f5d498f com.hmdglobal.app.watermarkeditor/10115} BLOCKED
12-09 11:55:09.877  1069  1774 I AppsFilter: interaction: PackageSetting{ae22d21 com.example.stripeterminalreactnative/10276} -> PackageSetting{abc141c com.google.android.wifi.resources/10201} BLOCKED
12-09 11:55:09.877  1069  1774 I AppsFilter: interaction: PackageSetting{ae22d21 com.example.stripeterminalreactnative/10276} -> PackageSetting{9dd4825 com.google.android.wifi.dialog/10203} BLOCKED
12-09 11:55:09.877  1069  1774 I AppsFilter: interaction: PackageSetting{ae22d21 com.example.stripeterminalreactnative/10276} -> PackageSetting{b23dff0 android.unisoc.display_vrr.overlay/10067} BLOCKED
12-09 11:55:09.877  1069  1774 I AppsFilter: interaction: PackageSetting{ae22d21 com.example.stripeterminalreactnative/10276} -> PackageSetting{d12dfa com.google.android.apps.wallpaper/10084} BLOCKED
12-09 11:55:09.877  1069  1774 I AppsFilter: interaction: PackageSetting{ae22d21 com.example.stripeterminalreactnative/10276} -> PackageSetting{e6eefab com.google.android.keep/10151} BLOCKED
12-09 11:55:09.877  1069  1774 I AppsFilter: interaction: PackageSetting{ae22d21 com.example.stripeterminalreactnative/10276} -> PackageSetting{b845608 com.boonskioskm2_v78/10275} BLOCKED
12-09 11:55:09.878  1069  1774 I AppsFilter: interaction: PackageSetting{ae22d21 com.example.stripeterminalreactnative/10276} -> PackageSetting{805bc8f com.android.settings.auto_generated_rro_product__/10039} BLOCKED
12-09 11:55:09.878  1069  1774 I AppsFilter: interaction: PackageSetting{ae22d21 com.example.stripeterminalreactnative/10276} -> PackageSetting{bbf41a1 com.android.email.partnerprovider/10107} BLOCKED
12-09 11:55:09.878  1069  1774 I AppsFilter: interaction: PackageSetting{ae22d21 com.example.stripeterminalreactnative/10276} -> PackageSetting{9f42fc6 com.google.android.apps.carrier.carrierwifi/10129} BLOCKED
12-09 11:55:09.878  1069  1774 I AppsFilter: interaction: PackageSetting{ae22d21 com.example.stripeterminalreactnative/10276} -> PackageSetting{caadb87 com.google.android.gms.location.history/10148} BLOCKED
12-09 11:55:09.878  1069  1774 I AppsFilter: interaction: PackageSetting{ae22d21 com.example.stripeterminalreactnative/10276} -> PackageSetting{4ab92ab com.android.internal.systemui.navbar.gestural/10030} BLOCKED
12-09 11:55:09.878  1069  1774 I AppsFilter: interaction: PackageSetting{ae22d21 com.example.stripeterminalreactnative/10276} -> PackageSetting{effbd08 com.google.android.overlay.gmsconfig.personalsafety/10017} BLOCKED
12-09 11:55:09.878  1069  1774 I AppsFilter: interaction: PackageSetting{ae22d21 com.example.stripeterminalreactnative/10276} -> PackageSetting{aac1ca1 com.hmdglobal.app.cameralite.auto_generated_rro_product__/10001} BLOCKED
12-09 11:55:09.878  1069  1774 I AppsFilter: interaction: PackageSetting{ae22d21 com.example.stripeterminalreactnative/10276} -> PackageSetting{50ccab4 com.hmdglobal.secondscreen/10113} BLOCKED
12-09 11:55:09.878  1069  1774 I AppsFilter: interaction: PackageSetting{ae22d21 com.example.stripeterminalreactnative/10276} -> PackageSetting{76d56dd com.google.android.apps.youtube.music/10162} BLOCKED
12-09 11:55:09.878  1069  1774 I AppsFilter: interaction: PackageSetting{ae22d21 com.example.stripeterminalreactnative/10276} -> PackageSetting{5f38252 com.android.bluetoothmidiservice/10101} BLOCKED
12-09 11:55:09.878  1069  1774 I AppsFilter: interaction: PackageSetting{ae22d21 com.example.stripeterminalreactnative/10276} -> PackageSetting{7cfa923 com.google.android.apps.mediahome.launcher/10085} BLOCKED
12-09 11:55:09.878  1069  1774 I AppsFilter: interaction: PackageSetting{ae22d21 com.example.stripeterminalreactnative/10276} -> PackageSetting{cfbb152 com.android.storagemanager.auto_generated_rro_product__/10040} BLOCKED
12-09 11:55:09.878  1069  1774 I AppsFilter: interaction: PackageSetting{ae22d21 com.example.stripeterminalreactnative/10276} -> PackageSetting{d05de20 com.google.android.cellbroadcastreceiver/10196} BLOCKED
12-09 11:55:09.878  1069  1774 I AppsFilter: interaction: PackageSetting{ae22d21 com.example.stripeterminalreactnative/10276} -> PackageSetting{9a72520 com.android.phone.auto_generated_rro_product__/10044} BLOCKED
12-09 11:55:09.878  1069  1774 I AppsFilter: interaction: PackageSetting{ae22d21 com.example.stripeterminalreactnative/10276} -> PackageSetting{3abed9 android.unisoc.navbar.overlay/10061} BLOCKED
12-09 11:55:09.878  1069  1774 I AppsFilter: interaction: PackageSetting{ae22d21 com.example.stripeterminalreactnative/10276} -> PackageSetting{3ff909e android.auto_generated_rro_product__/10048} BLOCKED
12-09 11:55:09.878  1069  1774 I AppsFilter: interaction: PackageSetting{ae22d21 com.example.stripeterminalreactnative/10276} -> PackageSetting{1ed83d9 com.google.android.apps.adm/10209} BLOCKED
12-09 11:55:09.878  1069  1774 I AppsFilter: interaction: PackageSetting{ae22d21 com.example.stripeterminalreactnative/10276} -> PackageSetting{4a9734c com.unisoc.color_display.overlay/10071} BLOCKED
12-09 11:55:09.878  1069  1774 I AppsFilter: interaction: PackageSetting{ae22d21 com.example.stripeterminalreactnative/10276} -> PackageSetting{60f6f95 android.unisoc.display_doze.overlay/10066} BLOCKED
12-09 11:55:09.878  1069  1774 I AppsFilter: interaction: PackageSetting{ae22d21 com.example.stripeterminalreactnative/10276} -> PackageSetting{ad018aa com.android.theme.icon.circle/10027} BLOCKED
12-09 11:55:09.878  1069  1774 I AppsFilter: interaction: PackageSetting{ae22d21 com.example.stripeterminalreactnative/10276} -> PackageSetting{f9a7c9b com.android.wifi.resources.uni_marlin3/10054} BLOCKED
12-09 11:55:09.878  1069  1774 I AppsFilter: interaction: PackageSetting{ae22d21 com.example.stripeterminalreactnative/10276} -> PackageSetting{1a07838 com.android.internal.systemui.navbar.gestural_narrow_back/10031} BLOCKED
12-09 11:55:09.878  1069  1774 I AppsFilter: interaction: PackageSetting{ae22d21 com.example.stripeterminalreactnative/10276} -> PackageSetting{9447011 android.unisoc.color_display.overlay/10056} BLOCKED
12-09 11:55:09.878  1069  1774 I AppsFilter: interaction: PackageSetting{ae22d21 com.example.stripeterminalreactnative/10276} -> PackageSetting{323719e com.google.android.inputmethod.latin/10152} BLOCKED
12-09 11:55:09.878  1069  1774 I AppsFilter: interaction: PackageSetting{ae22d21 com.example.stripeterminalreactnative/10276} -> PackageSetting{e9b47f com.google.android.apps.restore/10135} BLOCKED
12-09 11:55:11.711  1069  1299 D AlarmManager: waitForAlarm result:4currentTime=1765310111711, elapsedRealtime=328729439
12-09 11:55:11.713  1069  1299 D AlarmManager: sending alarm.type = 0, action = null, alarm = Alarm{a660420 type 0 origWhen 1765306800000 whenElapsed 328729439 com.android.systemui}, cn = null, operation = null, listener=android.app.IAlarmListener$Stub$Proxy@b735278, listenerTag=SmartSpace, workSource=null
12-09 11:55:11.713  1069  1299 D AlarmManager: sending alarm.type = 3, action = null, alarm = Alarm{371b1d9 type 3 origWhen 328672015 whenElapsed 328672015 android}, cn = null, operation = null, listener=android.app.AlarmManager$ListenerWrapper@a524d7a, listenerTag=*CountQuotaTracker.cleanup*, workSource=null
12-09 11:55:11.715  1069  1774 V AlarmManager: set(null) : type=0 listener=android.app.IAlarmListener$Stub$Proxy@26f079e listenerTag=SmartSpace workSource=null callingPackage=com.android.systemui callingUid=10178 triggerAtTime=1765310400000 win=216213 tElapsed=329017728 maxElapsed=329233941 interval=0 flags=0x8
12-09 11:55:11.721  1069  1219 V AlarmManager: set(null) : type=3 listener=android.app.AlarmManager$ListenerWrapper@a524d7a listenerTag=*CountQuotaTracker.cleanup* workSource=null callingPackage=android callingUid=1000 triggerAtTime=329718513 win=741798 tElapsed=329718513 maxElapsed=330460311 interval=0 flags=0x8
12-09 11:55:12.696  1069  1774 D UnisocFwkBoostFeatureService: isSupported:false
12-09 11:55:13.270  1069  1774 I ActivityTaskManager: checkReadyForSleepLocked int true
12-09 11:55:13.281  1069  1222 W ActivityTaskManager: Launch timeout has expired, giving up wake lock!
12-09 11:55:13.291  1069  3092 D CompatibilityChangeReporter: Compat change id reported: 214016041; UID 10276; state: ENABLED
12-09 11:55:13.302  1069  3095 W PackageConfigPersister: App-specific configuration not found for packageName: com.example.stripeterminalreactnative and userId: 0
12-09 11:55:13.332  1069  1294 D ActivityManager: freezing 19279 com.google.android.gm
12-09 11:55:13.334  1069  1294 D ActivityManager: freezing 19090 com.google.android.videos
12-09 11:55:13.335  1069  1294 D ActivityManager: freezing 18342 com.google.android.apps.healthdata
12-09 11:55:13.336  1069  1294 D ActivityManager: freezing 17960 com.google.android.gms.ui
12-09 11:55:13.339  1069  3092 D CoreBackPreview: Window{d2d193c u0 Splash Screen com.example.stripeterminalreactnative}, [type=3]-[Surface(name=*Title#9661)/@0xd295527, shown=false, alpha=0.0, windowType=3]: Setting back callback null
12-09 11:55:13.353  1069  1725 D CompatibilityChangeReporter: Compat change id reported: 197654537; UID 10276; state: ENABLED
