12-09 11:54:12.832  1464  1519 V WindowManagerShell:  Checking filter Pair{{types=[] flags=0x0] notFlags=0x100 checks=[{atype=home independent=true modes=[OPEN,TO_FRONT] flags=NONE mustBeTask=false order=TOP topActivity=ComponentInfo{com.android.launcher3/com.android.searchlauncher.SearchLauncher}},{atype=standard independent=true modes=[CLOSE,TO_BACK] flags=NONE mustBeTask=false order=ANY topActivity=null}]} RemoteTransition { remoteTransition = android.window.IRemoteTransition$Stub$Proxy@7ac1801, appThread = android.app.IApplicationThread$Stub$Proxy@55cb6a6, debugName = QuickstepLaunchHome }}
12-09 11:54:12.833  1464  1519 V WindowManagerShell:  Delegate animation for #673 to null
12-09 11:54:12.833  1464  1519 V WindowManagerShell:  try handler com.android.wm.shell.transition.DefaultTransitionHandler@7ec5131
12-09 11:54:12.833  1464  1519 V WindowManagerShell: start default transition animation, info = {id=673 t=CLOSE f=0x0 trk=0 r=[0@Point(0, 0)] c=[{null m=CLOSE f=IN_TASK_WITH_EMBEDDED_ACTIVITY|FILLS_TASK leash=Surface(name=ActivityRecord{2cefb16 u0 com.google.android.permissioncontroller/com.android.permissioncontroller.permission.ui.ManagePermissionsActivity#9573)/@0x21b5759 sb=Rect(0, 0 - 1200, 2000) eb=Rect(0, 0 - 1200, 2000) d=0},{null m=TO_FRONT f=IN_TASK_WITH_EMBEDDED_ACTIVITY|FILLS_TASK leash=Surface(name=ActivityRecord{99080bf u0 com.android.settings/.spa.SpaActivity#9559)/@0x2177f1e sb=Rect(0, 0 - 1200, 2000) eb=Rect(0, 0 - 1200, 2000) d=0}]}
12-09 11:54:12.835  1464  1519 V WindowManagerShell: loadAnimation: anim=android.view.animation.AnimationSet@4a11015 animAttr=0x6 type=CLOSE isEntrance=true
12-09 11:54:12.837  1464  1519 V WindowManagerShell: loadAnimation: anim=android.view.animation.AnimationSet@ef4f2b8 animAttr=0x7 type=CLOSE isEntrance=false
12-09 11:54:12.840  1069  1222 I ActivityManager: Killing 17799:com.google.android.apps.messaging:rcs/u0a139 (adj 985): empty #17
12-09 11:54:12.841  1069  1232 D ActivityManager: quick sync unfreeze 17799 for 12
12-09 11:54:12.850  1069  1347 D ActivityManager: Skip enqueue broadcast because no receiver with Intent { act=com.android.server.action.NETWORK_STATS_UPDATED flg=0x40000010 }
12-09 11:54:12.863  1069  1347 D ActivityManager: Skip enqueue broadcast because no receiver with Intent { act=com.android.server.action.NETWORK_STATS_UPDATED flg=0x40000010 }
12-09 11:54:12.875  1069  1347 D ActivityManager: Skip enqueue broadcast because no receiver with Intent { act=com.android.server.action.NETWORK_STATS_UPDATED flg=0x40000010 }
12-09 11:54:12.893  1464  1519 V WindowManagerShell:  animated by com.android.wm.shell.transition.DefaultTransitionHandler@7ec5131
12-09 11:54:12.895  1069  1210 W PackageConfigPersister: App-specific configuration not found for packageName: com.android.settings and userId: 0
12-09 11:54:12.896  1069  1347 D ActivityManager: Skip enqueue broadcast because no receiver with Intent { act=com.android.server.action.NETWORK_STATS_UPDATED flg=0x40000010 }
12-09 11:54:12.907  1069  1347 D ActivityManager: Skip enqueue broadcast because no receiver with Intent { act=com.android.server.action.NETWORK_STATS_UPDATED flg=0x40000010 }
12-09 11:54:12.921  1069  1347 D ActivityManager: Skip enqueue broadcast because no receiver with Intent { act=com.android.server.action.NETWORK_STATS_UPDATED flg=0x40000010 }
12-09 11:54:12.935  1069  1347 D ActivityManager: Skip enqueue broadcast because no receiver with Intent { act=com.android.server.action.NETWORK_STATS_UPDATED flg=0x40000010 }
12-09 11:54:12.950  1069  1347 D ActivityManager: Skip enqueue broadcast because no receiver with Intent { act=com.android.server.action.NETWORK_STATS_UPDATED flg=0x40000010 }
12-09 11:54:12.964  1069  1347 D ActivityManager: Skip enqueue broadcast because no receiver with Intent { act=com.android.server.action.NETWORK_STATS_UPDATED flg=0x40000010 }
12-09 11:54:12.980  1069  1347 D ActivityManager: Skip enqueue broadcast because no receiver with Intent { act=com.android.server.action.NETWORK_STATS_UPDATED flg=0x40000010 }
12-09 11:54:12.993  1069  1347 D ActivityManager: Skip enqueue broadcast because no receiver with Intent { act=com.android.server.action.NETWORK_STATS_UPDATED flg=0x40000010 }
12-09 11:54:13.149  1464  1519 V WindowManagerShell: Transition animation finished (aborted=false), notifying core (#673)android.os.BinderProxy@7c0cfa0@0
12-09 11:54:13.153  1069  1219 V WindowManager: Finish Transition #673: created at 12-09 11:54:12.757 collect-started=0.099ms request-sent=0.21ms started=10.163ms ready=23.291ms sent=69.137ms finished=395.635ms
12-09 11:54:13.155  1464  1519 V WindowManagerShell: Track 0 became idle
12-09 11:54:13.155  1464  1519 V WindowManagerShell: All active transition animations finished
12-09 11:54:13.209  1069  2819 D CoreBackPreview: Window{89a4efa u0 com.google.android.permissioncontroller/com.android.permissioncontroller.permission.ui.ManagePermissionsActivity}, [type=1]-[Surface(name=*Title#9575)/@0xe2f96a1, shown=false, alpha=0.0, windowType=1]: Setting back callback null
12-09 11:54:14.080  1069  1294 D ActivityManager: freezing 18099 com.android.chrome
12-09 11:54:14.749  1069  1294 D ActivityManager: freezing 14600 com.google.android.googlequicksearchbox:search
12-09 11:54:14.830  1069  1294 D ActivityManager: freezing 11793 com.google.android.gms
12-09 11:54:14.831  1069  1294 D ActivityManager: freezing 17960 com.google.android.gms.ui
12-09 11:54:19.823  1069  1294 D ActivityManager: freezing 23494 com.boonskioskm2_v78
12-09 11:54:19.826  1069  1294 D ActivityManager: freezing 24068 com.google.android.webview:sandboxed_process0:org.chromium.content.app.SandboxedProcessService0:3
12-09 11:54:22.848  1069  1294 D ActivityManager: freezing 15887 com.google.process.gservices
12-09 11:54:33.366  1464  1519 V ShellRecents: RecentsTransitionHandler.startRecentsTransition
12-09 11:54:33.367  1464  1519 V WindowManagerShell: Directly starting a new transition type=3 wct=WindowContainerTransaction { changes = {} hops = [{PendingIntent: options=Bundle[mParcelledData.dataSize=332]}] errorCallbackToken=null taskFragmentOrganizer=null } handler=com.android.wm.shell.recents.RecentsTransitionHandler@8157eb5
12-09 11:54:33.377  1464  1519 V ShellRecents: [154235602] RecentsController.setTransition: id=android.os.BinderProxy@b760fa3
12-09 11:54:33.379  1069  1210 V BroadcastQueue: Enqueuing BroadcastRecord{1bb1fe0 android.intent.action.CLOSE_SYSTEM_DIALOGS/u-1} from uid 1000 pid -1 for 7 receivers
12-09 11:54:33.382  1069  2646 D ActivityManager: sync unfroze 17783 com.google.android.apps.messaging for 0
12-09 11:54:33.383  1069  2646 D ActivityManager: sync unfroze 17941 com.google.android.cellbroadcastreceiver for 0
12-09 11:54:33.384  1069  2646 D ActivityManager: sync unfroze 14600 com.google.android.googlequicksearchbox:search for 0
12-09 11:54:33.385  1069  2646 D ActivityManager: sync unfroze 18014 com.google.android.healthconnect.controller for 0
12-09 11:54:33.385  1069  2646 D ActivityManager: sync unfroze 18032 com.google.android.marvin.talkback for 0
12-09 11:54:33.386  1069  2646 D ActivityManager: sync unfroze 17960 com.google.android.gms.ui for 0
12-09 11:54:33.387  1069  2646 D ActivityManager: sync unfroze 17663 com.android.settings.intelligence for 0
12-09 11:54:33.388  1069  2646 D ActivityManager: sync unfroze 18164 com.google.android.adservices.api for 0
12-09 11:54:33.389  1069  2646 D ActivityManager: sync unfroze 18342 com.google.android.apps.healthdata for 0
12-09 11:54:33.389  1069  2646 D ActivityManager: sync unfroze 18649 com.android.rkpdapp for 0
12-09 11:54:33.391  1069  2646 D ActivityManager: sync unfroze 15906 com.google.android.apps.tachyon for 0
12-09 11:54:33.392  1069  2646 D ActivityManager: sync unfroze 15887 com.google.process.gservices for 0
12-09 11:54:33.395  1069  2646 D ActivityManager: sync unfroze 19090 com.google.android.videos for 0
12-09 11:54:33.396  1069  2646 D ActivityManager: sync unfroze 11793 com.google.android.gms for 0
12-09 11:54:33.403  1069  2646 D ActivityManager: sync unfroze 18099 com.android.chrome for 0
12-09 11:54:33.404  1069  2646 D ActivityManager: sync unfroze 24068 com.google.android.webview:sandboxed_process0:org.chromium.content.app.SandboxedProcessService0:3 for 0
12-09 11:54:33.406  1069  2646 D ActivityManager: sync unfroze 23494 com.boonskioskm2_v78 for 0
12-09 11:54:33.407  1069  2646 D ActivityManager: sync unfroze 18842 com.example.stripeterminalreactnative for 0
12-09 11:54:33.433  1069  2848 D WindowManager: finishDrawingLocked: merge with mWin.mSyncTransaction!!! ,mWin = Window{acb98f2 u0 com.android.launcher3/com.android.searchlauncher.SearchLauncher}, [type=1]-[Surface(name=*Title#9598)/@0x688e95e, shown=false, alpha=0.0, windowType=1] ,inputHandle = acb98f2 com.android.launcher3/com.android.searchlauncher.SearchLauncher, frame=[0,0,0,0], touchableRegion=SkRegion((0,0,1200,2000)), scaleFactor=1.0, transform=null, windowToken=android.os.BinderProxy@71323fd, displayId=0, isClone=false, packageName=com.android.launcher3, ownerPid=1902, touchableRegionSurfaceControl=java.lang.ref.WeakReference@cbb1904, replaceTouchableRegionWithCrop=false, changed=false
12-09 11:54:33.446  1069  1222 W ProcessStats: Tracking association SourceState{7fcd124 com.google.android.apps.wellbeing/10141 BTop #104984} whose proc state 2 is better than process ProcessState{d2d7cb com.google.android.gms.persistent/10142 pkg=com.google.android.gms} proc state 4 (11 skipped)
12-09 11:54:33.452  1464  1519 V WindowManagerShell: onTransitionReady android.os.BinderProxy@b760fa3: {id=674 t=TO_FRONT f=0x80 trk=0 r=[0@Point(0, 0)] c=[{WCT{android.window.IWindowContainerToken$Stub$Proxy@58b715} m=TO_FRONT f=SHOW_WALLPAPER|MOVE_TO_TOP leash=Surface(name=Task=1#46)/@0x7d68e59 sb=Rect(0, 0 - 1200, 2000) eb=Rect(0, 0 - 1200, 2000) d=0},{WCT{android.window.IWindowContainerToken$Stub$Proxy@ccc8a2a} m=TO_BACK f=NONE leash=Surface(name=Task=265#9174)/@0x78fea1e sb=Rect(0, 0 - 1200, 2000) eb=Rect(0, 0 - 1200, 2000) d=0},{null m=TO_FRONT f=IS_WALLPAPER leash=Surface(name=WallpaperWindowToken{7aeb8a2 token=android.os.Binder@f5346d}#65)/@0x2d002ff sb=Rect(0, 0 - 1200, 2000) eb=Rect(0, 0 - 1200, 2000) d=0}]}
12-09 11:54:33.452  1464  1519 V WindowManagerShell: Playing animation for (#674)android.os.BinderProxy@b760fa3@0
12-09 11:54:33.452  1464  1519 V WindowManagerShell:  try firstHandler com.android.wm.shell.recents.RecentsTransitionHandler@8157eb5
12-09 11:54:33.453  1464  1519 V ShellRecents: [154235602] RecentsController.start
12-09 11:54:33.455  1464  1519 V ShellRecents:   adding pausing leaf taskId=265 at layer=8
12-09 11:54:33.457  1464  1519 V ShellRecents: [154235602] RecentsController.start: calling onAnimationStart
12-09 11:54:33.458  1464  1519 V WindowManagerShell:  animated by firstHandler
12-09 11:54:33.459  1069  1219 V WindowManager: Sent Transition #674 createdAt=12-09 11:54:33.369
12-09 11:54:33.459  1069  1219 V WindowManager:     startWCT=WindowContainerTransaction { changes = {} hops = [{PendingIntent: options=Bundle[{android.activity.splashScreenStyle=-1, android.activity.sourceInfo=android.app.ActivityOptions$SourceInfo@4182f55, android.activity.transientLaunch=true}]}] errorCallbackToken=null taskFragmentOrganizer=null }
12-09 11:54:33.459  1069  1219 V WindowManager:     info={id=674 t=TO_FRONT f=0x80 trk=0 r=[0@Point(0, 0)] c=[{WCT{RemoteToken{dd70dae Task{33b6584 #1 type=home}}} m=TO_FRONT f=SHOW_WALLPAPER|MOVE_TO_TOP leash=Surface(name=Task=1#46)/@0xdd21c0b sb=Rect(0, 0 - 1200, 2000) eb=Rect(0, 0 - 1200, 2000) d=0},{WCT{RemoteToken{ae55c8b Task{f249502 #265 type=standard A=1000:com.android.settings.root}}} m=TO_BACK f=NONE leash=Surface(name=Task=265#9174)/@0x61df205 sb=Rect(0, 0 - 1200, 2000) eb=Rect(0, 0 - 1200, 2000) d=0},{null m=TO_FRONT f=IS_WALLPAPER leash=Surface(name=WallpaperWindowToken{7aeb8a2 token=android.os.Binder@f5346d}#65)/@0xafa31d4 sb=Rect(0, 0 - 1200, 2000) eb=Rect(0, 0 - 1200, 2000) d=0}]}
12-09 11:54:33.463  1464  1519 V ShellRecents: [154235602] RecentsController.setInputConsumerEnabled: set focus to recents
12-09 11:54:33.464  1069  2848 D WindowManager: setFocusedApp mFocusedApp = ActivityRecord{8cff993 u0 com.android.launcher3/com.android.searchlauncher.SearchLauncher t177 d0}displayId = 0Callers = com.android.server.wm.ActivityTaskManagerService.setLastResumedActivityUncheckLocked:4928 com.android.server.wm.ActivityTaskManagerService.setFocusedTask:2092 com.android.server.wm.ActivityTaskManagerService.focusTopTask:2071 android.app.IActivityTaskManager$Stub.onTransact:1437 
12-09 11:54:33.467  1069  2848 I WindowManager: Input focus has changed to Window{acb98f2 u0 com.android.launcher3/com.android.searchlauncher.SearchLauncher}, [type=1]-[Surface(name=*Title#9598)/@0x688e95e, shown=false, alpha=0.0, windowType=1] from f5669db com.android.settings/com.android.settings.spa.SpaActivity mDisplayId 0 updateInputWindows true
12-09 11:54:33.467  1069  2848 D UnisocDisplayJamMonitorImpl: Switch focus to Window{acb98f2 u0 com.android.launcher3/com.android.searchlauncher.SearchLauncher}, [type=1]-[Surface(name=*Title#9598)/@0x688e95e, shown=false, alpha=0.0, windowType=1] on APP(ActivityRecord{8cff993 u0 com.android.launcher3/com.android.searchlauncher.SearchLauncher t177 d0}) from Window{f5669db u0 com.android.settings/com.android.settings.spa.SpaActivity}, [type=1]-[Surface(name=*Title#9587)/@0xbe7bb4e, shown=false, alpha=0.0, windowType=1], newWindowHandle = acb98f2 com.android.launcher3/com.android.searchlauncher.SearchLauncher, frame=[0,0,0,0], touchableRegion=SkRegion((0,0,1200,2000)), scaleFactor=1.0, transform=null, windowToken=android.os.BinderProxy@71323fd, displayId=0, isClone=false, packageName=com.android.launcher3, ownerPid=1902, touchableRegionSurfaceControl=java.lang.ref.WeakReference@cbb1904, replaceTouchableRegionWithCrop=false, changed=false mGlobalScale=1.0 mCompatScale=1.0 mInvGlobalScale=1.0
12-09 11:54:33.533  1464 19244 V ShellRecents: [154235602] RecentsController.detachNavigationBarFromApp
12-09 11:54:33.846  1464 19244 V ShellRecents: [154235602] RecentsController.screenshotTask: taskId=265
12-09 11:54:33.860  1464  1519 V ShellRecents: [154235602] RecentsController.finishInner: toHome=true userLeave=true willFinishToHome=true state=0
12-09 11:54:33.860  1464  1519 V ShellRecents:   normal finish
12-09 11:54:33.860  1464  1519 V ShellRecents: [154235602] RecentsController.cleanup
12-09 11:54:33.860  1464  1519 V WindowManagerShell: Transition animation finished (aborted=false), notifying core (#674)android.os.BinderProxy@b760fa3@0
12-09 11:54:33.862  1069  1219 V WindowManager: Finish Transition #674: created at 12-09 11:54:33.369 collect-started=0.252ms started=0.338ms ready=5.094ms sent=69.265ms finished=493.217ms
12-09 11:54:33.869  1464  1519 V WindowManagerShell: Track 0 became idle
12-09 11:54:33.869  1464  1519 V WindowManagerShell: All active transition animations finished
12-09 11:54:33.874  1069  1251 D AutomaticBrightnessController: mAmbientLux= 103.12501,newScreenAutoBrightness=0.55530024
12-09 11:54:33.880  1069  1222 V WindowManager: Unknown focus tokens, dropping reportFocusChanged
12-09 11:54:33.906  1069  1514 W PackageConfigPersister: App-specific configuration not found for packageName: com.android.launcher3 and userId: 0
12-09 11:54:33.914  1069  1514 I ActivityTaskManager: checkReadyForSleepLocked int true
12-09 11:54:39.444  1069  3097 D WindowManager: setFocusedApp mFocusedApp = ActivityRecord{a01833a u0 com.android.settings/.spa.SpaActivity t266 d0}displayId = 0Callers = com.android.server.wm.ActivityTaskManagerService.setLastResumedActivityUncheckLocked:4928 com.android.server.wm.ActivityRecord.moveFocusableActivityToTop:3544 com.android.server.wm.Task.moveTaskToFront:5598 com.android.server.wm.ActivityStarter.setTargetRootTaskIfNeeded:3156 
12-09 11:54:39.446  1069  3097 I WindowManager: Input focus has changed to null from acb98f2 com.android.launcher3/com.android.searchlauncher.SearchLauncher mDisplayId 0 updateInputWindows true
12-09 11:54:39.446  1069  3097 D UnisocDisplayJamMonitorImpl: Switch focus to null.
12-09 11:54:39.454  1069  3097 E Transition: Trying to add a ready-group twice: Display{#0 state=ON size=1200x2000 ROTATION_180}
12-09 11:54:39.454  1069  3097 I ActivityTaskManager: START u0 {act=android.settings.APPLICATION_DETAILS_SETTINGS dat=package: flg=0x10008000 cmp=com.android.settings/.applications.InstalledAppDetails bnds=[654,496][1032,587] (has extras)} with LAUNCH_MULTIPLE from uid 10173 pid 1902 (BAL_ALLOW_ALLOWLISTED_COMPONENT) result code=START_SUCCESS
12-09 11:54:39.456  1069  2848 D CoreBackPreview: Window{2dc5dfb u0 com.android.settings/com.android.settings.homepage.DeepLinkHomepageActivity}, [type=1]*noSurface: Setting back callback null
12-09 11:54:39.458  1464  1519 V WindowManagerShell: Transition requested: android.os.BinderProxy@9a6f0f2 TransitionRequestInfo { type = OPEN, triggerTask = TaskInfo{userId=0 taskId=266 displayId=0 isRunning=true baseIntent=Intent { act=android.settings.APPLICATION_DETAILS_SETTINGS dat=package: flg=0x10008000 cmp=com.android.settings/.applications.InstalledAppDetails } baseActivity=ComponentInfo{com.android.settings/com.android.settings.applications.InstalledAppDetailsTop} topActivity=ComponentInfo{com.android.settings/com.android.settings.applications.InstalledAppDetailsTop} origActivity=ComponentInfo{com.android.settings/com.android.settings.applications.InstalledAppDetails} realActivity=ComponentInfo{com.android.settings/com.android.settings.applications.InstalledAppDetailsTop} numActivities=1 lastActiveTime=328261137 supportsMultiWindow=true resizeMode=1 isResizeable=true minWidth=-1 minHeight=-1 defaultMinSize=220 token=WCT{android.window.IWindowContainerToken$Stub$Proxy@6aa8343} topActivityType=1 pictureInPictureParams=null shouldDockBigOverlays=false launchIntoPipHostTaskId=-1 lastParentTaskIdBeforePip=-1 displayCutoutSafeInsets=null topActivityInfo=ActivityInfo{36a7dc0 com.android.settings.applications.InstalledAppDetails} launchCookies=[] positionInParent=Point(0, 0) parentTaskId=-1 isFocused=true isVisible=false isVisibleRequested=false isSleeping=false topActivityInSizeCompat=false topActivityEligibleForLetterboxEducation= false topActivityLetterboxed= false isFromDoubleTap= false topActivityLetterboxVerticalPosition= -1 topActivityLetterboxHorizontalPosition= -1 topActivityLetterboxWidth=-1 topActivityLetterboxHeight=-1 locusId=null displayAreaFeatureId=1 cameraCompatControlState=hidden}, remoteTransition = null, displayChange = null }
12-09 11:54:39.464  1069  1228 W UsageStatsService: Unexpected activity event reported! (com.android.settings/com.android.settings.homepage.DeepLinkHomepageActivity event : 23 instanceId : 244135331)
12-09 11:54:39.468  1069  1514 I ActivityTaskManager: delivered LaunchActivityItem: ActivityRecord{7893b1f u0 com.android.settings/.applications.InstalledAppDetails t266 d0}
12-09 11:54:39.468  1069  1514 W ActivityTaskManager: onActivityStateChanged on non-leaf task fragment Task{88af018 #266 type=standard A=1000:com.android.settings}
12-09 11:54:39.468  1069  1514 W ActivityTaskManager: setResumedActivity on non-leaf task fragment Task{88af018 #266 type=standard A=1000:com.android.settings}
12-09 11:54:39.469  1069  1514 D WindowManager: setFocusedApp mFocusedApp = ActivityRecord{7893b1f u0 com.android.settings/.applications.InstalledAppDetails t266 d0}displayId = 0Callers = com.android.server.wm.ActivityTaskManagerService.setLastResumedActivityUncheckLocked:4928 com.android.server.wm.ActivityTaskSupervisor.updateTopResumedActivityIfNeeded:2416 com.android.server.wm.TaskFragment.setResumedActivity:604 com.android.server.wm.TaskFragment.onActivityStateChanged:900 
12-09 11:54:39.479  1069  1234 I UnisocAntiAging: adjust sched group of app:ProcessRecord{992934 1840:com.android.settings/1000} UI & RT Thread from 5 to 8, renderThreadTid:1983
12-09 11:54:39.481  1069  1251 D AutomaticBrightnessController: mAmbientLux= 103.12501,newScreenAutoBrightness=0.55530024
12-09 11:54:39.486  1069  2848 D CoreBackPreview: Window{d99ccbf u0 com.android.settings/com.android.settings.spa.SpaActivity}, [type=1]*noSurface: Setting back callback null
12-09 11:54:39.497  1069  1228 W UsageStatsService: Unexpected activity event reported! (com.android.settings/com.android.settings.spa.SpaActivity event : 23 instanceId : 24951787)
12-09 11:54:39.498  1069  1522 D ActivityTaskManager: Remove task fragment: deleteTaskFragment
12-09 11:54:39.499  1069  1522 D ActivityTaskManager: Remove task fragment: deleteTaskFragment
12-09 11:54:39.509  1069  1514 D WindowManager: finishDrawingLocked: merge with mWin.mSyncTransaction!!! ,mWin = Window{57d6558 u0 Splash Screen com.android.settings}, [type=3]-[Surface(name=*Title#9611)/@0x4f19796, shown=false, alpha=0.0, windowType=3] ,inputHandle = 57d6558 Splash Screen com.android.settings, frame=[0,0,0,0], touchableRegion=SkRegion((0,0,1200,2000)), scaleFactor=1.0, transform=null, windowToken=android.os.BinderProxy@f906a3b, displayId=0, isClone=false, packageName=com.android.settings, ownerPid=1464, touchableRegionSurfaceControl=java.lang.ref.WeakReference@6279722, replaceTouchableRegionWithCrop=false, changed=false
12-09 11:54:39.524  1069  2848 I ActivityTaskManager: START u0 {act=android.settings.SETTINGS_EMBED_DEEP_LINK_ACTIVITY flg=0x2000000 pkg=com.android.settings cmp=com.android.settings/.homepage.DeepLinkHomepageActivity (has extras)} with LAUNCH_SINGLE_TASK from uid 1000 pid 1840 (BAL_ALLOW_ALLOWLISTED_UID) result code=START_SUCCESS
12-09 11:54:39.543  1069  1522 I ActivityTaskManager: delivered LaunchActivityItem: ActivityRecord{2878770 u0 com.android.settings/.homepage.DeepLinkHomepageActivity t266 d0}
12-09 11:54:39.543  1069  1522 D WindowManager: setFocusedApp mFocusedApp = ActivityRecord{2878770 u0 com.android.settings/.homepage.DeepLinkHomepageActivity t266 d0}displayId = 0Callers = com.android.server.wm.ActivityTaskManagerService.setLastResumedActivityUncheckLocked:4928 com.android.server.wm.ActivityTaskSupervisor.updateTopResumedActivityIfNeeded:2416 com.android.server.wm.TaskFragment.setResumedActivity:604 com.android.server.wm.TaskFragment.onActivityStateChanged:900 
12-09 11:54:39.550  1069  1219 V WindowManager: Sent Transition #675 createdAt=12-09 11:54:39.440 via request=TransitionRequestInfo { type = OPEN, triggerTask = TaskInfo{userId=0 taskId=266 displayId=0 isRunning=true baseIntent=Intent { act=android.settings.APPLICATION_DETAILS_SETTINGS dat=package: flg=0x10008000 cmp=com.android.settings/.applications.InstalledAppDetails } baseActivity=ComponentInfo{com.android.settings/com.android.settings.applications.InstalledAppDetailsTop} topActivity=ComponentInfo{com.android.settings/com.android.settings.applications.InstalledAppDetailsTop} origActivity=ComponentInfo{com.android.settings/com.android.settings.applications.InstalledAppDetails} realActivity=ComponentInfo{com.android.settings/com.android.settings.applications.InstalledAppDetailsTop} numActivities=1 lastActiveTime=328261137 supportsMultiWindow=true resizeMode=1 isResizeable=true minWidth=-1 minHeight=-1 defaultMinSize=220 token=WCT{RemoteToken{1ea46a9 Task{88af018 #266 type=standard A=1000:com.android.settings}}} topActivityType=1 pictureInPictureParams=null shouldDockBigOverlays=false launchIntoPipHostTaskId=-1 lastParentTaskIdBeforePip=-1 displayCutoutSafeInsets=null topActivityInfo=ActivityInfo{a35aa9c com.android.settings.applications.InstalledAppDetails} launchCookies=[] positionInParent=Point(0, 0) parentTaskId=-1 isFocused=true isVisible=false isVisibleRequested=false isSleeping=false topActivityInSizeCompat=false topActivityEligibleForLetterboxEducation= false topActivityLetterboxed= false isFromDoubleTap= false topActivityLetterboxVerticalPosition= -1 topActivityLetterboxHorizontalPosition= -1 topActivityLetterboxWidth=-1 topActivityLetterboxHeight=-1 locusId=null displayAreaFeatureId=1 cameraCompatControlState=hidden}, remoteTransition = null, displayChange = null }
12-09 11:54:39.550  1069  1219 V WindowManager:     startWCT=WindowContainerTransaction { changes = {} hops = [] errorCallbackToken=null taskFragmentOrganizer=null }
12-09 11:54:39.550  1069  1219 V WindowManager:     info={id=675 t=OPEN f=0x0 trk=0 r=[0@Point(0, 0)] c=[{WCT{RemoteToken{1ea46a9 Task{88af018 #266 type=standard A=1000:com.android.settings}}} m=TO_FRONT f=MOVE_TO_TOP leash=Surface(name=Task=266#9335)/@0x233db73 sb=Rect(0, 0 - 1200, 2000) eb=Rect(0, 0 - 1200, 2000) d=0},{WCT{RemoteToken{dd70dae Task{33b6584 #1 type=home}}} m=TO_BACK f=SHOW_WALLPAPER leash=Surface(name=Task=1#46)/@0xdd21c0b sb=Rect(0, 0 - 1200, 2000) eb=Rect(0, 0 - 1200, 2000) d=0}]}
12-09 11:54:39.551  1464  1519 V WindowManagerShell: onTransitionReady android.os.BinderProxy@9a6f0f2: {id=675 t=OPEN f=0x0 trk=0 r=[0@Point(0, 0)] c=[{WCT{android.window.IWindowContainerToken$Stub$Proxy@1f8d6f0} m=TO_FRONT f=MOVE_TO_TOP leash=Surface(name=Task=266#9335)/@0xd09be6d sb=Rect(0, 0 - 1200, 2000) eb=Rect(0, 0 - 1200, 2000) d=0},{WCT{android.window.IWindowContainerToken$Stub$Proxy@610d469} m=TO_BACK f=SHOW_WALLPAPER leash=Surface(name=Task=1#46)/@0xa797aa2 sb=Rect(0, 0 - 1200, 2000) eb=Rect(0, 0 - 1200, 2000) d=0}]}
12-09 11:54:39.551  1464  1519 V WindowManagerShell: Playing animation for (#675)android.os.BinderProxy@9a6f0f2@0
12-09 11:54:39.551  1464  1519 V WindowManagerShell:  try handler com.android.wm.shell.transition.DefaultMixedHandler@940f8e8
12-09 11:54:39.551  1464  1519 V WindowManagerShell:  try handler com.android.wm.shell.keyguard.KeyguardTransitionHandler@985599f
12-09 11:54:39.551  1464  1519 V WindowManagerShell:  try handler com.android.wm.shell.activityembedding.ActivityEmbeddingController@f0fcaec
12-09 11:54:39.551  1464  1519 V WindowManagerShell:  try handler com.android.wm.shell.recents.RecentsTransitionHandler@8157eb5
12-09 11:54:39.551  1464  1519 V ShellRecents: RecentsTransitionHandler.startAnimation: no controller found
12-09 11:54:39.552  1464  1519 V WindowManagerShell:  try handler com.android.wm.shell.pip.PipTransition@2c0494a
12-09 11:54:39.552  1464  1519 V WindowManagerShell:  try handler com.android.wm.shell.splitscreen.StageCoordinator@b6ff0bb
12-09 11:54:39.552  1464  1519 V WindowManagerShell:  try handler com.android.wm.shell.transition.RemoteTransitionHandler@5a4a9d8
12-09 11:54:39.552  1464  1519 V WindowManagerShell: Transition doesn't have explicit remote, search filters for match for {id=675 t=OPEN f=0x0 trk=0 r=[0@Point(0, 0)] c=[{WCT{android.window.IWindowContainerToken$Stub$Proxy@1f8d6f0} m=TO_FRONT f=MOVE_TO_TOP leash=Surface(name=Task=266#9335)/@0xd09be6d sb=Rect(0, 0 - 1200, 2000) eb=Rect(0, 0 - 1200, 2000) d=0},{WCT{android.window.IWindowContainerToken$Stub$Proxy@610d469} m=TO_BACK f=SHOW_WALLPAPER leash=Surface(name=Task=1#46)/@0xa797aa2 sb=Rect(0, 0 - 1200, 2000) eb=Rect(0, 0 - 1200, 2000) d=0}]}
12-09 11:54:39.552  1464  1519 V WindowManagerShell:  Checking filter Pair{{types=[] flags=0x0] notFlags=0x100 checks=[{atype=home independent=true modes=[OPEN,TO_FRONT] flags=NONE mustBeTask=false order=TOP topActivity=ComponentInfo{com.android.launcher3/com.android.searchlauncher.SearchLauncher}},{atype=standard independent=true modes=[CLOSE,TO_BACK] flags=NONE mustBeTask=false order=ANY topActivity=null}]} RemoteTransition { remoteTransition = android.window.IRemoteTransition$Stub$Proxy@7ac1801, appThread = android.app.IApplicationThread$Stub$Proxy@55cb6a6, debugName = QuickstepLaunchHome }}
12-09 11:54:39.552  1464  1519 V WindowManagerShell:  Delegate animation for #675 to null
12-09 11:54:39.552  1464  1519 V WindowManagerShell:  try handler com.android.wm.shell.transition.DefaultTransitionHandler@7ec5131
12-09 11:54:39.552  1464  1519 V WindowManagerShell: start default transition animation, info = {id=675 t=OPEN f=0x0 trk=0 r=[0@Point(0, 0)] c=[{WCT{android.window.IWindowContainerToken$Stub$Proxy@1f8d6f0} m=TO_FRONT f=MOVE_TO_TOP leash=Surface(name=Task=266#9335)/@0xd09be6d sb=Rect(0, 0 - 1200, 2000) eb=Rect(0, 0 - 1200, 2000) d=0},{WCT{android.window.IWindowContainerToken$Stub$Proxy@610d469} m=TO_BACK f=SHOW_WALLPAPER leash=Surface(name=Task=1#46)/@0xa797aa2 sb=Rect(0, 0 - 1200, 2000) eb=Rect(0, 0 - 1200, 2000) d=0}]}
12-09 11:54:39.553  1464  1519 V WindowManagerShell: loadAnimation: anim=android.view.animation.AnimationSet@cfc5f8f animAttr=0x13 type=OPEN isEntrance=false
12-09 11:54:39.554  1464  1519 V WindowManagerShell: loadAnimation: anim=android.view.animation.AnimationSet@5e965ab animAttr=0x12 type=OPEN isEntrance=true
12-09 11:54:39.556  1464  1519 V WindowManagerShell:  animated by com.android.wm.shell.transition.DefaultTransitionHandler@7ec5131
12-09 11:54:39.589  1069  2848 W ActivityTaskManager: setResumedActivity on non-leaf task fragment Task{88af018 #266 type=standard A=1000:com.android.settings}
12-09 11:54:39.597  1464  1519 V WindowManagerShell: Transition requested: android.os.BinderProxy@3a41cdd TransitionRequestInfo { type = OPEN, triggerTask = null, remoteTransition = null, displayChange = null }
12-09 11:54:39.609  1069  2848 I ActivityTaskManager: START u0 {act=android.settings.APPLICATION_DETAILS_SETTINGS dat=package: flg=0x2408000 cmp=com.android.settings/.applications.InstalledAppDetails bnds=[654,496][1032,587] (has extras)} with LAUNCH_MULTIPLE from uid 1000 pid 1840 (BAL_ALLOW_ALLOWLISTED_UID) result code=START_SUCCESS
12-09 11:54:39.610  1069  1522 D WindowManager: finishDrawingLocked: merge with mWin.mSyncTransaction!!! ,mWin = Window{57d6558 u0 Splash Screen com.android.settings}, [type=3]-[Surface(name=*Title#9611)/@0x4f19796, shown=false, alpha=0.0, windowType=3] ,inputHandle = 57d6558 Splash Screen com.android.settings, frame=[0,0,0,0], touchableRegion=SkRegion((0,0,1200,2000)), scaleFactor=1.0, transform=null, windowToken=android.os.BinderProxy@f906a3b, displayId=0, isClone=false, packageName=com.android.settings, ownerPid=1464, touchableRegionSurfaceControl=java.lang.ref.WeakReference@d82b4ff, replaceTouchableRegionWithCrop=false, changed=false
12-09 11:54:39.618  1069  2848 E UserRestrictionsUtils: Unknown restriction queried by uid 1000 (com.android.settings et al): null
12-09 11:54:39.663  1069  1522 V BroadcastQueue: Enqueuing BroadcastRecord{7c444f7 android.intent.action.BATTERY_CHANGED/u-1} from uid -1 pid -1 for 1 receivers
12-09 11:54:39.687  1069  1522 I ActivityTaskManager: delivered LaunchActivityItem: ActivityRecord{b03aca0 u0 com.android.settings/.applications.InstalledAppDetails t266 d0}
12-09 11:54:39.687  1069  1522 D WindowManager: setFocusedApp mFocusedApp = ActivityRecord{b03aca0 u0 com.android.settings/.applications.InstalledAppDetails t266 d0}displayId = 0Callers = com.android.server.wm.ActivityTaskManagerService.setLastResumedActivityUncheckLocked:4928 com.android.server.wm.ActivityTaskSupervisor.updateTopResumedActivityIfNeeded:2416 com.android.server.wm.TaskFragment.setResumedActivity:604 com.android.server.wm.TaskFragment.onActivityStateChanged:900 
12-09 11:54:39.702  1069  1514 D CoreBackPreview: Window{7b8dbef u0 com.android.settings/com.android.settings.homepage.DeepLinkHomepageActivity}, [type=1]*noSurface: Setting back callback OnBackInvokedCallbackInfo{mCallback=android.window.IOnBackInvokedCallback$Stub$Proxy@60f4101, mPriority=-1, mIsAnimationCallback=false}
12-09 11:54:39.724  1464  1519 V WindowManagerShell: Transition animation finished (aborted=false), notifying core (#675)android.os.BinderProxy@9a6f0f2@0
12-09 11:54:39.726  1069  1219 V WindowManager: Finish Transition #675: created at 12-09 11:54:39.440 collect-started=0.088ms request-sent=13.568ms started=23.11ms ready=104.004ms sent=108.044ms finished=284.55ms
12-09 11:54:39.727  1464  1519 V WindowManagerShell: Track 0 became idle
12-09 11:54:39.823  1840  1840 W LocaleConfig: The resource file pointed to by the given resource ID isn't found.
12-09 11:54:39.825  1840  1840 W LocaleConfig: The resource file pointed to by the given resource ID isn't found.
12-09 11:54:39.853  1069  1514 I ActivityTaskManager: START u0 {cmp=com.android.settings/.spa.SpaActivity (has extras)} with LAUNCH_MULTIPLE from uid 1000 pid 1840 (BAL_ALLOW_ALLOWLISTED_UID) result code=START_SUCCESS
12-09 11:54:39.868  1069  2848 I ActivityTaskManager: delivered LaunchActivityItem: ActivityRecord{5e8ad83 u0 com.android.settings/.spa.SpaActivity t266 d0}
12-09 11:54:39.868  1069  2848 D WindowManager: setFocusedApp mFocusedApp = ActivityRecord{5e8ad83 u0 com.android.settings/.spa.SpaActivity t266 d0}displayId = 0Callers = com.android.server.wm.ActivityTaskManagerService.setLastResumedActivityUncheckLocked:4928 com.android.server.wm.ActivityTaskSupervisor.updateTopResumedActivityIfNeeded:2416 com.android.server.wm.TaskFragment.setResumedActivity:604 com.android.server.wm.TaskFragment.onActivityStateChanged:900 
12-09 11:54:39.882  1069  1219 V WindowManager: Sent Transition #676 createdAt=12-09 11:54:39.586 via request=TransitionRequestInfo { type = OPEN, triggerTask = null, remoteTransition = null, displayChange = null }
12-09 11:54:39.882  1069  1219 V WindowManager:     startWCT=WindowContainerTransaction { changes = {} hops = [] errorCallbackToken=null taskFragmentOrganizer=null }
12-09 11:54:39.882  1069  1219 V WindowManager:     info={id=676 t=OPEN f=0x0 trk=1 r=[0@Point(0, 0)] c=[{WCT{RemoteToken{953ca56 TaskFragment{48c1e21 mode=fullscreen}}} m=OPEN f=IN_TASK_WITH_EMBEDDED_ACTIVITY|FILLS_TASK|IS_BEHIND_STARTING_WINDOW leash=Surface(name=TaskFragment{48c1e21 mode=fullscreen}#9616)/@0xd442a18 sb=Rect(0, 0 - 1200, 2000) eb=Rect(0, 0 - 1200, 2000) d=0},{null m=TO_BACK f=IN_TASK_WITH_EMBEDDED_ACTIVITY|FILLS_TASK|IS_BEHIND_STARTING_WINDOW|IS_OCCLUDED leash=Surface(name=ActivityRecord{2878770 u0 com.android.settings/.homepage.DeepLinkHomepageActivity#9612)/@0xb40d488 sb=Rect(0, 0 - 1200, 2000) eb=Rect(0, 0 - 1200, 2000) d=0 lastParent=WCT{RemoteToken{1ea46a9 Task{88af018 #266 type=standard A=1000:com.android.settings}}}},{null m=TO_BACK f=IS_WALLPAPER leash=Surface(name=WallpaperWindowToken{7aeb8a2 token=android.os.Binder@f5346d}#65)/@0xafa31d4 sb=Rect(0, 0 - 1200, 2000) eb=Rect(0, 0 - 1200, 2000) d=0}]}
12-09 11:54:39.883  1464  1519 V WindowManagerShell: onTransitionReady android.os.BinderProxy@3a41cdd: {id=676 t=OPEN f=0x0 trk=1 r=[0@Point(0, 0)] c=[{WCT{android.window.IWindowContainerToken$Stub$Proxy@8330a95} m=OPEN f=IN_TASK_WITH_EMBEDDED_ACTIVITY|FILLS_TASK|IS_BEHIND_STARTING_WINDOW leash=Surface(name=TaskFragment{48c1e21 mode=fullscreen}#9616)/@0x1caa9d9 sb=Rect(0, 0 - 1200, 2000) eb=Rect(0, 0 - 1200, 2000) d=0},{null m=TO_BACK f=IN_TASK_WITH_EMBEDDED_ACTIVITY|FILLS_TASK|IS_BEHIND_STARTING_WINDOW|IS_OCCLUDED leash=Surface(name=ActivityRecord{2878770 u0 com.android.settings/.homepage.DeepLinkHomepageActivity#9612)/@0x9e09f9e sb=Rect(0, 0 - 1200, 2000) eb=Rect(0, 0 - 1200, 2000) d=0 lastParent=WCT{android.window.IWindowContainerToken$Stub$Proxy@f3317aa}},{null m=TO_BACK f=IS_WALLPAPER leash=Surface(name=WallpaperWindowToken{7aeb8a2 token=android.os.Binder@f5346d}#65)/@0x77a4a7f sb=Rect(0, 0 - 1200, 2000) eb=Rect(0, 0 - 1200, 2000) d=0}]}
12-09 11:54:39.883  1464  1519 V WindowManagerShell: Playing animation for (#676)android.os.BinderProxy@3a41cdd@1
12-09 11:54:39.884  1464  1519 V WindowManagerShell:  try handler com.android.wm.shell.transition.DefaultMixedHandler@940f8e8
12-09 11:54:39.884  1464  1519 V WindowManagerShell:  try handler com.android.wm.shell.keyguard.KeyguardTransitionHandler@985599f
12-09 11:54:39.884  1464  1519 V WindowManagerShell:  try handler com.android.wm.shell.activityembedding.ActivityEmbeddingController@f0fcaec
12-09 11:54:39.884  1464  1519 V WindowManagerShell:  try handler com.android.wm.shell.recents.RecentsTransitionHandler@8157eb5
12-09 11:54:39.884  1464  1519 V ShellRecents: RecentsTransitionHandler.startAnimation: no controller found
12-09 11:54:39.884  1464  1519 V WindowManagerShell:  try handler com.android.wm.shell.pip.PipTransition@2c0494a
12-09 11:54:39.884  1464  1519 V WindowManagerShell:  try handler com.android.wm.shell.splitscreen.StageCoordinator@b6ff0bb
12-09 11:54:39.884  1464  1519 V WindowManagerShell:  try handler com.android.wm.shell.transition.RemoteTransitionHandler@5a4a9d8
12-09 11:54:39.884  1464  1519 V WindowManagerShell: Transition doesn't have explicit remote, search filters for match for {id=676 t=OPEN f=0x0 trk=1 r=[0@Point(0, 0)] c=[{WCT{android.window.IWindowContainerToken$Stub$Proxy@8330a95} m=OPEN f=IN_TASK_WITH_EMBEDDED_ACTIVITY|FILLS_TASK|IS_BEHIND_STARTING_WINDOW leash=Surface(name=TaskFragment{48c1e21 mode=fullscreen}#9616)/@0x1caa9d9 sb=Rect(0, 0 - 1200, 2000) eb=Rect(0, 0 - 1200, 2000) d=0},{null m=TO_BACK f=IN_TASK_WITH_EMBEDDED_ACTIVITY|FILLS_TASK|IS_BEHIND_STARTING_WINDOW|IS_OCCLUDED leash=Surface(name=ActivityRecord{2878770 u0 com.android.settings/.homepage.DeepLinkHomepageActivity#9612)/@0x9e09f9e sb=Rect(0, 0 - 1200, 2000) eb=Rect(0, 0 - 1200, 2000) d=0 lastParent=WCT{android.window.IWindowContainerToken$Stub$Proxy@f3317aa}},{null m=TO_BACK f=IS_WALLPAPER leash=Surface(name=WallpaperWindowToken{7aeb8a2 token=android.os.Binder@f5346d}#65)/@0x77a4a7f sb=Rect(0, 0 - 1200, 2000) eb=Rect(0, 0 - 1200, 2000) d=0}]}
12-09 11:54:39.885  1464  1519 V WindowManagerShell:  Checking filter Pair{{types=[] flags=0x0] notFlags=0x100 checks=[{atype=home independent=true modes=[OPEN,TO_FRONT] flags=NONE mustBeTask=false order=TOP topActivity=ComponentInfo{com.android.launcher3/com.android.searchlauncher.SearchLauncher}},{atype=standard independent=true modes=[CLOSE,TO_BACK] flags=NONE mustBeTask=false order=ANY topActivity=null}]} RemoteTransition { remoteTransition = android.window.IRemoteTransition$Stub$Proxy@7ac1801, appThread = android.app.IApplicationThread$Stub$Proxy@55cb6a6, debugName = QuickstepLaunchHome }}
12-09 11:54:39.885  1464  1519 V WindowManagerShell:  Delegate animation for #676 to null
12-09 11:54:39.885  1464  1519 V WindowManagerShell:  try handler com.android.wm.shell.transition.DefaultTransitionHandler@7ec5131
12-09 11:54:39.885  1464  1519 V WindowManagerShell: start default transition animation, info = {id=676 t=OPEN f=0x0 trk=1 r=[0@Point(0, 0)] c=[{WCT{android.window.IWindowContainerToken$Stub$Proxy@8330a95} m=OPEN f=IN_TASK_WITH_EMBEDDED_ACTIVITY|FILLS_TASK|IS_BEHIND_STARTING_WINDOW leash=Surface(name=TaskFragment{48c1e21 mode=fullscreen}#9616)/@0x1caa9d9 sb=Rect(0, 0 - 1200, 2000) eb=Rect(0, 0 - 1200, 2000) d=0},{null m=TO_BACK f=IN_TASK_WITH_EMBEDDED_ACTIVITY|FILLS_TASK|IS_BEHIND_STARTING_WINDOW|IS_OCCLUDED leash=Surface(name=ActivityRecord{2878770 u0 com.android.settings/.homepage.DeepLinkHomepageActivity#9612)/@0x9e09f9e sb=Rect(0, 0 - 1200, 2000) eb=Rect(0, 0 - 1200, 2000) d=0 lastParent=WCT{android.window.IWindowContainerToken$Stub$Proxy@f3317aa}},{null m=TO_BACK f=IS_WALLPAPER leash=Surface(name=WallpaperWindowToken{7aeb8a2 token=android.os.Binder@f5346d}#65)/@0x77a4a7f sb=Rect(0, 0 - 1200, 2000) eb=Rect(0, 0 - 1200, 2000) d=0}]}
12-09 11:54:39.886  1464  1519 V WindowManagerShell: Transition animation finished (aborted=false), notifying core (#676)android.os.BinderProxy@3a41cdd@1
12-09 11:54:39.889  1069  1219 V WindowManager: Finish Transition #676: created at 12-09 11:54:39.586 collect-started=0.062ms request-sent=10.451ms started=11.874ms ready=289.278ms sent=293.592ms finished=301.376ms
12-09 11:54:39.892  1464  1519 V WindowManagerShell: Track 1 became idle
12-09 11:54:39.892  1464  1519 V WindowManagerShell: All active transition animations finished
12-09 11:54:39.892  1464  1519 V WindowManagerShell:  animated by com.android.wm.shell.transition.DefaultTransitionHandler@7ec5131
12-09 11:54:39.892  1464  1519 V WindowManagerShell: Track 1 became idle
12-09 11:54:39.892  1464  1519 V WindowManagerShell: All active transition animations finished
12-09 11:54:39.899  1069  1210 I ActivityTaskManager: checkReadyForSleepLocked int true
12-09 11:54:39.935  1069  2819 D CoreBackPreview: Window{73058ee u0 com.android.settings/com.android.settings.spa.SpaActivity}, [type=1]*noSurface: Setting back callback OnBackInvokedCallbackInfo{mCallback=android.window.IOnBackInvokedCallback$Stub$Proxy@1d68cf5, mPriority=0, mIsAnimationCallback=false}
12-09 11:54:39.942  1069  2819 I WindowManager: Input focus has changed to Window{73058ee u0 com.android.settings/com.android.settings.spa.SpaActivity}, [type=1]-[Surface(name=*Title#9625)/@0xd4bcccf, shown=false, alpha=0.0, windowType=1] from acb98f2 com.android.launcher3/com.android.searchlauncher.SearchLauncher mDisplayId 0 updateInputWindows true
12-09 11:54:39.943  1069  2819 D UnisocDisplayJamMonitorImpl: Switch focus to Window{73058ee u0 com.android.settings/com.android.settings.spa.SpaActivity}, [type=1]-[Surface(name=*Title#9625)/@0xd4bcccf, shown=false, alpha=0.0, windowType=1] on APP(ActivityRecord{5e8ad83 u0 com.android.settings/.spa.SpaActivity t266 d0}) from null, newWindowHandle = 73058ee com.android.settings/com.android.settings.spa.SpaActivity, frame=[0,0,0,0], touchableRegion=SkRegion(), scaleFactor=0.0, transform=null, windowToken=null, displayId=0, isClone=false, packageName=com.android.settings, ownerPid=1840, touchableRegionSurfaceControl=java.lang.ref.WeakReference@d839c48, replaceTouchableRegionWithCrop=false, changed=true mGlobalScale=1.0 mCompatScale=1.0 mInvGlobalScale=1.0
12-09 11:54:40.072  1069  1222 W ActivityTaskManager: onActivityStateChanged on non-leaf task fragment Task{88af018 #266 type=standard A=1000:com.android.settings}
12-09 11:54:40.072  1069  1222 W ActivityTaskManager: onActivityStateChanged on non-leaf task fragment Task{88af018 #266 type=standard A=1000:com.android.settings}
12-09 11:54:40.085  1840 19256 W LocaleConfig: The resource file pointed to by the given resource ID isn't found.
12-09 11:54:40.160  1069  2624 W ActivityTaskManager: onActivityStateChanged on non-leaf task fragment Task{88af018 #266 type=standard A=1000:com.android.settings}
12-09 11:54:40.167  1069  2819 W PackageConfigPersister: App-specific configuration not found for packageName: com.android.settings and userId: 0
12-09 11:54:40.190  1069  1347 D ActivityManager: Skip enqueue broadcast because no receiver with Intent { act=com.android.server.action.NETWORK_STATS_UPDATED flg=0x40000010 }
12-09 11:54:40.193  1069  2819 I ActivityTaskManager: checkReadyForSleepLocked int true
12-09 11:54:40.204  1069  1347 D ActivityManager: Skip enqueue broadcast because no receiver with Intent { act=com.android.server.action.NETWORK_STATS_UPDATED flg=0x40000010 }
12-09 11:54:40.221  1069  1347 D ActivityManager: Skip enqueue broadcast because no receiver with Intent { act=com.android.server.action.NETWORK_STATS_UPDATED flg=0x40000010 }
12-09 11:54:40.242  1069  1347 D ActivityManager: Skip enqueue broadcast because no receiver with Intent { act=com.android.server.action.NETWORK_STATS_UPDATED flg=0x40000010 }
12-09 11:54:40.255  1069  1347 D ActivityManager: Skip enqueue broadcast because no receiver with Intent { act=com.android.server.action.NETWORK_STATS_UPDATED flg=0x40000010 }
12-09 11:54:40.259  1069  1821 D PerformanceDatabaseControl: querymem pkgName = com.android.settings
12-09 11:54:40.260  1069  1821 D PerformanceDatabaseControl: querycount pkgName = com.android.settings
12-09 11:54:40.260  1069  1821 D PerformanceDatabaseControl: updateDatabase pkgName = com.android.settings
12-09 11:54:40.271  1069  1347 D ActivityManager: Skip enqueue broadcast because no receiver with Intent { act=com.android.server.action.NETWORK_STATS_UPDATED flg=0x40000010 }
12-09 11:54:40.285  1069  1347 D ActivityManager: Skip enqueue broadcast because no receiver with Intent { act=com.android.server.action.NETWORK_STATS_UPDATED flg=0x40000010 }
12-09 11:54:40.298  1069  1347 D ActivityManager: Skip enqueue broadcast because no receiver with Intent { act=com.android.server.action.NETWORK_STATS_UPDATED flg=0x40000010 }
12-09 11:54:40.308  1069  1347 D ActivityManager: Skip enqueue broadcast because no receiver with Intent { act=com.android.server.action.NETWORK_STATS_UPDATED flg=0x40000010 }
12-09 11:54:40.320  1069  1347 D ActivityManager: Skip enqueue broadcast because no receiver with Intent { act=com.android.server.action.NETWORK_STATS_UPDATED flg=0x40000010 }
12-09 11:54:40.331  1069  1347 D ActivityManager: Skip enqueue broadcast because no receiver with Intent { act=com.android.server.action.NETWORK_STATS_UPDATED flg=0x40000010 }
12-09 11:54:40.343  1069  1347 D ActivityManager: Skip enqueue broadcast because no receiver with Intent { act=com.android.server.action.NETWORK_STATS_UPDATED flg=0x40000010 }
12-09 11:54:40.355  1069  1347 D ActivityManager: Skip enqueue broadcast because no receiver with Intent { act=com.android.server.action.NETWORK_STATS_UPDATED flg=0x40000010 }
12-09 11:54:40.541  1840 19274 W ContextImpl: Calling a method in the system process without a qualified user: android.app.ContextImpl.sendBroadcast:1220 android.content.ContextWrapper.sendBroadcast:504 com.android.settings.fuelgauge.batteryusage.BootBroadcastReceiver.invokeJobRecheck:58 com.android.settings.fuelgauge.batteryusage.BatteryUsageContentProvider.lambda$getBatteryStates$0:192 com.android.settings.fuelgauge.batteryusage.BatteryUsageContentProvider.$r8$lambda$GIZ8kfDQ4FGsQc1MEnYvlHwj8ts:0 
12-09 11:54:40.542  1069  1209 V BroadcastQueue: Enqueuing BroadcastRecord{efdb877 com.android.settings.battery.action.PERIODIC_JOB_RECHECK/u0} from uid 1000 pid 1840 for 1 receivers
12-09 11:54:40.543  1840 18272 W ContextImpl: Calling a method in the system process without a qualified user: android.app.ContextImpl.sendBroadcast:1220 android.content.ContextWrapper.sendBroadcast:504 com.android.settings.fuelgauge.batteryusage.BootBroadcastReceiver.invokeJobRecheck:58 com.android.settings.fuelgauge.batteryusage.BatteryUsageContentProvider.lambda$getBatteryStates$0:192 com.android.settings.fuelgauge.batteryusage.BatteryUsageContentProvider.$r8$lambda$GIZ8kfDQ4FGsQc1MEnYvlHwj8ts:0 
12-09 11:54:40.546  1069  1522 V BroadcastQueue: Enqueuing BroadcastRecord{bd80350 com.android.settings.battery.action.PERIODIC_JOB_RECHECK/u0} from uid 1000 pid 1840 for 1 receivers
12-09 11:54:40.546  1069  1209 V AlarmManager: set(PendingIntent{bdbf949: PendingIntentRecord{a13924e com.android.settings broadcastIntent}}) : type=0 listener=null listenerTag=null workSource=null callingPackage=com.android.settings callingUid=1000 triggerAtTime=1765314000000 win=0 tElapsed=332617728 maxElapsed=332617728 interval=0 flags=0x9
12-09 11:54:40.550  1069  1209 V AlarmManager: set(PendingIntent{da48881: PendingIntentRecord{56b9d26 com.android.settings broadcastIntent}}) : type=0 listener=null listenerTag=null workSource=null callingPackage=com.android.settings callingUid=1000 triggerAtTime=1765314000000 win=0 tElapsed=332617727 maxElapsed=332617727 interval=0 flags=0x9
12-09 11:54:41.399  1069  1522 D UnisocDisplayJamMonitorImpl: Switch focus to Window{2e11e36 u0 com.android.settings/com.android.settings.spa.SpaActivity}, [type=2]*noSurface on APP(ActivityRecord{5e8ad83 u0 com.android.settings/.spa.SpaActivity t266 d0}) from Window{73058ee u0 com.android.settings/com.android.settings.spa.SpaActivity}, [type=1]-[Surface(name=*Title#9625)/@0xd4bcccf, shown=false, alpha=0.0, windowType=1], newWindowHandle = 2e11e36 com.android.settings/com.android.settings.spa.SpaActivity, frame=[0,0,0,0], touchableRegion=SkRegion(), scaleFactor=0.0, transform=null, windowToken=null, displayId=0, isClone=false, packageName=com.android.settings, ownerPid=1840, touchableRegionSurfaceControl=java.lang.ref.WeakReference@8c1d910, replaceTouchableRegionWithCrop=false, changed=true mGlobalScale=1.0 mCompatScale=1.0 mInvGlobalScale=1.0
12-09 11:54:41.399  1069  1522 I WindowManager: Input focus has changed to Window{2e11e36 u0 com.android.settings/com.android.settings.spa.SpaActivity}, [type=2]*noSurface from 73058ee com.android.settings/com.android.settings.spa.SpaActivity mDisplayId 0 updateInputWindows false
12-09 11:54:41.417  1069  1522 D CoreBackPreview: Window{2e11e36 u0 com.android.settings/com.android.settings.spa.SpaActivity}, [type=2]*noSurface: Setting back callback OnBackInvokedCallbackInfo{mCallback=android.window.IOnBackInvokedCallback$Stub$Proxy@d0c7c09, mPriority=0, mIsAnimationCallback=false}
12-09 11:54:41.455  1069  1223 D WindowManager: isSupportDynamicNavbar user0, navBarMode = 2, is3buttonModeNavbar = false
12-09 11:54:41.460  1069  1522 D WindowManager: isSupportDynamicNavbar user0, navBarMode = 2, is3buttonModeNavbar = false
12-09 11:54:41.466  1069  1223 D WindowManager: isSupportDynamicNavbar user0, navBarMode = 2, is3buttonModeNavbar = false
12-09 11:54:41.504  1069  1223 D WindowManager: isSupportDynamicNavbar user0, navBarMode = 2, is3buttonModeNavbar = false
12-09 11:54:41.507  1069  1514 W PackageConfigPersister: App-specific configuration not found for packageName: com.android.settings and userId: 0
12-09 11:54:41.691  1069  1223 D WindowManager: isSupportDynamicNavbar user0, navBarMode = 2, is3buttonModeNavbar = false
12-09 11:54:41.709  1069  1223 D WindowManager: isSupportDynamicNavbar user0, navBarMode = 2, is3buttonModeNavbar = false
12-09 11:54:42.282  1069  1522 I ActivityManager: forceStop Package:com.example.stripeterminalreactnative from pid:1840 uid:1000 Caller:com.android.server.am.ActivityManagerService.forceStopPackage:3885 android.app.IActivityManager$Stub.onTransact:3511 com.android.server.am.ActivityManagerService.onTransact:2796 android.os.Binder.execTransactInternal:1344 android.os.Binder.execTransact:1275 <bottom of call stack> 
12-09 11:54:42.285  1069  1522 I ActivityManager: Force stopping com.example.stripeterminalreactnative appid=10276 user=0: from pid 1840
12-09 11:54:42.289  1069  1522 I ActivityManager: Killing 18842:com.example.stripeterminalreactnative/u0a276 (adj 900): stop com.example.stripeterminalreactnative due to from pid 1840
